Microchip Technology Inc, v2.10 (B)

Tool Name:
  c:\program files\microchip\xc16\v2.10\bin\bin\..\bin/elf-ld.exe

Command:
  -p33FJ256GP710A \
  --mdfp=C:/Program Files/Microchip/MPLABX/v6.30/packs/Microchip/dsPIC33F-GP-MC_DFP/1.4.235/xc16 \
  -o \
  dist/default/production/MatrixPilot-udb5.X.production.elf \
  -Lc:/program files/microchip/xc16/v2.10/bin/bin/.. \
  -LC:/Program Files/Microchip/MPLABX/v6.30/packs/Microchip/dsPIC33F-GP-MC_DFP/1.4.235/xc16/bin/../support/PIC24H/gld \
  -LC:/Program Files/Microchip/MPLABX/v6.30/packs/Microchip/dsPIC33F-GP-MC_DFP/1.4.235/xc16/bin/../support/dsPIC33F/gld \
  -Lc:/program files/microchip/xc16/v2.10/bin/bin/../../lib \
  -Lc:/program files/microchip/xc16/v2.10/bin/bin/../../support/PIC24E/gld \
  -Lc:/program files/microchip/xc16/v2.10/bin/bin/../../support/PIC24F/gld \
  -Lc:/program files/microchip/xc16/v2.10/bin/bin/../../support/PIC24H/gld \
  -Lc:/program files/microchip/xc16/v2.10/bin/bin/../../support/dsPIC30F/gld \
  -Lc:/program files/microchip/xc16/v2.10/bin/bin/../../support/dsPIC33C/gld \
  -Lc:/program files/microchip/xc16/v2.10/bin/bin/../../support/dsPIC33E/gld \
  -Lc:/program files/microchip/xc16/v2.10/bin/bin/../../support/dsPIC33F/gld \
  build/default/production/_ext/1077471063/deadReckoning.o \
  build/default/production/_ext/1077471063/estAirspeed.o \
  build/default/production/_ext/1077471063/estAltitude.o \
  build/default/production/_ext/1077471063/estLocation.o \
  build/default/production/_ext/1077471063/estWind.o \
  build/default/production/_ext/1077471063/estYawDrift.o \
  build/default/production/_ext/1077471063/gpsData.o \
  build/default/production/_ext/1077471063/gpsParseCommon.o \
  build/default/production/_ext/1077471063/gpsParseMTEK.o \
  build/default/production/_ext/1077471063/gpsParseNMEA.o \
  build/default/production/_ext/1077471063/gpsParseSTD.o \
  build/default/production/_ext/1077471063/gpsParseUBX.o \
  build/default/production/_ext/1077471063/hilsim.o \
  build/default/production/_ext/1077471063/libDCM.o \
  build/default/production/_ext/1077471063/mag_drift.o \
  build/default/production/_ext/1077471063/mathlib.o \
  build/default/production/_ext/1077471063/mathlibNAV.o \
  build/default/production/_ext/1077471063/rmat.o \
  build/default/production/_ext/1864667112/AT45D.o \
  build/default/production/_ext/1864667112/AT45D_DMA.o \
  build/default/production/_ext/1864667112/AT45D_FS.o \
  build/default/production/_ext/1864667112/EEPROM.o \
  build/default/production/_ext/1864667112/EEPROM_FS.o \
  build/default/production/_ext/1864667112/filesys.o \
  build/default/production/_ext/1864667112/MDD_AT45D.o \
  build/default/production/_ext/1864667112/MDD_EEPROM.o \
  build/default/production/_ext/1864667112/usb.o \
  build/default/production/_ext/1864667112/usb_cdc.o \
  build/default/production/_ext/1864667112/usb_descriptors.o \
  build/default/production/_ext/1864667112/usb_msd.o \
  build/default/production/_ext/1077454706/24LC256.o \
  build/default/production/_ext/1077454706/ADchannel.o \
  build/default/production/_ext/1077454706/analog2digital_auav3.o \
  build/default/production/_ext/1077454706/analog2digital_udb4.o \
  build/default/production/_ext/1077454706/analog2digital_udb5.o \
  build/default/production/_ext/1077454706/analogs.o \
  build/default/production/_ext/1077454706/background.o \
  build/default/production/_ext/1077454706/barometer.o \
  build/default/production/_ext/1077454706/cll_io.o \
  build/default/production/_ext/1077454706/eeprom_udb4.o \
  build/default/production/_ext/1077454706/events.o \
  build/default/production/_ext/1077454706/fbcl.o \
  build/default/production/_ext/1077454706/heartbeat.o \
  build/default/production/_ext/1077454706/I2C1.o \
  build/default/production/_ext/1077454706/I2C2.o \
  build/default/production/_ext/1077454706/libUDB.o \
  build/default/production/_ext/1077454706/magnetometer.o \
  build/default/production/_ext/1077454706/mcu.o \
  build/default/production/_ext/1077454706/mpu6000.o \
  build/default/production/_ext/1077454706/mpu_spi.o \
  build/default/production/_ext/1077454706/osd.o \
  build/default/production/_ext/1077454706/osd_bit.o \
  build/default/production/_ext/1077454706/osd_spi.o \
  build/default/production/_ext/1077454706/radioIn.o \
  build/default/production/_ext/1077454706/read.o \
  build/default/production/_ext/1077454706/serialIO.o \
  build/default/production/_ext/1077454706/servoOut.o \
  build/default/production/_ext/1077454706/sonarIn.o \
  build/default/production/_ext/1077454706/traps.o \
  build/default/production/_ext/1077454706/traps_asm.o \
  build/default/production/_ext/1077454706/uart.o \
  build/default/production/_ext/1077454706/write.o \
  build/default/production/_ext/1077454706/Lidar.o \
  build/default/production/_ext/679848855/madd.o \
  build/default/production/_ext/679848855/mmul.o \
  build/default/production/_ext/679848855/mscl.o \
  build/default/production/_ext/679848855/msub.o \
[...]
Memory Configuration

Name             Origin             Length             Attributes
data             0x000800           0x007800           a !xr
reset            0x000000           0x000004  
ivt              0x000004           0x0000fc  
_reserved        0x000100           0x000004  
aivt             0x000104           0x0000fc  
program          0x000200           0x02aa00           xr
FBS              0xf80000           0x000002  
FSS              0xf80002           0x000002  
FGS              0xf80004           0x000002  
FOSCSEL          0xf80006           0x000002  
FOSC             0xf80008           0x000002  
FWDT             0xf8000a           0x000002  
FPOR             0xf8000c           0x000002  
FICD             0xf8000e           0x000002  
FUID0            0xf80010           0x000002  
FUID1            0xf80012           0x000002  
FUID2            0xf80014           0x000002  
FUID3            0xf80016           0x000002  
*default*        0x000000           0xffffffff  

Linker script and memory map

LOAD build/default/production/_ext/1077471063/deadReckoning.o
LOAD build/default/production/_ext/1077471063/estAirspeed.o
LOAD build/default/production/_ext/1077471063/estAltitude.o
LOAD build/default/production/_ext/1077471063/estLocation.o
LOAD build/default/production/_ext/1077471063/estWind.o
LOAD build/default/production/_ext/1077471063/estYawDrift.o
LOAD build/default/production/_ext/1077471063/gpsData.o
LOAD build/default/production/_ext/1077471063/gpsParseCommon.o
LOAD build/default/production/_ext/1077471063/gpsParseMTEK.o
LOAD build/default/production/_ext/1077471063/gpsParseNMEA.o
LOAD build/default/production/_ext/1077471063/gpsParseSTD.o
LOAD build/default/production/_ext/1077471063/gpsParseUBX.o
LOAD build/default/production/_ext/1077471063/hilsim.o
LOAD build/default/production/_ext/1077471063/libDCM.o
LOAD build/default/production/_ext/1077471063/mag_drift.o
LOAD build/default/production/_ext/1077471063/mathlib.o
LOAD build/default/production/_ext/1077471063/mathlibNAV.o
LOAD build/default/production/_ext/1077471063/rmat.o
LOAD build/default/production/_ext/1864667112/AT45D.o
LOAD build/default/production/_ext/1864667112/AT45D_DMA.o
LOAD build/default/production/_ext/1864667112/AT45D_FS.o
LOAD build/default/production/_ext/1864667112/EEPROM.o
LOAD build/default/production/_ext/1864667112/EEPROM_FS.o
LOAD build/default/production/_ext/1864667112/filesys.o
LOAD build/default/production/_ext/1864667112/MDD_AT45D.o
LOAD build/default/production/_ext/1864667112/MDD_EEPROM.o
LOAD build/default/production/_ext/1864667112/usb.o
LOAD build/default/production/_ext/1864667112/usb_cdc.o
LOAD build/default/production/_ext/1864667112/usb_descriptors.o
LOAD build/default/production/_ext/1864667112/usb_msd.o
LOAD build/default/production/_ext/1077454706/24LC256.o
LOAD build/default/production/_ext/1077454706/ADchannel.o
LOAD build/default/production/_ext/1077454706/analog2digital_auav3.o
LOAD build/default/production/_ext/1077454706/analog2digital_udb4.o
LOAD build/default/production/_ext/1077454706/analog2digital_udb5.o
LOAD build/default/production/_ext/1077454706/analogs.o
LOAD build/default/production/_ext/1077454706/background.o
LOAD build/default/production/_ext/1077454706/barometer.o
LOAD build/default/production/_ext/1077454706/cll_io.o
LOAD build/default/production/_ext/1077454706/eeprom_udb4.o
LOAD build/default/production/_ext/1077454706/events.o
LOAD build/default/production/_ext/1077454706/fbcl.o
LOAD build/default/production/_ext/1077454706/heartbeat.o
LOAD build/default/production/_ext/1077454706/I2C1.o
LOAD build/default/production/_ext/1077454706/I2C2.o
LOAD build/default/production/_ext/1077454706/libUDB.o
LOAD build/default/production/_ext/1077454706/magnetometer.o
LOAD build/default/production/_ext/1077454706/mcu.o
LOAD build/default/production/_ext/1077454706/mpu6000.o
LOAD build/default/production/_ext/1077454706/mpu_spi.o
LOAD build/default/production/_ext/1077454706/osd.o
LOAD build/default/production/_ext/1077454706/osd_bit.o
LOAD build/default/production/_ext/1077454706/osd_spi.o
LOAD build/default/production/_ext/1077454706/radioIn.o
LOAD build/default/production/_ext/1077454706/read.o
LOAD build/default/production/_ext/1077454706/serialIO.o
LOAD build/default/production/_ext/1077454706/servoOut.o
LOAD build/default/production/_ext/1077454706/sonarIn.o
LOAD build/default/production/_ext/1077454706/traps.o
LOAD build/default/production/_ext/1077454706/traps_asm.o
LOAD build/default/production/_ext/1077454706/uart.o
LOAD build/default/production/_ext/1077454706/write.o
LOAD build/default/production/_ext/1077454706/Lidar.o
LOAD build/default/production/_ext/679848855/madd.o
LOAD build/default/production/_ext/679848855/mmul.o
LOAD build/default/production/_ext/679848855/mscl.o
LOAD build/default/production/_ext/679848855/msub.o
LOAD build/default/production/_ext/679848855/mtrp.o
LOAD build/default/production/_ext/679848855/vadd.o
LOAD build/default/production/_ext/679848855/vcon.o
LOAD build/default/production/_ext/679848855/vcopy.o
LOAD build/default/production/_ext/679848855/vcor.o
LOAD build/default/production/_ext/679848855/vdot.o
LOAD build/default/production/_ext/679848855/vmax.o
LOAD build/default/production/_ext/679848855/vmin.o
LOAD build/default/production/_ext/679848855/vmul.o
LOAD build/default/production/_ext/679848855/vneg.o
LOAD build/default/production/_ext/679848855/vpow.o
LOAD build/default/production/_ext/679848855/vscl.o
LOAD build/default/production/_ext/679848855/vsub.o
LOAD build/default/production/_ext/679848855/vzpad.o
LOAD build/default/production/_ext/1363575369/airspeedCntrl.o
LOAD build/default/production/_ext/1363575369/altitudeCntrl.o
LOAD build/default/production/_ext/1363575369/altitudeCntrlVariable.o
LOAD build/default/production/_ext/1363575369/behavior.o
LOAD build/default/production/_ext/1363575369/cameraCntrl.o
LOAD build/default/production/_ext/1363575369/config.o
LOAD build/default/production/_ext/1363575369/config_tests.o
LOAD build/default/production/_ext/1363575369/console.o
LOAD build/default/production/_ext/1363575369/data_services.o
LOAD build/default/production/_ext/1363575369/data_storage.o
LOAD build/default/production/_ext/1363575369/euler_angles.o
LOAD build/default/production/_ext/1363575369/flight_state.o
LOAD build/default/production/_ext/1363575369/flightplan-logo.o
LOAD build/default/production/_ext/1363575369/flightplan-waypoints.o
LOAD build/default/production/_ext/1363575369/flightplan.o
LOAD build/default/production/_ext/1363575369/fly_by_datalink.o
LOAD build/default/production/_ext/1363575369/helicalTurnCntrl.o
LOAD build/default/production/_ext/1363575369/main.o
LOAD build/default/production/_ext/1363575369/MAVFlexiFunctions.o
LOAD build/default/production/_ext/1363575369/MAVLink.o
LOAD build/default/production/_ext/1363575369/MAVMission.o
LOAD build/default/production/_ext/1363575369/MAVParams.o
LOAD build/default/production/_ext/1363575369/MAVUDBExtra.o
LOAD build/default/production/_ext/1363575369/minim_osd.o
LOAD build/default/production/_ext/1363575369/minIni.o
LOAD build/default/production/_ext/1363575369/mode_switch.o
LOAD build/default/production/_ext/1363575369/mp_osd.o
LOAD build/default/production/_ext/1363575369/navigate.o
LOAD build/default/production/_ext/1363575369/nv_memory_table.o
LOAD build/default/production/_ext/1363575369/parameter_table.o
LOAD build/default/production/_ext/1363575369/parameter_table2.o
LOAD build/default/production/_ext/1363575369/parameter_table_init.o
LOAD build/default/production/_ext/1363575369/pitchCntrl.o
LOAD build/default/production/_ext/1363575369/preflight.o
LOAD build/default/production/_ext/1363575369/redef.o
LOAD build/default/production/_ext/1363575369/remzibi_osd.o
LOAD build/default/production/_ext/1363575369/ring_buffer.o
LOAD build/default/production/_ext/1363575369/rollCntrl.o
LOAD build/default/production/_ext/1363575369/servoMix.o
LOAD build/default/production/_ext/1363575369/servoPrepare.o
LOAD build/default/production/_ext/1363575369/sonarCntrl.o
LOAD build/default/production/_ext/1363575369/stack.o
LOAD build/default/production/_ext/1363575369/states.o
LOAD build/default/production/_ext/1363575369/telemetry.o
LOAD build/default/production/_ext/1363575369/telemetry_log.o
LOAD build/default/production/_ext/1363575369/yawCntrl.o
LOAD build/default/production/_ext/1472/motorCntrl.o
LOAD build/default/production/_ext/813967445/bittest.o
LOAD build/default/production/_ext/1940647236/MAVFTP.o
LOAD build/default/production/_ext/264835745/FSIO.o
LOAD build/default/production/_ext/264835745/SD-SPI.o
LOAD build/default/production/_ext/1836339082/usb_function_cdc.o
LOAD build/default/production/_ext/629040614/usb_function_msd.o
LOAD build/default/production/_ext/713068069/usb_device.o
LOAD build/default/production/_ext/713068069/usb_hal_dspic33e.o
                    0x0001                  __MPLAB_BUILD = 0x1
LOAD p33FJ256GP710A
LOAD c:/program files/microchip/xc16/v2.10/bin/bin/../../lib\libfx-elf.a
                    0xf80000                  __FBS = 0xf80000
                    0xf80002                  __FSS = 0xf80002
                    0xf80004                  __FGS = 0xf80004
                    0xf80006                  __FOSCSEL = 0xf80006
                    0xf80008                  __FOSC = 0xf80008
                    0xf8000a                  __FWDT = 0xf8000a
                    0xf8000c                  __FPOR = 0xf8000c
                    0xf8000e                  __FICD = 0xf8000e
                    0xf80010                  __FUID0 = 0xf80010
                    0xf80012                  __FUID1 = 0xf80012
                    0xf80014                  __FUID2 = 0xf80014
                    0xf80016                  __FUID3 = 0xf80016
                    0x0200                  __CODE_BASE = 0x200
                    0x2aa00                  __CODE_LENGTH = 0x2aa00
                    0x0004                  __IVT_BASE = 0x4
                    0x0104                  __AIVT_BASE = 0x104
                    0x0800                  __DATA_BASE = 0x800
                    0x7800                  __DATA_LENGTH = 0x7800
                    0x4800                  __YDATA_BASE = 0x4800
                    0x8000                  __YDATA_END = 0x8000
                    0x7800                  __DMA_BASE = 0x7800
                    0x7fff                  __DMA_END = 0x7fff

.reset            0x000000          0x4
                  0x000000          0x2 SHORT 0x200 ABSOLUTE (__reset)
                  0x000001          0x2 SHORT 0x4
                  0x000002          0x2 SHORT 0x0 ((ABSOLUTE (__reset) >> 0x10) & 0x7f)
                  0x000003          0x2 SHORT 0x0

.text             0x000200       0x5ee6
 *(.init)
 .init            0x000200         0x4c c:/program files/microchip/xc16/v2.10/bin/bin/../../lib\libc99-pic30-elf.a(crt0_standard.o)
                  0x000200                  __resetPRI
                  0x000200                  __reset
                  0x00023c                  __psv_init
 .init            0x00024c         0x7c c:/program files/microchip/xc16/v2.10/bin/bin/../../lib\libc99-pic30-elf.a(data_init_standard.o)
                  0x000252                  __data_init_standard
                  0x000252                  __data_init
 *(.user_init)
 *(.handle)
 .handle          0x0002c8        0x18c jump_table
 *(.isr*)
 .isr.text        0x000454        0x10c build/default/production/_ext/1077454706/analog2digital_udb5.o
                  0x000454                  __DMA0Interrupt
 .isr.text        0x000560         0xa6 build/default/production/_ext/1077454706/background.o
                  0x000560                  __T1Interrupt
                  0x00058a                  __T5Interrupt
                  0x0005a6                  __T6Interrupt
                  0x0005d6                  __T7Interrupt
 .isr.text        0x000606         0xd8 build/default/production/_ext/1077454706/events.o
                  0x000606                  __C2Interrupt
                  0x000672                  __C1Interrupt
 .isr.text        0x0006de         0x2a build/default/production/_ext/1077454706/I2C1.o
                  0x0006de                  __MI2C1Interrupt
 .isr.text        0x000708         0x2a build/default/production/_ext/1077454706/I2C2.o
                  0x000708                  __MI2C2Interrupt
 .isr.text        0x000732         0x2a build/default/production/_ext/1077454706/mpu6000.o
                  0x000732                  __INT3Interrupt
 .isr.text        0x00075c         0xb8 build/default/production/_ext/1077454706/mpu_spi.o
                  0x00075c                  __SPI2Interrupt
 .isr.text        0x000814        0x126 build/default/production/_ext/1077454706/serialIO.o
                  0x000814                  __U1TXInterrupt
                  0x000860                  __U1RXInterrupt
                  0x0008a2                  __U2TXInterrupt
                  0x0008f8                  __U2RXInterrupt
 .isr.text        0x00093a         0x2a build/default/production/_ext/1077454706/servoOut.o
                  0x00093a                  __T3Interrupt
 .isr.text        0x000964         0xce build/default/production/_ext/1077454706/traps.o
                  0x000964                  __OscillatorFail
                  0x000992                  __AddressError
                  0x0009ba                  __StackError
                  0x0009e2                  __MathError
                  0x000a0a                  __DMACError
 .isr             0x000a32          0x4 default_isr
                  0x000a32                  __DefaultInterrupt
 *(.libc)
 .libc            0x000a36         0xaa build/default/production/_ext/1077454706/read.o
                  0x000a36                  _read
 .libc            0x000ae0         0xb4 build/default/production/_ext/1077454706/write.o
                  0x000ae0                  _write
 .libc            0x000b94         0x10 c:/program files/microchip/xc16/v2.10/bin/bin/../../lib\libc99-pic30-elf.a(_exit.Meo)
                  0x000b94                  __exit
 .libc            0x000ba4         0x22 c:/program files/microchip/xc16/v2.10/bin/bin/../../lib\libc99-pic30-elf.a(open.Meo)
                  0x000ba4                  _open
 .libc            0x000bc6         0x12 c:/program files/microchip/xc16/v2.10/bin/bin/../../lib\libc99-pic30-elf.a(close.Meo)
                  0x000bc6                  _close
 .libc            0x000bd8         0x2a c:/program files/microchip/xc16/v2.10/bin/bin/../../lib\libc99-pic30-elf.a(sbrk.Meo)
                  0x000bd8                  _sbrk
 .libc            0x000c02         0x1a c:/program files/microchip/xc16/v2.10/bin/bin/../../lib\libc99-pic30-elf.a(brk.Meo)
                  0x000c02                  _brk
 *(.libm)
 *(.libdsp)
 .libdsp          0x000c1c          0x8 build/default/production/_ext/1077454706/fbcl.o
                  0x000c1c                  _FindFirstBitChangeFromLeft
                  0x000c20                  _FindFirstBitFromLeft
 .libdsp          0x000c24         0x40 build/default/production/_ext/679848855/madd.o
                  0x000c24                  _MatrixAdd
 .libdsp          0x000c64         0x7a build/default/production/_ext/679848855/mmul.o
                  0x000c64                  _MatrixMultiply
 .libdsp          0x000cde         0x3c build/default/production/_ext/679848855/mscl.o
                  0x000cde                  _MatrixScale
 .libdsp          0x000d1a         0x4e build/default/production/_ext/679848855/msub.o
                  0x000d1a                  _MatrixSubtract
 .libdsp          0x000d68         0x48 build/default/production/_ext/679848855/mtrp.o
                  0x000d68                  _MatrixTranspose
 .libdsp          0x000db0         0x3e build/default/production/_ext/679848855/vadd.o
                  0x000db0                  _VectorAdd
 .libdsp          0x000dee         0xf8 build/default/production/_ext/679848855/vcon.o
                  0x000dee                  _VectorConvolve
 .libdsp          0x000ee6         0x10 build/default/production/_ext/679848855/vcopy.o
                  0x000ee6                  _VectorCopy
 .libdsp          0x000ef6         0x30 build/default/production/_ext/679848855/vcor.o
                  0x000ef6                  _VectorCorrelate
 .libdsp          0x000f26         0x3a build/default/production/_ext/679848855/vdot.o
                  0x000f26                  _VectorDotProduct
 .libdsp          0x000f60         0x1a build/default/production/_ext/679848855/vmax.o
                  0x000f60                  _VectorMax
 .libdsp          0x000f7a         0x1a build/default/production/_ext/679848855/vmin.o
                  0x000f7a                  _VectorMin
 .libdsp          0x000f94         0x3c build/default/production/_ext/679848855/vmul.o
                  0x000f94                  _VectorMultiply
 .libdsp          0x000fd0         0x40 build/default/production/_ext/679848855/vneg.o
                  0x000fd0                  _VectorNegate
 .libdsp          0x001010         0x38 build/default/production/_ext/679848855/vpow.o
                  0x001010                  _VectorPower
 .libdsp          0x001048         0x3c build/default/production/_ext/679848855/vscl.o
                  0x001048                  _VectorScale
 .libdsp          0x001084         0x4c build/default/production/_ext/679848855/vsub.o
                  0x001084                  _VectorSubtract
 .libdsp          0x0010d0         0x1e build/default/production/_ext/679848855/vzpad.o
                  0x0010d0                  _VectorZeroPad
 *(.lib*)
 .libpic30_crt_start_mode
                  0x0010ee          0x2 c:/program files/microchip/xc16/v2.10/bin/bin/../../lib\libc99-pic30-elf.a(crt_start_mode_normal.Meo)
                  0x0010ee                  __crt_start_mode
                  0x0010ee                  __crt_start_mode_normal
 .libm.divsi3     0x0010f0         0x1e c:/program files/microchip/xc16/v2.10/bin/bin/../../lib\libc99-pic30-elf.a(divsi3.XX_o)
                  0x0010f0                  ___divsi3
 .libm.eqsf2      0x00110e          0x4 c:/program files/microchip/xc16/v2.10/bin/bin/../../lib\libc99-pic30-elf.a(feqltle.XX_o)
                  0x00110e                  ___eqsf2
                  0x00110e                  ___ltsf2
                  0x00110e                  ___lesf2
 .libm.gtsf2      0x001112          0x4 c:/program files/microchip/xc16/v2.10/bin/bin/../../lib\libc99-pic30-elf.a(fgtge.XX_o)
                  0x001112                  ___gesf2
                  0x001112                  ___gtsf2
 .libm.fixsfsi    0x001116         0x42 c:/program files/microchip/xc16/v2.10/bin/bin/../../lib\libc99-pic30-elf.a(fixsfsi.XX_o)
                  0x001116                  _(float, int, long long, short, float, short, int)
 .libm.fixunssfsi
                  0x001158         0x36 c:/program files/microchip/xc16/v2.10/bin/bin/../../lib\libc99-pic30-elf.a(fixunssfsi.XX_o)
                  0x001158                  ___fixunssfsi
 .libm.floatsisf
                  0x00118e          0x6 c:/program files/microchip/xc16/v2.10/bin/bin/../../lib\libc99-pic30-elf.a(floatsisf.XX_o)
                  0x00118e                  ___floatsisf
 .libm.floatunsisf
                  0x001194          0x4 c:/program files/microchip/xc16/v2.10/bin/bin/../../lib\libc99-pic30-elf.a(floatunsisf.XX_o)
                  0x001194                  ___floatunsisf
 .libm.funpack    0x001198         0x2a c:/program files/microchip/xc16/v2.10/bin/bin/../../lib\libc99-pic30-elf.a(funpack.XX_o)
                  0x001198                  __funpack
 .libm.modsi3     0x0011c2         0x1e c:/program files/microchip/xc16/v2.10/bin/bin/../../lib\libc99-pic30-elf.a(modsi3.XX_o)
                  0x0011c2                  ___modsi3
 .libm.udivsi3    0x0011e0         0x20 c:/program files/microchip/xc16/v2.10/bin/bin/../../lib\libc99-pic30-elf.a(udivsi3.XX_o)
                  0x0011e0                  ___udivsi3
 .libm.umodsi3    0x001200          0x6 c:/program files/microchip/xc16/v2.10/bin/bin/../../lib\libc99-pic30-elf.a(umodsi3.XX_o)
                  0x001200                  ___umodsi3
 .libmx           0x001206        0x1dc c:/program files/microchip/xc16/v2.10/bin/bin/../../lib\libc99-pic30-elf.a(addsf3x.XX_o)
                  0x001206                  ___subsf3x
                  0x001206                  ___subsf3
                  0x001218                  ___addsf3x
                  0x001218                  ___addsf3
 .libmx           0x0013e2        0x1be c:/program files/microchip/xc16/v2.10/bin/bin/../../lib\libc99-pic30-elf.a(divsf3x.XX_o)
                  0x0013e2                  ___divsf3x
                  0x0013e2                  ___divsf3
                  0x001574                  __sdivf
 .libmx           0x0015a0        0x10c c:/program files/microchip/xc16/v2.10/bin/bin/../../lib\libc99-pic30-elf.a(mulsf3x.XX_o)
                  0x0015a0                  ___mulsf3x
                  0x0015a0                  ___mulsf3
 .libmx           0x0016ac         0x54 c:/program files/microchip/xc16/v2.10/bin/bin/../../lib\libc99-pic30-elf.a(dnrmpackfx.XX_o)
                  0x0016ac                  __dnrmpackf
 .libmx           0x001700         0x5e c:/program files/microchip/xc16/v2.10/bin/bin/../../lib\libc99-pic30-elf.a(unpackdnrmfx.XX_o)
                  0x001700                  __unpackdnrmf
 .libmx           0x00175e         0x34 c:/program files/microchip/xc16/v2.10/bin/bin/../../lib\libc99-pic30-elf.a(typefx.XX_o)
                  0x00175e                  __typef
 .libmx           0x001792         0x12 c:/program files/microchip/xc16/v2.10/bin/bin/../../lib\libc99-pic30-elf.a(propnanfx.XX_o)
                  0x001792                  __propnanf
 .libmx           0x0017a4         0xa6 c:/program files/microchip/xc16/v2.10/bin/bin/../../lib\libc99-pic30-elf.a(spackfx.XX_o)
                  0x0017a4                  __spackf
 .libmx           0x00184a         0x66 c:/program files/microchip/xc16/v2.10/bin/bin/../../lib\libc99-pic30-elf.a(unpackfx.XX_o)
                  0x00184a                  __unpackf
 .libm.__PplusBdi
                  0x0018b0         0x26 c:/program files/microchip/xc16/v2.10/bin/bin/../../lib\libc99-pic30-elf.a(divmoddi3.XX_o)
 .libm.__PminusBdi
                  0x0018d6         0x26 c:/program files/microchip/xc16/v2.10/bin/bin/../../lib\libc99-pic30-elf.a(divmoddi3.XX_o)
 .libm.__udivmoddi3
                  0x0018fc         0xe6 c:/program files/microchip/xc16/v2.10/bin/bin/../../lib\libc99-pic30-elf.a(divmoddi3.XX_o)
                  0x0018fc                  ___udivmoddi3
 .libm.__udivdi3
                  0x0019e2          0xe c:/program files/microchip/xc16/v2.10/bin/bin/../../lib\libc99-pic30-elf.a(divmoddi3.XX_o)
                  0x0019e2                  ___udivdi3
 .libm.__umoddi3
                  0x0019f0          0x8 c:/program files/microchip/xc16/v2.10/bin/bin/../../lib\libc99-pic30-elf.a(divmoddi3.XX_o)
                  0x0019f0                  ___umoddi3
 .libm.__divdi3
                  0x0019f8         0x60 c:/program files/microchip/xc16/v2.10/bin/bin/../../lib\libc99-pic30-elf.a(divmoddi3.XX_o)
                  0x0019f8                  ___divdi3
 .libm.__moddi3
                  0x001a58         0x5c c:/program files/microchip/xc16/v2.10/bin/bin/../../lib\libc99-pic30-elf.a(divmoddi3.XX_o)
                  0x001a58                  ___moddi3
 .libm.fcompare
                  0x001ab4         0x36 c:/program files/microchip/xc16/v2.10/bin/bin/../../lib\libc99-pic30-elf.a(fcompare.XX_o)
                  0x001ab4                  __fcompare
 .libm.floatdisf
                  0x001aea         0x20 c:/program files/microchip/xc16/v2.10/bin/bin/../../lib\libc99-pic30-elf.a(floatdisf.XX_o)
                  0x001aea                  ___floatdisf
 .libm.floatundisf
                  0x001b0a         0x5e c:/program files/microchip/xc16/v2.10/bin/bin/../../lib\libc99-pic30-elf.a(floatundisf.XX_o)
                  0x001b0a                  ___floatundisf
 .libm.fpack      0x001b68         0x4c c:/program files/microchip/xc16/v2.10/bin/bin/../../lib\libc99-pic30-elf.a(fpack.XX_o)
                  0x001b68                  __fpack
 .libm.funpack2
                  0x001bb4         0x10 c:/program files/microchip/xc16/v2.10/bin/bin/../../lib\libc99-pic30-elf.a(funpack2.XX_o)
                  0x001bb4                  __funpack2
 .libc.floorf     0x001bc4         0x7c c:/program files/microchip/xc16/v2.10/bin/bin/../../lib\libm-elf.a(floorf.XX_o)
                  0x001bc4                  _floorf
 .libc.sqrtf      0x001c40        0x114 c:/program files/microchip/xc16/v2.10/bin/bin/../../lib\libm-elf.a(sqrtf.XX_o)
                  0x001c40                  _sqrtf
 .libc.__wrap_printf
                  0x001d54         0x10 c:/program files/microchip/xc16/v2.10/bin/bin/../../lib\libc99-elf.a(__sio_printf_dosux.XX_o)
                  0x001d54                  __dprintf_cdnopsuxX
                  0x001d54                  __printf_cdnopsuxX
 .libc.__sio_printf_dosux
                  0x001d64          0xe c:/program files/microchip/xc16/v2.10/bin/bin/../../lib\libc99-elf.a(__sio_printf_dosux.XX_o)
                  0x001d64                  ___sio_printf_dosux
 .libc.__wrap_printf
                  0x001d72         0x10 c:/program files/microchip/xc16/v2.10/bin/bin/../../lib\libc99-elf.a(__sio_printf_doux.XX_o)
                  0x001d72                  __printf_cdnopuxX
                  0x001d72                  __dprintf_cdnopuxX
 .libc.__sio_printf_doux
                  0x001d82          0xe c:/program files/microchip/xc16/v2.10/bin/bin/../../lib\libc99-elf.a(__sio_printf_doux.XX_o)
                  0x001d82                  ___sio_printf_doux
 .libc.__wrap_printf
                  0x001d90         0x10 c:/program files/microchip/xc16/v2.10/bin/bin/../../lib\libc99-elf.a(__sio_printf_s.XX_o)
                  0x001d90                  __printf_s
                  0x001d90                  __dprintf_s
 .libc.__sio_printf_s
                  0x001da0          0x2 c:/program files/microchip/xc16/v2.10/bin/bin/../../lib\libc99-elf.a(__sio_printf_s.XX_o)
                  0x001da0                  ___sio_printf_s
 .libc.__wrap_sprintf
                  0x001da2          0xc c:/program files/microchip/xc16/v2.10/bin/bin/../../lib\libc99-elf.a(__sio_sprintf_dfoux.XX_o)
                  0x001da2                  __dsprintf_cdeEgGnopuxX
                  0x001da2                  __sprintf_cdeEgGnopuxX
                  0x001da2                  __sprintf_cdfFnopuxX
                  0x001da2                  __dsprintf_cdgGnopuxX
                  0x001da2                  __dsprintf_cdeEfFnopuxX
                  0x001da2                  __dsprintf_cdeEfFgGnopuxX
                  0x001da2                  __dsprintf_cdeEnopuxX
                  0x001da2                  __sprintf_cdeEnopuxX
                  0x001da2                  __dsprintf_cdfFgGnopuxX
                  0x001da2                  __sprintf_cdfFgGnopuxX
                  0x001da2                  __sprintf_cdeEfFgGnopuxX
                  0x001da2                  __dsprintf_cdfFnopuxX
                  0x001da2                  __sprintf_cdgGnopuxX
                  0x001da2                  __sprintf_cdeEfFnopuxX
 .libc.__sio_sprintf_dfoux
                  0x001dae         0x12 c:/program files/microchip/xc16/v2.10/bin/bin/../../lib\libc99-elf.a(__sio_sprintf_dfoux.XX_o)
                  0x001dae                  ___sio_sprintf_dfoux
 .libc.__wrap_sprintf
                  0x001dc0          0xc c:/program files/microchip/xc16/v2.10/bin/bin/../../lib\libc99-elf.a(__sio_sprintf_doux.XX_o)
                  0x001dc0                  __sprintf_cdnopuxX
                  0x001dc0                  __dsprintf_cdnopuxX
 .libc.__sio_sprintf_doux
                  0x001dcc          0xe c:/program files/microchip/xc16/v2.10/bin/bin/../../lib\libc99-elf.a(__sio_sprintf_doux.XX_o)
                  0x001dcc                  ___sio_sprintf_doux
 .libc.__wrap_sprintf
                  0x001dda          0xc c:/program files/microchip/xc16/v2.10/bin/bin/../../lib\libc99-elf.a(__sio_sprintf_f.XX_o)
                  0x001dda                  __dsprintf_eEfF
                  0x001dda                  __sprintf_eEfFgG
                  0x001dda                  __dsprintf_eEfFgG
                  0x001dda                  __sprintf_fF
                  0x001dda                  __sprintf_eEfF
                  0x001dda                  __dsprintf_gG
                  0x001dda                  __dsprintf_eEgG
                  0x001dda                  __sprintf_gG
                  0x001dda                  __dsprintf_fF
                  0x001dda                  __dsprintf_eE
                  0x001dda                  __sprintf_fFgG
                  0x001dda                  __sprintf_eEgG
                  0x001dda                  __sprintf_eE
                  0x001dda                  __dsprintf_fFgG
 .libc.__sio_sprintf_f
                  0x001de6          0x4 c:/program files/microchip/xc16/v2.10/bin/bin/../../lib\libc99-elf.a(__sio_sprintf_f.XX_o)
                  0x001de6                  ___sio_sprintf_f
 .libc.__assert_fail
                  0x001dea         0x18 c:/program files/microchip/xc16/v2.10/bin/bin/../../lib\libc99-elf.a(assert.XX_o)
                  0x001dea                  ___assert_fail
 .libc.__isspace
                  0x001e02         0x14 c:/program files/microchip/xc16/v2.10/bin/bin/../../lib\libc99-elf.a(atol.XX_o)
 .libc.atol       0x001e16         0x54 c:/program files/microchip/xc16/v2.10/bin/bin/../../lib\libc99-elf.a(atol.XX_o)
                  0x001e16                  _atol
 .libc.__dummy    0x001e6a          0x2 c:/program files/microchip/xc16/v2.10/bin/bin/../../lib\libc99-elf.a(fclose.XX_o)
                  0x001e6a                  ___fclose
 .libc.__dummy1
                  0x001e6c          0x2 c:/program files/microchip/xc16/v2.10/bin/bin/../../lib\libc99-elf.a(fclose.XX_o)
 .libc.fclose     0x001e6e         0x26 c:/program files/microchip/xc16/v2.10/bin/bin/../../lib\libc99-elf.a(fclose.XX_o)
                  0x001e6e                  _fclose
 .libc.__dummy1
                  0x001e94          0x2 c:/program files/microchip/xc16/v2.10/bin/bin/../../lib\libc99-elf.a(fflush.XX_o)
 .libc.__dummy2
                  0x001e96          0x2 c:/program files/microchip/xc16/v2.10/bin/bin/../../lib\libc99-elf.a(fflush.XX_o)
 .libc.fflush     0x001e98         0x22 c:/program files/microchip/xc16/v2.10/bin/bin/../../lib\libc99-elf.a(fflush.XX_o)
                  0x001e98                  _fflush_unlocked
                  0x001e98                  _fflush
 .libc.fopen      0x001eba         0x46 c:/program files/microchip/xc16/v2.10/bin/bin/../../lib\libc99-elf.a(fopen.XX_o)
                  0x001eba                  _fopen
 .libc.fprintf    0x001f00          0xc c:/program files/microchip/xc16/v2.10/bin/bin/../../lib\libc99-elf.a(fprintf.XX_o)
                  0x001f00                  _fprintf
 .libc.__fwrite_min
                  0x001f0c          0x4 c:/program files/microchip/xc16/v2.10/bin/bin/../../lib\libc99-elf.a(fwrite.XX_o)
                  0x001f0c                  ___fwrite
 .libc.fwrite     0x001f10         0x2c c:/program files/microchip/xc16/v2.10/bin/bin/../../lib\libc99-elf.a(fwrite.XX_o)
                  0x001f10                  _fwrite
                  0x001f10                  _fwrite_unlocked
 .libc.__simple_search_fl
                  0x001f3c         0x6e c:/program files/microchip/xc16/v2.10/bin/bin/../../lib\libc99-elf.a(lite_free.XX_o)
                  0x001f3c                  ___simple_search_fl
 .libc.__simple_free
                  0x001faa         0x36 c:/program files/microchip/xc16/v2.10/bin/bin/../../lib\libc99-elf.a(lite_free.XX_o)
                  0x001faa                  ::_(float, long double,...)(...)(void)
                  0x001faa                  ___simple_free
                  0x001faa                  _free
 .libc.memcpy     0x001fe0          0xe c:/program files/microchip/xc16/v2.10/bin/bin/../../lib\libc99-elf.a(memcpy.XX_o)
                  0x001fe0                  _memcpy
 .libc.memset     0x001fee         0xc8 c:/program files/microchip/xc16/v2.10/bin/bin/../../lib\libc99-elf.a(memset.XX_o)
                  0x001fee                  _memset
 .libc.putchar    0x0020b6          0x6 c:/program files/microchip/xc16/v2.10/bin/bin/../../lib\libc99-elf.a(putchar.XX_o)
                  0x0020b6                  _putchar
 .libc.puts       0x0020bc         0x1a c:/program files/microchip/xc16/v2.10/bin/bin/../../lib\libc99-elf.a(puts.XX_o)
                  0x0020bc                  _puts
 .libc.__dummy0
                  0x0020d6          0x2 c:/program files/microchip/xc16/v2.10/bin/bin/../../lib\libc99-elf.a(stderr.XX_o)
                  0x0020d6                  ___stdio_seek
 .libc.__dummy    0x0020d8          0x4 c:/program files/microchip/xc16/v2.10/bin/bin/../../lib\libc99-elf.a(stderr.XX_o)
                  0x0020d8                  ___get_stderr
 .libc.__init_stderr
                  0x0020dc          0x8 c:/program files/microchip/xc16/v2.10/bin/bin/../../lib\libc99-elf.a(stderr.XX_o)
                  0x0020dc                  ___init_stderr
 .libc.__dummy0
                  0x0020e4          0x2 c:/program files/microchip/xc16/v2.10/bin/bin/../../lib\libc99-elf.a(stdout.XX_o)
 .libc.__dummy    0x0020e6          0x4 c:/program files/microchip/xc16/v2.10/bin/bin/../../lib\libc99-elf.a(stdout.XX_o)
                  0x0020e6                  ___get_stdout
 .libc.__init_stdout
                  0x0020ea          0x8 c:/program files/microchip/xc16/v2.10/bin/bin/../../lib\libc99-elf.a(stdout.XX_o)
                  0x0020ea                  ___init_stdout
 .libc.strchr     0x0020f2         0x12 c:/program files/microchip/xc16/v2.10/bin/bin/../../lib\libc99-elf.a(strchr.XX_o)
                  0x0020f2                  _strchr
 .libc.__strchrnul
                  0x002104         0x58 c:/program files/microchip/xc16/v2.10/bin/bin/../../lib\libc99-elf.a(strchrnul.XX_o)
                  0x002104                  ___strchrnul
                  0x002104                  _strchrnul
 .libc.strcmp     0x00215c         0x16 c:/program files/microchip/xc16/v2.10/bin/bin/../../lib\libc99-elf.a(strcmp.XX_o)
                  0x00215c                  _strcmp
 .libc.strlen     0x002172         0x30 c:/program files/microchip/xc16/v2.10/bin/bin/../../lib\libc99-elf.a(strlen.XX_o)
                  0x002172                  _strlen
 .libc.strncpy    0x0021a2          0xe c:/program files/microchip/xc16/v2.10/bin/bin/../../lib\libc99-elf.a(strncpy.XX_o)
                  0x0021a2                  _strncpy
 .libc.strtox     0x0021b0         0x58 c:/program files/microchip/xc16/v2.10/bin/bin/../../lib\libc99-elf.a(strtod.XX_o)
 .libc.strtof     0x002208          0x6 c:/program files/microchip/xc16/v2.10/bin/bin/../../lib\libc99-elf.a(strtod.XX_o)
                  0x002208                  ___strtof_l
                  0x002208                  _strtof
                  0x002208                  _strtof_l
 .libc.strtod     0x00220e          0x6 c:/program files/microchip/xc16/v2.10/bin/bin/../../lib\libc99-elf.a(strtod.XX_o)
                  0x00220e                  ___strtod_l
                  0x00220e                  _strtod
                  0x00220e                  _strtod_l
 .libc.strtold    0x002214          0x4 c:/program files/microchip/xc16/v2.10/bin/bin/../../lib\libc99-elf.a(strtod.XX_o)
                  0x002214                  _strtold_l
                  0x002214                  _strtold
                  0x002214                  ___strtold_l
 .libc.strtox     0x002218         0x52 c:/program files/microchip/xc16/v2.10/bin/bin/../../lib\libc99-elf.a(strtol.XX_o)
 .libc.strtoull
                  0x00226a          0x8 c:/program files/microchip/xc16/v2.10/bin/bin/../../lib\libc99-elf.a(strtol.XX_o)
                  0x00226a                  ___strtoull_internal
                  0x00226a                  _strtoull
 .libc.strtoll    0x002272          0x8 c:/program files/microchip/xc16/v2.10/bin/bin/../../lib\libc99-elf.a(strtol.XX_o)
                  0x002272                  _strtoll
                  0x002272                  ___strtoll_internal
 .libc.strtoul    0x00227a          0x8 c:/program files/microchip/xc16/v2.10/bin/bin/../../lib\libc99-elf.a(strtol.XX_o)
                  0x00227a                  _strtoul
                  0x00227a                  ___strtoul_internal
 .libc.strtol     0x002282          0x8 c:/program files/microchip/xc16/v2.10/bin/bin/../../lib\libc99-elf.a(strtol.XX_o)
                  0x002282                  _strtol
                  0x002282                  ___strtol_internal
 .libc.strtoimax
                  0x00228a          0x2 c:/program files/microchip/xc16/v2.10/bin/bin/../../lib\libc99-elf.a(strtol.XX_o)
                  0x00228a                  ___strtoimax_internal
                  0x00228a                  _strtoimax
 .libc.strtoumax
                  0x00228c          0x2 c:/program files/microchip/xc16/v2.10/bin/bin/../../lib\libc99-elf.a(strtol.XX_o)
                  0x00228c                  _strtoumax
                  0x00228c                  ___strtoumax_internal
 .libc.tolower    0x00228e          0xc c:/program files/microchip/xc16/v2.10/bin/bin/../../lib\libc99-elf.a(tolower.XX_o)
                  0x00228e                  _tolower
 .libc.__tolower_l
                  0x00229a          0x2 c:/program files/microchip/xc16/v2.10/bin/bin/../../lib\libc99-elf.a(tolower.XX_o)
                  0x00229a                  ___tolower_l
                  0x00229a                  _tolower_l
 .libc.toupper    0x00229c          0xc c:/program files/microchip/xc16/v2.10/bin/bin/../../lib\libc99-elf.a(toupper.XX_o)
                  0x00229c                  _toupper
 .libc.__toupper_l
                  0x0022a8          0x2 c:/program files/microchip/xc16/v2.10/bin/bin/../../lib\libc99-elf.a(toupper.XX_o)
                  0x0022a8                  ___toupper_l
                  0x0022a8                  _toupper_l
 .libc.vfprintf
                  0x0022aa         0x1c c:/program files/microchip/xc16/v2.10/bin/bin/../../lib\libc99-elf.a(vfprintf.XX_o)
                  0x0022aa                  _vfprintf
 .libc.vsnprintf
                  0x0022c6         0x50 c:/program files/microchip/xc16/v2.10/bin/bin/../../lib\libc99-elf.a(vsnprintf.XX_o)
                  0x0022c6                  _vsnprintf
 .libc.__dummy    0x002316         0x1a c:/program files/microchip/xc16/v2.10/bin/bin/../../lib\libc99-elf.a(__fdopen.XX_o)
                  0x002316                  ___fopen
 .libc.__fdopen
                  0x002330         0x5c c:/program files/microchip/xc16/v2.10/bin/bin/../../lib\libc99-elf.a(__fdopen.XX_o)
                  0x002330                  ___fdopen
                  0x002330                  _fdopen
 .libc.__fmodeflags
                  0x00238c         0x5c c:/program files/microchip/xc16/v2.10/bin/bin/../../lib\libc99-elf.a(__fmodeflags.XX_o)
                  0x00238c                  ___fmodeflags
 .libc.__fmt_d    0x0023e8         0xb2 c:/program files/microchip/xc16/v2.10/bin/bin/../../lib\libc99-elf.a(__fmt_d.XX_o)
                  0x0023e8                  ___fmt_d
                  0x0023e8                  ___fmt_d_needed
 .libc.__LONG_DOUBLE_BITS
                  0x00249a          0x2 c:/program files/microchip/xc16/v2.10/bin/bin/../../lib\libc99-elf.a(__fmt_fp.XX_o)
 .libc.__fmt_fp
                  0x00249c        0x5b6 c:/program files/microchip/xc16/v2.10/bin/bin/../../lib\libc99-elf.a(__fmt_fp.XX_o)
                  0x00249c                  ___fmt_f_needed
                  0x00249c                  ___fmt_fp
 .libc.__fmt_o    0x002a52         0x6a c:/program files/microchip/xc16/v2.10/bin/bin/../../lib\libc99-elf.a(__fmt_o.XX_o)
                  0x002a52                  ___fmt_o
                  0x002a52                  ___fmt_o_needed
 .libc.__fmt_s    0x002abc         0x54 c:/program files/microchip/xc16/v2.10/bin/bin/../../lib\libc99-elf.a(__fmt_s.XX_o)
                  0x002abc                  ___fmt_0_needed
                  0x002abc                  ___fmt_s_needed
                  0x002abc                  ___fmt_s
 .libc.__cvt_u    0x002b10         0xa6 c:/program files/microchip/xc16/v2.10/bin/bin/../../lib\libc99-elf.a(__fmt_u.XX_o)
                  0x002b10                  ___cvt_u
 .libc.__fmt_u    0x002bb6         0x52 c:/program files/microchip/xc16/v2.10/bin/bin/../../lib\libc99-elf.a(__fmt_u.XX_o)
                  0x002bb6                  ___fmt_u
                  0x002bb6                  ___fmt_u_needed
 .libc.__fmt_x    0x002c08        0x14a c:/program files/microchip/xc16/v2.10/bin/bin/../../lib\libc99-elf.a(__fmt_x.XX_o)
                  0x002c08                  ___fmt_x_needed
                  0x002c08                  ___fmt_x
 .libc.__vfprintf
                  0x002d52         0x1c c:/program files/microchip/xc16/v2.10/bin/bin/../../lib\libc99-elf.a(__int_vfprintf.XX_o)
                  0x002d52                  ___vfprintf
 .libc.__vsprintf
                  0x002d6e          0x8 c:/program files/microchip/xc16/v2.10/bin/bin/../../lib\libc99-elf.a(__int_vsprintf.XX_o)
                  0x002d6e                  ___vsprintf
 .libc.__string_out
                  0x002d76         0x26 c:/program files/microchip/xc16/v2.10/bin/bin/../../lib\libc99-elf.a(__out.XX_o)
 .libc.__fwrite_min
                  0x002d9c          0x4 c:/program files/microchip/xc16/v2.10/bin/bin/../../lib\libc99-elf.a(__out.XX_o)
                  0x002d9c                  ___stdio_write
                  0x002d9c                  ___stdio_write_unbuffered
 .libc.__out      0x002da0         0x10 c:/program files/microchip/xc16/v2.10/bin/bin/../../lib\libc99-elf.a(__out.XX_o)
                  0x002da0                  ___out_needed
                  0x002da0                  ___out
 .libc.__pop_float
                  0x002db0         0x3e c:/program files/microchip/xc16/v2.10/bin/bin/../../lib\libc99-elf.a(__pop_float.XX_o)
                  0x002db0                  ___pop_float
                  0x002db0                  ___pop_float_needed
 .libc.__pop_int
                  0x002dee         0xa8 c:/program files/microchip/xc16/v2.10/bin/bin/../../lib\libc99-elf.a(__pop_int.XX_o)
                  0x002dee                  ___pop_int
                  0x002dee                  ___pop_int_needed
 .libc.__pop_ptr
                  0x002e96         0x70 c:/program files/microchip/xc16/v2.10/bin/bin/../../lib\libc99-elf.a(__pop_ptr.XX_o)
                  0x002e96                  ___pop_ptr_needed
                  0x002e96                  ___pop_ptr
 .libc.__string_out
                  0x002f06         0x26 c:/program files/microchip/xc16/v2.10/bin/bin/../../lib\libc99-elf.a(__printf_core.XX_o)
 .libc.__pad      0x002f2c         0x74 c:/program files/microchip/xc16/v2.10/bin/bin/../../lib\libc99-elf.a(__printf_core.XX_o)
                  0x002f2c                  ___pad
 .libc.__dummy_fmt3
                  0x002fa0          0x2 c:/program files/microchip/xc16/v2.10/bin/bin/../../lib\libc99-elf.a(__printf_core.XX_o)
 .libc.__dummy_fmt4
                  0x002fa2          0x2 c:/program files/microchip/xc16/v2.10/bin/bin/../../lib\libc99-elf.a(__printf_core.XX_o)
 .libc.__dummy_fmts
                  0x002fa4          0x2 c:/program files/microchip/xc16/v2.10/bin/bin/../../lib\libc99-elf.a(__printf_core.XX_o)
 .libc.__fmt_state
                  0x002fa6         0x2c c:/program files/microchip/xc16/v2.10/bin/bin/../../lib\libc99-elf.a(__printf_core.XX_o)
                  0x002fa6                  ___fmt_state
 .libc.vfpfcnvrt.clone.0
                  0x002fd2        0x2d8 c:/program files/microchip/xc16/v2.10/bin/bin/../../lib\libc99-elf.a(__printf_core.XX_o)
 .libc.__printf_core
                  0x0032aa         0x40 c:/program files/microchip/xc16/v2.10/bin/bin/../../lib\libc99-elf.a(__printf_core.XX_o)
                  0x0032aa                  ___printf_core
 .libc.__stdio_close
                  0x0032ea         0x3e c:/program files/microchip/xc16/v2.10/bin/bin/../../lib\libc99-elf.a(__stdio_close.XX_o)
                  0x0032ea                  ___stdio_close
 .libc.__stdio_close_rw
                  0x003328         0x58 c:/program files/microchip/xc16/v2.10/bin/bin/../../lib\libc99-elf.a(__stdio_close.XX_o)
                  0x003328                  ___stdio_close_rw
 .libc.__stdio_exit_ofl
                  0x003380         0x16 c:/program files/microchip/xc16/v2.10/bin/bin/../../lib\libc99-elf.a(__stdio_exit_ofl.XX_o)
                  0x003380                  ___stdio_exit_ofl_needed
                  0x003380                  ___stdio_exit_ofl
 .libc.__abort    0x003396          0x4 c:/program files/microchip/xc16/v2.10/bin/bin/../../lib\libc99-elf.a(abort.XX_o)
                  0x003396                  _abort
 .libc.__isspace
                  0x00339a         0x14 c:/program files/microchip/xc16/v2.10/bin/bin/../../lib\libc99-elf.a(atoi.XX_o)
 .libc.atoi       0x0033ae         0x4c c:/program files/microchip/xc16/v2.10/bin/bin/../../lib\libc99-elf.a(atoi.XX_o)
                  0x0033ae                  _atoi
 .libc.__isspace
                  0x0033fa         0x14 c:/program files/microchip/xc16/v2.10/bin/bin/../../lib\libc99-elf.a(floatscan.XX_o)
 .libc.scanexp    0x00340e        0x174 c:/program files/microchip/xc16/v2.10/bin/bin/../../lib\libc99-elf.a(floatscan.XX_o)
 .libc.hexfloat
                  0x003582        0x532 c:/program files/microchip/xc16/v2.10/bin/bin/../../lib\libc99-elf.a(floatscan.XX_o)
 .libc.decfloat
                  0x003ab4        0x900 c:/program files/microchip/xc16/v2.10/bin/bin/../../lib\libc99-elf.a(floatscan.XX_o)
 .libc.__floatscan
                  0x0043b4        0x22c c:/program files/microchip/xc16/v2.10/bin/bin/../../lib\libc99-elf.a(floatscan.XX_o)
                  0x0043b4                  ___floatscan
 .libc.fputs      0x0045e0         0x28 c:/program files/microchip/xc16/v2.10/bin/bin/../../lib\libc99-elf.a(fputs.XX_o)
                  0x0045e0                  _fputs_unlocked
                  0x0045e0                  _fputs
 .libc.__isspace
                  0x004608         0x14 c:/program files/microchip/xc16/v2.10/bin/bin/../../lib\libc99-elf.a(intscan.XX_o)
 .libc.__intscan
                  0x00461c        0x432 c:/program files/microchip/xc16/v2.10/bin/bin/../../lib\libc99-elf.a(intscan.XX_o)
                  0x00461c                  ___intscan
 .libc.__simple_malloc
                  0x004a4e         0x86 c:/program files/microchip/xc16/v2.10/bin/bin/../../lib\libc99-elf.a(lite_malloc.XX_o)
                  0x004a4e                  ___malloc0
                  0x004a4e                  _malloc
                  0x004a4e                  ___simple_malloc
 .libc.__lseek    0x004ad4          0xc c:/program files/microchip/xc16/v2.10/bin/bin/../../lib\libc99-elf.a(lseek.XX_o)
                  0x004ad4                  _lseek
                  0x004ad4                  ___lseek
 .libc.__ofl_add
                  0x004ae0          0xe c:/program files/microchip/xc16/v2.10/bin/bin/../../lib\libc99-elf.a(ofl_add.XX_o)
                  0x004ae0                  ___ofl_add
 .libc.__putc_unbuffered
                  0x004aee         0x2e c:/program files/microchip/xc16/v2.10/bin/bin/../../lib\libc99-elf.a(putc.XX_o)
                  0x004aee                  ___putc
                  0x004aee                  ___putc_unbuffered
 .libc.putc       0x004b1c          0x2 c:/program files/microchip/xc16/v2.10/bin/bin/../../lib\libc99-elf.a(putc.XX_o)
                  0x004b1c                  _putc
                  0x004b1c                  _fputc
                  0x004b1c                  _putc_unlocked
                  0x004b1c                  __IO_putc
 .libc.__shlim    0x004b1e         0x4a c:/program files/microchip/xc16/v2.10/bin/bin/../../lib\libc99-elf.a(shgetc.XX_o)
                  0x004b1e                  ___shlim
 .libc.__shgetc
                  0x004b68        0x130 c:/program files/microchip/xc16/v2.10/bin/bin/../../lib\libc99-elf.a(shgetc.XX_o)
                  0x004b68                  ___shgetc
 .libc.__stpncpy
                  0x004c98         0x6a c:/program files/microchip/xc16/v2.10/bin/bin/../../lib\libc99-elf.a(stpncpy.XX_o)
                  0x004c98                  _stpncpy
                  0x004c98                  ___stpncpy
 .libc.strcpy     0x004d02          0xe c:/program files/microchip/xc16/v2.10/bin/bin/../../lib\libc99-elf.a(strcpy.XX_o)
                  0x004d02                  _strcpy
 .libc.__syscall_ret
                  0x004d10         0x14 c:/program files/microchip/xc16/v2.10/bin/bin/../../lib\libc99-elf.a(syscall_ret.XX_o)
                  0x004d10                  ___syscall_ret
 .libc._Exit      0x004d24          0x2 c:/program files/microchip/xc16/v2.10/bin/bin/../../lib\libc99-elf.a(_Exit.XX_o)
                  0x004d24                  __Exit
 .libc.__fclose_ofl
                  0x004d26         0x22 c:/program files/microchip/xc16/v2.10/bin/bin/../../lib\libc99-elf.a(__fclose_ofl.XX_o)
                  0x004d26                  ___fclose_ofl
                  0x004d26                  ___fclose_ofl_needed
 .libc.__fflush_ofl
                  0x004d48         0x22 c:/program files/microchip/xc16/v2.10/bin/bin/../../lib\libc99-elf.a(__fflush_ofl.XX_o)
                  0x004d48                  ___fflush_ofl_needed
                  0x004d48                  ___fflush_ofl
 .libc.__LONG_DOUBLE_BITS
                  0x004d6a          0x2 c:/program files/microchip/xc16/v2.10/bin/bin/../../lib\libc99-elf.a(__fmt_a.XX_o)
 .libc.__fmt_a    0x004d6c        0x544 c:/program files/microchip/xc16/v2.10/bin/bin/../../lib\libc99-elf.a(__fmt_a.XX_o)
                  0x004d6c                  ___fmt_a_needed
                  0x004d6c                  ___fmt_a
 .libc.__dummy    0x0052b0          0x2 c:/program files/microchip/xc16/v2.10/bin/bin/../../lib\libc99-elf.a(__init_stdio.XX_o)
                  0x0052b0                  ___init_stdin
 .libc.__init_stdio
                  0x0052b2          0x6 c:/program files/microchip/xc16/v2.10/bin/bin/../../lib\libc99-elf.a(__init_stdio.XX_o)
                  0x0052b2                  ___init_stdio
                  0x0052b2                  ___init_stdio_needed
 .libc.__vsnprintf
                  0x0052b8         0x4a c:/program files/microchip/xc16/v2.10/bin/bin/../../lib\libc99-elf.a(__int_vsnprintf.XX_o)
                  0x0052b8                  ___vsnprintf
 .libc.__uflow    0x005302         0x2a c:/program files/microchip/xc16/v2.10/bin/bin/../../lib\libc99-elf.a(__uflow.XX_o)
                  0x005302                  ___uflow
 .libc.__expand_heap
                  0x00532c         0x14 c:/program files/microchip/xc16/v2.10/bin/bin/../../lib\libc99-elf.a(expand_heap.XX_o)
                  0x00532c                  ___expand_heap
 .libc.__stpcpy
                  0x005340         0x40 c:/program files/microchip/xc16/v2.10/bin/bin/../../lib\libc99-elf.a(stpcpy.XX_o)
                  0x005340                  ___stpcpy
                  0x005340                  _stpcpy
 .libc.__toread
                  0x005380         0x48 c:/program files/microchip/xc16/v2.10/bin/bin/../../lib\libc99-elf.a(__toread.XX_o)
                  0x005380                  ___toread
 .libc.__toread_needs_stdio_exit
                  0x0053c8          0x2 c:/program files/microchip/xc16/v2.10/bin/bin/../../lib\libc99-elf.a(__toread.XX_o)
                  0x0053c8                  ___toread_needs_stdio_exit
 .libc.__dummy    0x0053ca          0x2 c:/program files/microchip/xc16/v2.10/bin/bin/../../lib\libc99-elf.a(__stdio_exit.XX_o)
 .libc.__dummy1
                  0x0053cc          0x2 c:/program files/microchip/xc16/v2.10/bin/bin/../../lib\libc99-elf.a(__stdio_exit.XX_o)
 .libc.__stdio_exit
                  0x0053ce         0x14 c:/program files/microchip/xc16/v2.10/bin/bin/../../lib\libc99-elf.a(__stdio_exit.XX_o)
                  0x0053ce                  ___stdio_exit_needed
                  0x0053ce                  ___stdio_exit
 .libc.doopen     0x0053e2          0x4 c:/program files/microchip/xc16/v2.10/bin/bin/../../lib\libc99-pic30-elf.a(open.Meo)
 .libc.doclose    0x0053e6          0x4 c:/program files/microchip/xc16/v2.10/bin/bin/../../lib\libc99-pic30-elf.a(close.Meo)
 .libm.eqdf2      0x0053ea          0xa c:/program files/microchip/xc16/v2.10/bin/bin/../../lib\libc99-pic30-elf.a(deqltle.XX_o)
                  0x0053ea                  ___eqdf2
                  0x0053ea                  ___ltdf2
                  0x0053ea                  ___ledf2
 .libm.gtdf2      0x0053f4          0xa c:/program files/microchip/xc16/v2.10/bin/bin/../../lib\libc99-pic30-elf.a(dgtge.XX_o)
                  0x0053f4                  ___gtdf2
                  0x0053f4                  ___gedf2
 .libm.nedf2      0x0053fe          0xa c:/program files/microchip/xc16/v2.10/bin/bin/../../lib\libc99-pic30-elf.a(dne.XX_o)
                  0x0053fe                  ___nedf2
 .libm.extendsfdf2
                  0x005408         0x3e c:/program files/microchip/xc16/v2.10/bin/bin/../../lib\libc99-pic30-elf.a(extendsfdf.XX_o)
                  0x005408                  ___extendsfdf2
 .libm.fixdfsi    0x005446         0x58 c:/program files/microchip/xc16/v2.10/bin/bin/../../lib\libc99-pic30-elf.a(fixdfsi.XX_o)
                  0x005446                  _(float, int, long long, double, float, short, int)
 .libm.floatsidf
                  0x00549e          0x6 c:/program files/microchip/xc16/v2.10/bin/bin/../../lib\libc99-pic30-elf.a(floatsidf.XX_o)
                  0x00549e                  ___floatsidf
 .libm.floatunsidf
                  0x0054a4          0x4 c:/program files/microchip/xc16/v2.10/bin/bin/../../lib\libc99-pic30-elf.a(floatunsidf.XX_o)
                  0x0054a4                  ___floatunsidf
 .libm.truncdfsf2
                  0x0054a8         0x56 c:/program files/microchip/xc16/v2.10/bin/bin/../../lib\libc99-pic30-elf.a(truncdfsf.XX_o)
                  0x0054a8                  ___truncdfsf2
 .libm.mulsi3     0x0054fe          0xc c:/program files/microchip/xc16/v2.10/bin/bin/../../lib\libc99-pic30-elf.a(mulsi3.XX_o)
                  0x0054fe                  ___mulp32peds3
                  0x0054fe                  ___mulsi3
                  0x0054fe                  ___mulp32eds3
 .lib_dpfops      0x00550a         0xa2 c:/program files/microchip/xc16/v2.10/bin/bin/../../lib\libc99-pic30-elf.a(dpadd.XX_o)
                  0x00550a                  ___subdf3
                  0x005516                  ___adddf3
 .lib_dpfops      0x0055ac        0x15e c:/program files/microchip/xc16/v2.10/bin/bin/../../lib\libc99-pic30-elf.a(dpdiv.XX_o)
                  0x0055ac                  ___divdf3
 .lib_dpfops      0x00570a        0x11a c:/program files/microchip/xc16/v2.10/bin/bin/../../lib\libc99-pic30-elf.a(dpmul.XX_o)
                  0x00570a                  ___muldf3
 .lib_dpfops      0x005824        0x128 c:/program files/microchip/xc16/v2.10/bin/bin/../../lib\libc99-pic30-elf.a(dpsubs.XX_o)
                  0x00583e                  __dxchg
                  0x00584c                  __drshft
                  0x0058a6                  __dupchk
                  0x005908                  __drndex
                  0x005912                  __dnsrnd
                  0x00593e                  __dpakex
 .libm.__muldi3
                  0x00594c         0x52 c:/program files/microchip/xc16/v2.10/bin/bin/../../lib\libc99-pic30-elf.a(muldi3.XX_o)
                  0x00594c                  ___muldi3
 .libm.dcompare
                  0x00599e         0x52 c:/program files/microchip/xc16/v2.10/bin/bin/../../lib\libc99-pic30-elf.a(dcompare.XX_o)
                  0x00599e                  __dcompare
 .libm.dtype      0x0059f0         0x24 c:/program files/microchip/xc16/v2.10/bin/bin/../../lib\libc99-pic30-elf.a(dtype.XX_o)
                  0x0059f0                  __dtype
 .libm.dunpack    0x005a14         0x4e c:/program files/microchip/xc16/v2.10/bin/bin/../../lib\libc99-pic30-elf.a(dunpack.XX_o)
                  0x005a14                  __dunpack
 .libm.dunpack2
                  0x005a62         0x32 c:/program files/microchip/xc16/v2.10/bin/bin/../../lib\libc99-pic30-elf.a(dunpack2.XX_o)
                  0x005a62                  __dunpack2
                  0x005a84                  __dreturnNaN
                  0x005a8a                  __dunpack2exit
 .libm.floatdidf
                  0x005a94         0x20 c:/program files/microchip/xc16/v2.10/bin/bin/../../lib\libc99-pic30-elf.a(floatdidf.XX_o)
                  0x005a94                  ___floatdidf
 .libm.floatundidf
                  0x005ab4         0x56 c:/program files/microchip/xc16/v2.10/bin/bin/../../lib\libc99-pic30-elf.a(floatundidf.XX_o)
                  0x005ab4                  ___floatundidf
 .libm.umuldi3    0x005b0a         0x44 c:/program files/microchip/xc16/v2.10/bin/bin/../../lib\libc99-pic30-elf.a(umuldi3.XX_o)
                  0x005b0a                  ___umuldi3
 .libm.dpack      0x005b4e         0x58 c:/program files/microchip/xc16/v2.10/bin/bin/../../lib\libc99-pic30-elf.a(dpack.XX_o)
                  0x005b4e                  __dpack
 .libm.dPropagateNaN
                  0x005ba6         0x1c c:/program files/microchip/xc16/v2.10/bin/bin/../../lib\libc99-pic30-elf.a(dpropagateNaN.XX_o)
                  0x005ba6                  __dPropagateNaN
 .libc.copysignl
                  0x005bc2         0x34 c:/program files/microchip/xc16/v2.10/bin/bin/../../lib\libm-elf.a(copysignl.XX_o)
                  0x005bc2                  _copysignl
 .libc.fabsl      0x005bf6         0x16 c:/program files/microchip/xc16/v2.10/bin/bin/../../lib\libm-elf.a(fabsl.XX_o)
                  0x005bf6                  _fabsl
 .libc.floorl     0x005c0c         0xf8 c:/program files/microchip/xc16/v2.10/bin/bin/../../lib\libm-elf.a(floorl.XX_o)
                  0x005c0c                  _floorl
 .libc.__LONG_DOUBLE_BITS
                  0x005d04          0x2 c:/program files/microchip/xc16/v2.10/bin/bin/../../lib\libm-elf.a(fmodl.XX_o)
 .libc.fmodl      0x005d06        0x32c c:/program files/microchip/xc16/v2.10/bin/bin/../../lib\libm-elf.a(fmodl.XX_o)
                  0x005d06                  _fmodl
 .libc.scalbnf    0x006032         0x54 c:/program files/microchip/xc16/v2.10/bin/bin/../../lib\libm-elf.a(scalbnf.XX_o)
                  0x006032                  _scalbnf
 .libc.scalbnl    0x006086         0x60 c:/program files/microchip/xc16/v2.10/bin/bin/../../lib\libm-elf.a(scalbnl.XX_o)
                  0x006086                  _scalbnl

usercode
 *(usercode)

__FBS
 *(__FBS.sec*)

__FSS
 *(__FSS.sec*)

__FGS             0xf80004          0x2
 *(__FGS.sec*)
 __FGS.sec        0xf80004          0x2 /CW/_FGS
                  0xf80004                  __FGS.sec

__FOSCSEL
 *(__FOSCSEL.sec*)

__FOSC
 *(__FOSC.sec*)

__FWDT
 *(__FWDT.sec*)

__FPOR
 *(__FPOR.sec*)

__FICD
 *(__FICD.sec*)

__FUID0
 *(__FUID0.sec*)

__FUID1
 *(__FUID1.sec*)

__FUID2
 *(__FUID2.sec*)

__FUID3
 *(__FUID3.sec*)

.comment
 *(.comment)

.debug_info       0x000000      0x3f516
 *(.debug_info)
 .debug_info      0x000000        0x73b build/default/production/_ext/1077471063/deadReckoning.o
 .debug_info      0x00073b        0x2e4 build/default/production/_ext/1077471063/estAirspeed.o
 .debug_info      0x000a1f        0x717 build/default/production/_ext/1077471063/estAltitude.o
 .debug_info      0x001136        0x96b build/default/production/_ext/1077471063/estLocation.o
 .debug_info      0x001aa1        0x6f4 build/default/production/_ext/1077471063/estWind.o
 .debug_info      0x002195        0x4c1 build/default/production/_ext/1077471063/estYawDrift.o
 .debug_info      0x002656        0x5f4 build/default/production/_ext/1077471063/gpsData.o
 .debug_info      0x002c4a        0xa97 build/default/production/_ext/1077471063/gpsParseCommon.o
 .debug_info      0x0036e1        0x174 build/default/production/_ext/1077471063/gpsParseMTEK.o
 .debug_info      0x003855        0x174 build/default/production/_ext/1077471063/gpsParseNMEA.o
 .debug_info      0x0039c9        0x173 build/default/production/_ext/1077471063/gpsParseSTD.o
 .debug_info      0x003b3c       0x199b build/default/production/_ext/1077471063/gpsParseUBX.o
 .debug_info      0x0054d7        0x1a2 build/default/production/_ext/1077471063/hilsim.o
 .debug_info      0x005679        0xa2d build/default/production/_ext/1077471063/libDCM.o
 .debug_info      0x0060a6        0xa89 build/default/production/_ext/1077471063/mag_drift.o
 .debug_info      0x006b2f        0x686 build/default/production/_ext/1077471063/mathlib.o
 .debug_info      0x0071b5        0xa08 build/default/production/_ext/1077471063/mathlibNAV.o
 .debug_info      0x007bbd        0xc63 build/default/production/_ext/1077471063/rmat.o
 .debug_info      0x008820        0x175 build/default/production/_ext/1864667112/AT45D.o
 .debug_info      0x008995        0x179 build/default/production/_ext/1864667112/AT45D_DMA.o
 .debug_info      0x008b0e        0x178 build/default/production/_ext/1864667112/AT45D_FS.o
 .debug_info      0x008c86        0x57d build/default/production/_ext/1864667112/EEPROM.o
 .debug_info      0x009203        0x29c build/default/production/_ext/1864667112/EEPROM_FS.o
 .debug_info      0x00949f        0x608 build/default/production/_ext/1864667112/filesys.o
 .debug_info      0x009aa7        0x179 build/default/production/_ext/1864667112/MDD_AT45D.o
 .debug_info      0x009c20        0x4b9 build/default/production/_ext/1864667112/MDD_EEPROM.o
 .debug_info      0x00a0d9        0x16f build/default/production/_ext/1864667112/usb.o
 .debug_info      0x00a248        0x173 build/default/production/_ext/1864667112/usb_cdc.o
 .debug_info      0x00a3bb        0x17b build/default/production/_ext/1864667112/usb_descriptors.o
 .debug_info      0x00a536        0x173 build/default/production/_ext/1864667112/usb_msd.o
 .debug_info      0x00a6a9        0x16f build/default/production/_ext/1077454706/24LC256.o
 .debug_info      0x00a818        0x2d8 build/default/production/_ext/1077454706/ADchannel.o
 .debug_info      0x00aaf0        0x17c build/default/production/_ext/1077454706/analog2digital_auav3.o
 .debug_info      0x00ac6c        0x17b build/default/production/_ext/1077454706/analog2digital_udb4.o
 .debug_info      0x00ade7       0x1ae3 build/default/production/_ext/1077454706/analog2digital_udb5.o
 .debug_info      0x00c8ca        0x2b6 build/default/production/_ext/1077454706/analogs.o
 .debug_info      0x00cb80       0x1ae8 build/default/production/_ext/1077454706/background.o
 .debug_info      0x00e668        0x171 build/default/production/_ext/1077454706/barometer.o
 .debug_info      0x00e7d9        0x16e build/default/production/_ext/1077454706/cll_io.o
 .debug_info      0x00e947        0x6b8 build/default/production/_ext/1077454706/eeprom_udb4.o
 .debug_info      0x00efff        0xdcd build/default/production/_ext/1077454706/events.o
 .debug_info      0x00fdcc         0x9c build/default/production/_ext/1077454706/fbcl.o
 .debug_info      0x00fe68        0x3d8 build/default/production/_ext/1077454706/heartbeat.o
 .debug_info      0x010240       0x1082 build/default/production/_ext/1077454706/I2C1.o
 .debug_info      0x0112c2       0x114b build/default/production/_ext/1077454706/I2C2.o
 .debug_info      0x01240d        0x3eb build/default/production/_ext/1077454706/libUDB.o
 .debug_info      0x0127f8        0x579 build/default/production/_ext/1077454706/magnetometer.o
 .debug_info      0x012d71        0xf79 build/default/production/_ext/1077454706/mcu.o
 .debug_info      0x013cea        0xc7e build/default/production/_ext/1077454706/mpu6000.o
 .debug_info      0x014968        0xead build/default/production/_ext/1077454706/mpu_spi.o
 .debug_info      0x015815        0x183 build/default/production/_ext/1077454706/osd.o
 .debug_info      0x015998        0x16f build/default/production/_ext/1077454706/osd_bit.o
 .debug_info      0x015b07        0x16f build/default/production/_ext/1077454706/osd_spi.o
 .debug_info      0x015c76        0x5f2 build/default/production/_ext/1077454706/radioIn.o
 .debug_info      0x016268        0x999 build/default/production/_ext/1077454706/read.o
 .debug_info      0x016c01       0x1a95 build/default/production/_ext/1077454706/serialIO.o
 .debug_info      0x018696       0x10cd build/default/production/_ext/1077454706/servoOut.o
 .debug_info      0x019763        0x16f build/default/production/_ext/1077454706/sonarIn.o
 .debug_info      0x0198d2        0x469 build/default/production/_ext/1077454706/traps.o
 .debug_info      0x019d3b         0xa1 build/default/production/_ext/1077454706/traps_asm.o
 .debug_info      0x019ddc        0x186 build/default/production/_ext/1077454706/uart.o
 .debug_info      0x019f62        0x97e build/default/production/_ext/1077454706/write.o
 .debug_info      0x01a8e0        0x5eb build/default/production/_ext/1077454706/Lidar.o
 .debug_info      0x01aecb         0xa5 build/default/production/_ext/679848855/madd.o
 .debug_info      0x01af70         0xa5 build/default/production/_ext/679848855/mmul.o
 .debug_info      0x01b015         0xa5 build/default/production/_ext/679848855/mscl.o
 .debug_info      0x01b0ba         0xa5 build/default/production/_ext/679848855/msub.o
 .debug_info      0x01b15f         0xa5 build/default/production/_ext/679848855/mtrp.o
 .debug_info      0x01b204         0xa5 build/default/production/_ext/679848855/vadd.o
 .debug_info      0x01b2a9         0xa5 build/default/production/_ext/679848855/vcon.o
 .debug_info      0x01b34e         0xa6 build/default/production/_ext/679848855/vcopy.o
 .debug_info      0x01b3f4         0xa5 build/default/production/_ext/679848855/vcor.o
 .debug_info      0x01b499         0xa5 build/default/production/_ext/679848855/vdot.o
 .debug_info      0x01b53e         0xa5 build/default/production/_ext/679848855/vmax.o
 .debug_info      0x01b5e3         0xa5 build/default/production/_ext/679848855/vmin.o
 .debug_info      0x01b688         0xa5 build/default/production/_ext/679848855/vmul.o
 .debug_info      0x01b72d         0xa5 build/default/production/_ext/679848855/vneg.o
 .debug_info      0x01b7d2         0xa5 build/default/production/_ext/679848855/vpow.o
 .debug_info      0x01b877         0xa5 build/default/production/_ext/679848855/vscl.o
 .debug_info      0x01b91c         0xa5 build/default/production/_ext/679848855/vsub.o
 .debug_info      0x01b9c1         0xa6 build/default/production/_ext/679848855/vzpad.o
 .debug_info      0x01ba67        0x69c build/default/production/_ext/1363575369/airspeedCntrl.o
 .debug_info      0x01c103       0x108b build/default/production/_ext/1363575369/altitudeCntrl.o
 .debug_info      0x01d18e        0x1e1 build/default/production/_ext/1363575369/altitudeCntrlVariable.o
 .debug_info      0x01d36f        0x6f8 build/default/production/_ext/1363575369/behavior.o
 .debug_info      0x01da67        0x512 build/default/production/_ext/1363575369/cameraCntrl.o
 .debug_info      0x01df79        0xb17 build/default/production/_ext/1363575369/config.o
 .debug_info      0x01ea90        0x179 build/default/production/_ext/1363575369/config_tests.o
 .debug_info      0x01ec09        0x174 build/default/production/_ext/1363575369/console.o
 .debug_info      0x01ed7d        0x17a build/default/production/_ext/1363575369/data_services.o
 .debug_info      0x01eef7        0x179 build/default/production/_ext/1363575369/data_storage.o
 .debug_info      0x01f070        0x262 build/default/production/_ext/1363575369/euler_angles.o
 .debug_info      0x01f2d2        0x434 build/default/production/_ext/1363575369/flight_state.o
 .debug_info      0x01f706       0x1236 build/default/production/_ext/1363575369/flightplan-logo.o
 .debug_info      0x02093c        0xb0b build/default/production/_ext/1363575369/flightplan-waypoints.o
 .debug_info      0x021447        0x41a build/default/production/_ext/1363575369/flightplan.o
 .debug_info      0x021861        0x17c build/default/production/_ext/1363575369/fly_by_datalink.o
 .debug_info      0x0219dd        0x4a9 build/default/production/_ext/1363575369/helicalTurnCntrl.o
 .debug_info      0x021e86        0x74f build/default/production/_ext/1363575369/main.o
 .debug_info      0x0225d5        0x630 build/default/production/_ext/1363575369/MAVFlexiFunctions.o
 .debug_info      0x022c05       0x493f build/default/production/_ext/1363575369/MAVLink.o
 .debug_info      0x027544       0x27b7 build/default/production/_ext/1363575369/MAVMission.o
 .debug_info      0x029cfb       0x20e8 build/default/production/_ext/1363575369/MAVParams.o
 .debug_info      0x02bde3       0x38fa build/default/production/_ext/1363575369/MAVUDBExtra.o
 .debug_info      0x02f6dd        0x1aa build/default/production/_ext/1363575369/minim_osd.o
 .debug_info      0x02f887       0x1340 build/default/production/_ext/1363575369/minIni.o
 .debug_info      0x030bc7        0x5c5 build/default/production/_ext/1363575369/mode_switch.o
 .debug_info      0x03118c        0x1bc build/default/production/_ext/1363575369/mp_osd.o
 .debug_info      0x031348       0x11af build/default/production/_ext/1363575369/navigate.o
 .debug_info      0x0324f7        0x17c build/default/production/_ext/1363575369/nv_memory_table.o
 .debug_info      0x032673        0xa96 build/default/production/_ext/1363575369/parameter_table.o
 .debug_info      0x033109        0x17d build/default/production/_ext/1363575369/parameter_table2.o
 .debug_info      0x033286       0x1050 build/default/production/_ext/1363575369/pitchCntrl.o
 .debug_info      0x0342d6        0x176 build/default/production/_ext/1363575369/preflight.o
 .debug_info      0x03444c        0x178 build/default/production/_ext/1363575369/remzibi_osd.o
 .debug_info      0x0345c4        0x178 build/default/production/_ext/1363575369/ring_buffer.o
 .debug_info      0x03473c        0xeaf build/default/production/_ext/1363575369/rollCntrl.o
 .debug_info      0x0355eb        0x63f build/default/production/_ext/1363575369/servoMix.o
 .debug_info      0x035c2a        0xab4 build/default/production/_ext/1363575369/servoPrepare.o
 .debug_info      0x0366de        0x1aa build/default/production/_ext/1363575369/sonarCntrl.o
 .debug_info      0x036888        0xc85 build/default/production/_ext/1363575369/states.o
 .debug_info      0x03750d        0x2a1 build/default/production/_ext/1363575369/telemetry.o
 .debug_info      0x0377ae        0x6f6 build/default/production/_ext/1363575369/telemetry_log.o
 .debug_info      0x037ea4        0xf12 build/default/production/_ext/1363575369/yawCntrl.o
 .debug_info      0x038db6        0xd7f build/default/production/_ext/1472/motorCntrl.o
 .debug_info      0x039b35        0x721 build/default/production/_ext/1940647236/MAVFTP.o
 .debug_info      0x03a256       0x301a build/default/production/_ext/264835745/FSIO.o
 .debug_info      0x03d270        0x185 build/default/production/_ext/264835745/SD-SPI.o
 .debug_info      0x03d3f5        0x191 build/default/production/_ext/1836339082/usb_function_cdc.o
 .debug_info      0x03d586        0x191 build/default/production/_ext/629040614/usb_function_msd.o
 .debug_info      0x03d717        0x179 build/default/production/_ext/713068069/usb_device.o
 .debug_info      0x03d890        0x17f build/default/production/_ext/713068069/usb_hal_dspic33e.o
 .debug_info      0x03da0f         0x8c c:/program files/microchip/xc16/v2.10/bin/bin/../../lib\libc99-pic30-elf.a(divsi3.XX_o)
 .debug_info      0x03da9b         0x8d c:/program files/microchip/xc16/v2.10/bin/bin/../../lib\libc99-pic30-elf.a(feqltle.XX_o)
 .debug_info      0x03db28         0x8b c:/program files/microchip/xc16/v2.10/bin/bin/../../lib\libc99-pic30-elf.a(fgtge.XX_o)
 .debug_info      0x03dbb3         0x8d c:/program files/microchip/xc16/v2.10/bin/bin/../../lib\libc99-pic30-elf.a(fixsfsi.XX_o)
 .debug_info      0x03dc40         0x90 c:/program files/microchip/xc16/v2.10/bin/bin/../../lib\libc99-pic30-elf.a(fixunssfsi.XX_o)
 .debug_info      0x03dcd0         0x8f c:/program files/microchip/xc16/v2.10/bin/bin/../../lib\libc99-pic30-elf.a(floatsisf.XX_o)
 .debug_info      0x03dd5f         0x91 c:/program files/microchip/xc16/v2.10/bin/bin/../../lib\libc99-pic30-elf.a(floatunsisf.XX_o)
 .debug_info      0x03ddf0         0x8d c:/program files/microchip/xc16/v2.10/bin/bin/../../lib\libc99-pic30-elf.a(funpack.XX_o)
 .debug_info      0x03de7d         0x8c c:/program files/microchip/xc16/v2.10/bin/bin/../../lib\libc99-pic30-elf.a(modsi3.XX_o)
 .debug_info      0x03df09         0x8d c:/program files/microchip/xc16/v2.10/bin/bin/../../lib\libc99-pic30-elf.a(udivsi3.XX_o)
 .debug_info      0x03df96         0x8d c:/program files/microchip/xc16/v2.10/bin/bin/../../lib\libc99-pic30-elf.a(umodsi3.XX_o)
 .debug_info      0x03e023         0x9d c:/program files/microchip/xc16/v2.10/bin/bin/../../lib\libc99-pic30-elf.a(addsf3x.XX_o)
 .debug_info      0x03e0c0         0x9d c:/program files/microchip/xc16/v2.10/bin/bin/../../lib\libc99-pic30-elf.a(divsf3x.XX_o)
 .debug_info      0x03e15d         0x9d c:/program files/microchip/xc16/v2.10/bin/bin/../../lib\libc99-pic30-elf.a(mulsf3x.XX_o)
 .debug_info      0x03e1fa         0xa0 c:/program files/microchip/xc16/v2.10/bin/bin/../../lib\libc99-pic30-elf.a(dnrmpackfx.XX_o)
 .debug_info      0x03e29a         0xa2 c:/program files/microchip/xc16/v2.10/bin/bin/../../lib\libc99-pic30-elf.a(unpackdnrmfx.XX_o)
 .debug_info      0x03e33c         0x9c c:/program files/microchip/xc16/v2.10/bin/bin/../../lib\libc99-pic30-elf.a(typefx.XX_o)
 .debug_info      0x03e3d8         0x9f c:/program files/microchip/xc16/v2.10/bin/bin/../../lib\libc99-pic30-elf.a(propnanfx.XX_o)
 .debug_info      0x03e477         0x9d c:/program files/microchip/xc16/v2.10/bin/bin/../../lib\libc99-pic30-elf.a(spackfx.XX_o)
 .debug_info      0x03e514         0x9e c:/program files/microchip/xc16/v2.10/bin/bin/../../lib\libc99-pic30-elf.a(unpackfx.XX_o)
 .debug_info      0x03e5b2         0x8e c:/program files/microchip/xc16/v2.10/bin/bin/../../lib\libc99-pic30-elf.a(fcompare.XX_o)
 .debug_info      0x03e640         0x8f c:/program files/microchip/xc16/v2.10/bin/bin/../../lib\libc99-pic30-elf.a(floatdisf.XX_o)
 .debug_info      0x03e6cf         0x91 c:/program files/microchip/xc16/v2.10/bin/bin/../../lib\libc99-pic30-elf.a(floatundisf.XX_o)
 .debug_info      0x03e760         0x8b c:/program files/microchip/xc16/v2.10/bin/bin/../../lib\libc99-pic30-elf.a(fpack.XX_o)
 .debug_info      0x03e7eb         0x8e c:/program files/microchip/xc16/v2.10/bin/bin/../../lib\libc99-pic30-elf.a(funpack2.XX_o)
 .debug_info      0x03e879         0x8d c:/program files/microchip/xc16/v2.10/bin/bin/../../lib\libc99-pic30-elf.a(deqltle.XX_o)
 .debug_info      0x03e906         0x8b c:/program files/microchip/xc16/v2.10/bin/bin/../../lib\libc99-pic30-elf.a(dgtge.XX_o)
 .debug_info      0x03e991         0x89 c:/program files/microchip/xc16/v2.10/bin/bin/../../lib\libc99-pic30-elf.a(dne.XX_o)
 .debug_info      0x03ea1a         0x90 c:/program files/microchip/xc16/v2.10/bin/bin/../../lib\libc99-pic30-elf.a(extendsfdf.XX_o)
 .debug_info      0x03eaaa         0x8d c:/program files/microchip/xc16/v2.10/bin/bin/../../lib\libc99-pic30-elf.a(fixdfsi.XX_o)
 .debug_info      0x03eb37         0x8f c:/program files/microchip/xc16/v2.10/bin/bin/../../lib\libc99-pic30-elf.a(floatsidf.XX_o)
 .debug_info      0x03ebc6         0x91 c:/program files/microchip/xc16/v2.10/bin/bin/../../lib\libc99-pic30-elf.a(floatunsidf.XX_o)
 .debug_info      0x03ec57         0x8f c:/program files/microchip/xc16/v2.10/bin/bin/../../lib\libc99-pic30-elf.a(truncdfsf.XX_o)
 .debug_info      0x03ece6         0x8c c:/program files/microchip/xc16/v2.10/bin/bin/../../lib\libc99-pic30-elf.a(mulsi3.XX_o)
 .debug_info      0x03ed72         0xa9 c:/program files/microchip/xc16/v2.10/bin/bin/../../lib\libc99-pic30-elf.a(dpadd.XX_o)
 .debug_info      0x03ee1b         0xa9 c:/program files/microchip/xc16/v2.10/bin/bin/../../lib\libc99-pic30-elf.a(dpdiv.XX_o)
 .debug_info      0x03eec4         0xa9 c:/program files/microchip/xc16/v2.10/bin/bin/../../lib\libc99-pic30-elf.a(dpmul.XX_o)
 .debug_info      0x03ef6d         0xaa c:/program files/microchip/xc16/v2.10/bin/bin/../../lib\libc99-pic30-elf.a(dpsubs.XX_o)
 .debug_info      0x03f017         0x8e c:/program files/microchip/xc16/v2.10/bin/bin/../../lib\libc99-pic30-elf.a(dcompare.XX_o)
 .debug_info      0x03f0a5         0x8b c:/program files/microchip/xc16/v2.10/bin/bin/../../lib\libc99-pic30-elf.a(dtype.XX_o)
 .debug_info      0x03f130         0x8d c:/program files/microchip/xc16/v2.10/bin/bin/../../lib\libc99-pic30-elf.a(dunpack.XX_o)
 .debug_info      0x03f1bd         0x8e c:/program files/microchip/xc16/v2.10/bin/bin/../../lib\libc99-pic30-elf.a(dunpack2.XX_o)
 .debug_info      0x03f24b         0x8f c:/program files/microchip/xc16/v2.10/bin/bin/../../lib\libc99-pic30-elf.a(floatdidf.XX_o)
 .debug_info      0x03f2da         0x91 c:/program files/microchip/xc16/v2.10/bin/bin/../../lib\libc99-pic30-elf.a(floatundidf.XX_o)
 .debug_info      0x03f36b         0x8d c:/program files/microchip/xc16/v2.10/bin/bin/../../lib\libc99-pic30-elf.a(umuldi3.XX_o)
 .debug_info      0x03f3f8         0x8b c:/program files/microchip/xc16/v2.10/bin/bin/../../lib\libc99-pic30-elf.a(dpack.XX_o)
 .debug_info      0x03f483         0x93 c:/program files/microchip/xc16/v2.10/bin/bin/../../lib\libc99-pic30-elf.a(dpropagateNaN.XX_o)
 *(.gnu.linkonce.wi.*)

.debug_abbrev     0x000000       0x6985
 *(.debug_abbrev)
 .debug_abbrev    0x000000         0xeb build/default/production/_ext/1077471063/deadReckoning.o
 .debug_abbrev    0x0000eb         0x6d build/default/production/_ext/1077471063/estAirspeed.o
 .debug_abbrev    0x000158        0x10b build/default/production/_ext/1077471063/estAltitude.o
 .debug_abbrev    0x000263        0x118 build/default/production/_ext/1077471063/estLocation.o
 .debug_abbrev    0x00037b         0xfa build/default/production/_ext/1077471063/estWind.o
 .debug_abbrev    0x000475         0xcf build/default/production/_ext/1077471063/estYawDrift.o
 .debug_abbrev    0x000544         0x7e build/default/production/_ext/1077471063/gpsData.o
 .debug_abbrev    0x0005c2        0x1e1 build/default/production/_ext/1077471063/gpsParseCommon.o
 .debug_abbrev    0x0007a3         0x1f build/default/production/_ext/1077471063/gpsParseMTEK.o
 .debug_abbrev    0x0007c2         0x1f build/default/production/_ext/1077471063/gpsParseNMEA.o
 .debug_abbrev    0x0007e1         0x1f build/default/production/_ext/1077471063/gpsParseSTD.o
 .debug_abbrev    0x000800        0x1e5 build/default/production/_ext/1077471063/gpsParseUBX.o
 .debug_abbrev    0x0009e5         0x4b build/default/production/_ext/1077471063/hilsim.o
 .debug_abbrev    0x000a30        0x19b build/default/production/_ext/1077471063/libDCM.o
 .debug_abbrev    0x000bcb        0x153 build/default/production/_ext/1077471063/mag_drift.o
 .debug_abbrev    0x000d1e         0xef build/default/production/_ext/1077471063/mathlib.o
 .debug_abbrev    0x000e0d        0x182 build/default/production/_ext/1077471063/mathlibNAV.o
 .debug_abbrev    0x000f8f        0x1d5 build/default/production/_ext/1077471063/rmat.o
 .debug_abbrev    0x001164         0x1f build/default/production/_ext/1864667112/AT45D.o
 .debug_abbrev    0x001183         0x1f build/default/production/_ext/1864667112/AT45D_DMA.o
 .debug_abbrev    0x0011a2         0x1f build/default/production/_ext/1864667112/AT45D_FS.o
 .debug_abbrev    0x0011c1        0x151 build/default/production/_ext/1864667112/EEPROM.o
 .debug_abbrev    0x001312         0xb8 build/default/production/_ext/1864667112/EEPROM_FS.o
 .debug_abbrev    0x0013ca        0x120 build/default/production/_ext/1864667112/filesys.o
 .debug_abbrev    0x0014ea         0x1f build/default/production/_ext/1864667112/MDD_AT45D.o
 .debug_abbrev    0x001509        0x124 build/default/production/_ext/1864667112/MDD_EEPROM.o
 .debug_abbrev    0x00162d         0x1f build/default/production/_ext/1864667112/usb.o
 .debug_abbrev    0x00164c         0x1f build/default/production/_ext/1864667112/usb_cdc.o
 .debug_abbrev    0x00166b         0x1f build/default/production/_ext/1864667112/usb_descriptors.o
 .debug_abbrev    0x00168a         0x1f build/default/production/_ext/1864667112/usb_msd.o
 .debug_abbrev    0x0016a9         0x1f build/default/production/_ext/1077454706/24LC256.o
 .debug_abbrev    0x0016c8         0x92 build/default/production/_ext/1077454706/ADchannel.o
 .debug_abbrev    0x00175a         0x1f build/default/production/_ext/1077454706/analog2digital_auav3.o
 .debug_abbrev    0x001779         0x1f build/default/production/_ext/1077454706/analog2digital_udb4.o
 .debug_abbrev    0x001798        0x199 build/default/production/_ext/1077454706/analog2digital_udb5.o
 .debug_abbrev    0x001931         0xab build/default/production/_ext/1077454706/analogs.o
 .debug_abbrev    0x0019dc        0x194 build/default/production/_ext/1077454706/background.o
 .debug_abbrev    0x001b70         0x1f build/default/production/_ext/1077454706/barometer.o
 .debug_abbrev    0x001b8f         0x1f build/default/production/_ext/1077454706/cll_io.o
 .debug_abbrev    0x001bae        0x116 build/default/production/_ext/1077454706/eeprom_udb4.o
 .debug_abbrev    0x001cc4        0x1b6 build/default/production/_ext/1077454706/events.o
 .debug_abbrev    0x001e7a         0x14 build/default/production/_ext/1077454706/fbcl.o
 .debug_abbrev    0x001e8e        0x103 build/default/production/_ext/1077454706/heartbeat.o
 .debug_abbrev    0x001f91        0x1a4 build/default/production/_ext/1077454706/I2C1.o
 .debug_abbrev    0x002135        0x1e9 build/default/production/_ext/1077454706/I2C2.o
 .debug_abbrev    0x00231e        0x124 build/default/production/_ext/1077454706/libUDB.o
 .debug_abbrev    0x002442        0x129 build/default/production/_ext/1077454706/magnetometer.o
 .debug_abbrev    0x00256b        0x133 build/default/production/_ext/1077454706/mcu.o
 .debug_abbrev    0x00269e        0x189 build/default/production/_ext/1077454706/mpu6000.o
 .debug_abbrev    0x002827        0x18d build/default/production/_ext/1077454706/mpu_spi.o
 .debug_abbrev    0x0029b4         0x34 build/default/production/_ext/1077454706/osd.o
 .debug_abbrev    0x0029e8         0x1f build/default/production/_ext/1077454706/osd_bit.o
 .debug_abbrev    0x002a07         0x1f build/default/production/_ext/1077454706/osd_spi.o
 .debug_abbrev    0x002a26        0x15f build/default/production/_ext/1077454706/radioIn.o
 .debug_abbrev    0x002b85        0x126 build/default/production/_ext/1077454706/read.o
 .debug_abbrev    0x002cab        0x19b build/default/production/_ext/1077454706/serialIO.o
 .debug_abbrev    0x002e46        0x1f7 build/default/production/_ext/1077454706/servoOut.o
 .debug_abbrev    0x00303d         0x1f build/default/production/_ext/1077454706/sonarIn.o
 .debug_abbrev    0x00305c         0xd2 build/default/production/_ext/1077454706/traps.o
 .debug_abbrev    0x00312e         0x14 build/default/production/_ext/1077454706/traps_asm.o
 .debug_abbrev    0x003142         0x34 build/default/production/_ext/1077454706/uart.o
 .debug_abbrev    0x003176        0x11d build/default/production/_ext/1077454706/write.o
 .debug_abbrev    0x003293        0x164 build/default/production/_ext/1077454706/Lidar.o
 .debug_abbrev    0x0033f7         0x14 build/default/production/_ext/679848855/madd.o
 .debug_abbrev    0x00340b         0x14 build/default/production/_ext/679848855/mmul.o
 .debug_abbrev    0x00341f         0x14 build/default/production/_ext/679848855/mscl.o
 .debug_abbrev    0x003433         0x14 build/default/production/_ext/679848855/msub.o
 .debug_abbrev    0x003447         0x14 build/default/production/_ext/679848855/mtrp.o
 .debug_abbrev    0x00345b         0x14 build/default/production/_ext/679848855/vadd.o
 .debug_abbrev    0x00346f         0x14 build/default/production/_ext/679848855/vcon.o
 .debug_abbrev    0x003483         0x14 build/default/production/_ext/679848855/vcopy.o
 .debug_abbrev    0x003497         0x14 build/default/production/_ext/679848855/vcor.o
 .debug_abbrev    0x0034ab         0x14 build/default/production/_ext/679848855/vdot.o
 .debug_abbrev    0x0034bf         0x14 build/default/production/_ext/679848855/vmax.o
 .debug_abbrev    0x0034d3         0x14 build/default/production/_ext/679848855/vmin.o
 .debug_abbrev    0x0034e7         0x14 build/default/production/_ext/679848855/vmul.o
 .debug_abbrev    0x0034fb         0x14 build/default/production/_ext/679848855/vneg.o
 .debug_abbrev    0x00350f         0x14 build/default/production/_ext/679848855/vpow.o
 .debug_abbrev    0x003523         0x14 build/default/production/_ext/679848855/vscl.o
 .debug_abbrev    0x003537         0x14 build/default/production/_ext/679848855/vsub.o
 .debug_abbrev    0x00354b         0x14 build/default/production/_ext/679848855/vzpad.o
 .debug_abbrev    0x00355f        0x112 build/default/production/_ext/1363575369/airspeedCntrl.o
 .debug_abbrev    0x003671        0x1a6 build/default/production/_ext/1363575369/altitudeCntrl.o
 .debug_abbrev    0x003817         0x60 build/default/production/_ext/1363575369/altitudeCntrlVariable.o
 .debug_abbrev    0x003877        0x123 build/default/production/_ext/1363575369/behavior.o
 .debug_abbrev    0x00399a        0x112 build/default/production/_ext/1363575369/cameraCntrl.o
 .debug_abbrev    0x003aac        0x119 build/default/production/_ext/1363575369/config.o
 .debug_abbrev    0x003bc5         0x1f build/default/production/_ext/1363575369/config_tests.o
 .debug_abbrev    0x003be4         0x1f build/default/production/_ext/1363575369/console.o
 .debug_abbrev    0x003c03         0x1f build/default/production/_ext/1363575369/data_services.o
 .debug_abbrev    0x003c22         0x1f build/default/production/_ext/1363575369/data_storage.o
 .debug_abbrev    0x003c41         0x91 build/default/production/_ext/1363575369/euler_angles.o
 .debug_abbrev    0x003cd2        0x110 build/default/production/_ext/1363575369/flight_state.o
 .debug_abbrev    0x003de2        0x203 build/default/production/_ext/1363575369/flightplan-logo.o
 .debug_abbrev    0x003fe5        0x212 build/default/production/_ext/1363575369/flightplan-waypoints.o
 .debug_abbrev    0x0041f7         0xe2 build/default/production/_ext/1363575369/flightplan.o
 .debug_abbrev    0x0042d9         0x1f build/default/production/_ext/1363575369/fly_by_datalink.o
 .debug_abbrev    0x0042f8         0xfc build/default/production/_ext/1363575369/helicalTurnCntrl.o
 .debug_abbrev    0x0043f4         0xda build/default/production/_ext/1363575369/main.o
 .debug_abbrev    0x0044ce         0xd8 build/default/production/_ext/1363575369/MAVFlexiFunctions.o
 .debug_abbrev    0x0045a6        0x30e build/default/production/_ext/1363575369/MAVLink.o
 .debug_abbrev    0x0048b4        0x21c build/default/production/_ext/1363575369/MAVMission.o
 .debug_abbrev    0x004ad0        0x284 build/default/production/_ext/1363575369/MAVParams.o
 .debug_abbrev    0x004d54        0x208 build/default/production/_ext/1363575369/MAVUDBExtra.o
 .debug_abbrev    0x004f5c         0x4b build/default/production/_ext/1363575369/minim_osd.o
 .debug_abbrev    0x004fa7        0x1f7 build/default/production/_ext/1363575369/minIni.o
 .debug_abbrev    0x00519e         0xc6 build/default/production/_ext/1363575369/mode_switch.o
 .debug_abbrev    0x005264         0x50 build/default/production/_ext/1363575369/mp_osd.o
 .debug_abbrev    0x0052b4        0x229 build/default/production/_ext/1363575369/navigate.o
 .debug_abbrev    0x0054dd         0x1f build/default/production/_ext/1363575369/nv_memory_table.o
 .debug_abbrev    0x0054fc        0x11c build/default/production/_ext/1363575369/parameter_table.o
 .debug_abbrev    0x005618         0x1f build/default/production/_ext/1363575369/parameter_table2.o
 .debug_abbrev    0x005637          0x1 build/default/production/_ext/1363575369/parameter_table_init.o
 .debug_abbrev    0x005638        0x14a build/default/production/_ext/1363575369/pitchCntrl.o
 .debug_abbrev    0x005782         0x1f build/default/production/_ext/1363575369/preflight.o
 .debug_abbrev    0x0057a1          0x1 build/default/production/_ext/1363575369/redef.o
 .debug_abbrev    0x0057a2         0x1f build/default/production/_ext/1363575369/remzibi_osd.o
 .debug_abbrev    0x0057c1         0x1f build/default/production/_ext/1363575369/ring_buffer.o
 .debug_abbrev    0x0057e0        0x135 build/default/production/_ext/1363575369/rollCntrl.o
 .debug_abbrev    0x005915        0x133 build/default/production/_ext/1363575369/servoMix.o
 .debug_abbrev    0x005a48        0x129 build/default/production/_ext/1363575369/servoPrepare.o
 .debug_abbrev    0x005b71         0x34 build/default/production/_ext/1363575369/sonarCntrl.o
 .debug_abbrev    0x005ba5        0x177 build/default/production/_ext/1363575369/states.o
 .debug_abbrev    0x005d1c         0x9d build/default/production/_ext/1363575369/telemetry.o
 .debug_abbrev    0x005db9        0x11f build/default/production/_ext/1363575369/telemetry_log.o
 .debug_abbrev    0x005ed8        0x12d build/default/production/_ext/1363575369/yawCntrl.o
 .debug_abbrev    0x006005        0x1ef build/default/production/_ext/1472/motorCntrl.o
 .debug_abbrev    0x0061f4          0x1 build/default/production/_ext/813967445/bittest.o
 .debug_abbrev    0x0061f5        0x10c build/default/production/_ext/1940647236/MAVFTP.o
 .debug_abbrev    0x006301        0x23d build/default/production/_ext/264835745/FSIO.o
 .debug_abbrev    0x00653e         0x1f build/default/production/_ext/264835745/SD-SPI.o
 .debug_abbrev    0x00655d         0x1f build/default/production/_ext/1836339082/usb_function_cdc.o
 .debug_abbrev    0x00657c         0x1f build/default/production/_ext/629040614/usb_function_msd.o
 .debug_abbrev    0x00659b         0x1f build/default/production/_ext/713068069/usb_device.o
 .debug_abbrev    0x0065ba         0x1f build/default/production/_ext/713068069/usb_hal_dspic33e.o
 .debug_abbrev    0x0065d9         0x14 c:/program files/microchip/xc16/v2.10/bin/bin/../../lib\libc99-pic30-elf.a(divsi3.XX_o)
 .debug_abbrev    0x0065ed         0x14 c:/program files/microchip/xc16/v2.10/bin/bin/../../lib\libc99-pic30-elf.a(feqltle.XX_o)
 .debug_abbrev    0x006601         0x14 c:/program files/microchip/xc16/v2.10/bin/bin/../../lib\libc99-pic30-elf.a(fgtge.XX_o)
 .debug_abbrev    0x006615         0x14 c:/program files/microchip/xc16/v2.10/bin/bin/../../lib\libc99-pic30-elf.a(fixsfsi.XX_o)
 .debug_abbrev    0x006629         0x14 c:/program files/microchip/xc16/v2.10/bin/bin/../../lib\libc99-pic30-elf.a(fixunssfsi.XX_o)
 .debug_abbrev    0x00663d         0x14 c:/program files/microchip/xc16/v2.10/bin/bin/../../lib\libc99-pic30-elf.a(floatsisf.XX_o)
 .debug_abbrev    0x006651         0x14 c:/program files/microchip/xc16/v2.10/bin/bin/../../lib\libc99-pic30-elf.a(floatunsisf.XX_o)
 .debug_abbrev    0x006665         0x14 c:/program files/microchip/xc16/v2.10/bin/bin/../../lib\libc99-pic30-elf.a(funpack.XX_o)
 .debug_abbrev    0x006679         0x14 c:/program files/microchip/xc16/v2.10/bin/bin/../../lib\libc99-pic30-elf.a(modsi3.XX_o)
 .debug_abbrev    0x00668d         0x14 c:/program files/microchip/xc16/v2.10/bin/bin/../../lib\libc99-pic30-elf.a(udivsi3.XX_o)
 .debug_abbrev    0x0066a1         0x14 c:/program files/microchip/xc16/v2.10/bin/bin/../../lib\libc99-pic30-elf.a(umodsi3.XX_o)
 .debug_abbrev    0x0066b5         0x14 c:/program files/microchip/xc16/v2.10/bin/bin/../../lib\libc99-pic30-elf.a(addsf3x.XX_o)
 .debug_abbrev    0x0066c9         0x14 c:/program files/microchip/xc16/v2.10/bin/bin/../../lib\libc99-pic30-elf.a(divsf3x.XX_o)
 .debug_abbrev    0x0066dd         0x14 c:/program files/microchip/xc16/v2.10/bin/bin/../../lib\libc99-pic30-elf.a(mulsf3x.XX_o)
 .debug_abbrev    0x0066f1         0x14 c:/program files/microchip/xc16/v2.10/bin/bin/../../lib\libc99-pic30-elf.a(dnrmpackfx.XX_o)
 .debug_abbrev    0x006705         0x14 c:/program files/microchip/xc16/v2.10/bin/bin/../../lib\libc99-pic30-elf.a(unpackdnrmfx.XX_o)
 .debug_abbrev    0x006719         0x14 c:/program files/microchip/xc16/v2.10/bin/bin/../../lib\libc99-pic30-elf.a(typefx.XX_o)
 .debug_abbrev    0x00672d         0x14 c:/program files/microchip/xc16/v2.10/bin/bin/../../lib\libc99-pic30-elf.a(propnanfx.XX_o)
 .debug_abbrev    0x006741         0x14 c:/program files/microchip/xc16/v2.10/bin/bin/../../lib\libc99-pic30-elf.a(spackfx.XX_o)
 .debug_abbrev    0x006755         0x14 c:/program files/microchip/xc16/v2.10/bin/bin/../../lib\libc99-pic30-elf.a(unpackfx.XX_o)
 .debug_abbrev    0x006769         0x14 c:/program files/microchip/xc16/v2.10/bin/bin/../../lib\libc99-pic30-elf.a(fcompare.XX_o)
 .debug_abbrev    0x00677d         0x14 c:/program files/microchip/xc16/v2.10/bin/bin/../../lib\libc99-pic30-elf.a(floatdisf.XX_o)
 .debug_abbrev    0x006791         0x14 c:/program files/microchip/xc16/v2.10/bin/bin/../../lib\libc99-pic30-elf.a(floatundisf.XX_o)
 .debug_abbrev    0x0067a5         0x14 c:/program files/microchip/xc16/v2.10/bin/bin/../../lib\libc99-pic30-elf.a(fpack.XX_o)
 .debug_abbrev    0x0067b9         0x14 c:/program files/microchip/xc16/v2.10/bin/bin/../../lib\libc99-pic30-elf.a(funpack2.XX_o)
 .debug_abbrev    0x0067cd         0x14 c:/program files/microchip/xc16/v2.10/bin/bin/../../lib\libc99-pic30-elf.a(deqltle.XX_o)
 .debug_abbrev    0x0067e1         0x14 c:/program files/microchip/xc16/v2.10/bin/bin/../../lib\libc99-pic30-elf.a(dgtge.XX_o)
 .debug_abbrev    0x0067f5         0x14 c:/program files/microchip/xc16/v2.10/bin/bin/../../lib\libc99-pic30-elf.a(dne.XX_o)
 .debug_abbrev    0x006809         0x14 c:/program files/microchip/xc16/v2.10/bin/bin/../../lib\libc99-pic30-elf.a(extendsfdf.XX_o)
 .debug_abbrev    0x00681d         0x14 c:/program files/microchip/xc16/v2.10/bin/bin/../../lib\libc99-pic30-elf.a(fixdfsi.XX_o)
 .debug_abbrev    0x006831         0x14 c:/program files/microchip/xc16/v2.10/bin/bin/../../lib\libc99-pic30-elf.a(floatsidf.XX_o)
 .debug_abbrev    0x006845         0x14 c:/program files/microchip/xc16/v2.10/bin/bin/../../lib\libc99-pic30-elf.a(floatunsidf.XX_o)