Microchip Technology Inc, v2.10 (B)

Tool Name:
  c:\program files\microchip\xc16\v2.10\bin\bin\..\bin/elf-ld.exe

Command:
  -p33FJ256GP710A \
  --mdfp=C:/Program Files/Microchip/MPLABX/v6.30/packs/Microchip/dsPIC33F-GP-MC_DFP/1.4.235/xc16 \
  -o \
  dist/default/debug/MatrixPilot-udb5.X.debug.elf \
  -Lc:/program files/microchip/xc16/v2.10/bin/bin/.. \
  -LC:/Program Files/Microchip/MPLABX/v6.30/packs/Microchip/dsPIC33F-GP-MC_DFP/1.4.235/xc16/bin/../support/PIC24H/gld \
  -LC:/Program Files/Microchip/MPLABX/v6.30/packs/Microchip/dsPIC33F-GP-MC_DFP/1.4.235/xc16/bin/../support/dsPIC33F/gld \
  -Lc:/program files/microchip/xc16/v2.10/bin/bin/../../lib \
  -Lc:/program files/microchip/xc16/v2.10/bin/bin/../../support/PIC24E/gld \
  -Lc:/program files/microchip/xc16/v2.10/bin/bin/../../support/PIC24F/gld \
  -Lc:/program files/microchip/xc16/v2.10/bin/bin/../../support/PIC24H/gld \
  -Lc:/program files/microchip/xc16/v2.10/bin/bin/../../support/dsPIC30F/gld \
  -Lc:/program files/microchip/xc16/v2.10/bin/bin/../../support/dsPIC33C/gld \
  -Lc:/program files/microchip/xc16/v2.10/bin/bin/../../support/dsPIC33E/gld \
  -Lc:/program files/microchip/xc16/v2.10/bin/bin/../../support/dsPIC33F/gld \
  build/default/debug/_ext/1077471063/deadReckoning.o \
  build/default/debug/_ext/1077471063/estAirspeed.o \
  build/default/debug/_ext/1077471063/estAltitude.o \
  build/default/debug/_ext/1077471063/estLocation.o \
  build/default/debug/_ext/1077471063/estWind.o \
  build/default/debug/_ext/1077471063/estYawDrift.o \
  build/default/debug/_ext/1077471063/gpsData.o \
  build/default/debug/_ext/1077471063/gpsParseCommon.o \
  build/default/debug/_ext/1077471063/gpsParseMTEK.o \
  build/default/debug/_ext/1077471063/gpsParseNMEA.o \
  build/default/debug/_ext/1077471063/gpsParseSTD.o \
  build/default/debug/_ext/1077471063/gpsParseUBX.o \
  build/default/debug/_ext/1077471063/hilsim.o \
  build/default/debug/_ext/1077471063/libDCM.o \
  build/default/debug/_ext/1077471063/mag_drift.o \
  build/default/debug/_ext/1077471063/mathlib.o \
  build/default/debug/_ext/1077471063/mathlibNAV.o \
  build/default/debug/_ext/1077471063/rmat.o \
  build/default/debug/_ext/1864667112/AT45D.o \
  build/default/debug/_ext/1864667112/AT45D_DMA.o \
  build/default/debug/_ext/1864667112/AT45D_FS.o \
  build/default/debug/_ext/1864667112/EEPROM.o \
  build/default/debug/_ext/1864667112/EEPROM_FS.o \
  build/default/debug/_ext/1864667112/filesys.o \
  build/default/debug/_ext/1864667112/MDD_AT45D.o \
  build/default/debug/_ext/1864667112/MDD_EEPROM.o \
  build/default/debug/_ext/1864667112/usb.o \
  build/default/debug/_ext/1864667112/usb_cdc.o \
  build/default/debug/_ext/1864667112/usb_descriptors.o \
  build/default/debug/_ext/1864667112/usb_msd.o \
  build/default/debug/_ext/1077454706/24LC256.o \
  build/default/debug/_ext/1077454706/ADchannel.o \
  build/default/debug/_ext/1077454706/analog2digital_auav3.o \
  build/default/debug/_ext/1077454706/analog2digital_udb4.o \
  build/default/debug/_ext/1077454706/analog2digital_udb5.o \
  build/default/debug/_ext/1077454706/analogs.o \
  build/default/debug/_ext/1077454706/background.o \
  build/default/debug/_ext/1077454706/barometer.o \
  build/default/debug/_ext/1077454706/cll_io.o \
  build/default/debug/_ext/1077454706/eeprom_udb4.o \
  build/default/debug/_ext/1077454706/events.o \
  build/default/debug/_ext/1077454706/fbcl.o \
  build/default/debug/_ext/1077454706/heartbeat.o \
  build/default/debug/_ext/1077454706/I2C1.o \
  build/default/debug/_ext/1077454706/I2C2.o \
  build/default/debug/_ext/1077454706/libUDB.o \
  build/default/debug/_ext/1077454706/magnetometer.o \
  build/default/debug/_ext/1077454706/mcu.o \
  build/default/debug/_ext/1077454706/mpu6000.o \
  build/default/debug/_ext/1077454706/mpu_spi.o \
  build/default/debug/_ext/1077454706/osd.o \
  build/default/debug/_ext/1077454706/osd_bit.o \
  build/default/debug/_ext/1077454706/osd_spi.o \
  build/default/debug/_ext/1077454706/radioIn.o \
  build/default/debug/_ext/1077454706/read.o \
  build/default/debug/_ext/1077454706/serialIO.o \
  build/default/debug/_ext/1077454706/servoOut.o \
  build/default/debug/_ext/1077454706/sonarIn.o \
  build/default/debug/_ext/1077454706/traps.o \
  build/default/debug/_ext/1077454706/traps_asm.o \
  build/default/debug/_ext/1077454706/uart.o \
  build/default/debug/_ext/1077454706/write.o \
  build/default/debug/_ext/1077454706/Lidar.o \
  build/default/debug/_ext/679848855/madd.o \
  build/default/debug/_ext/679848855/mmul.o \
  build/default/debug/_ext/679848855/mscl.o \
  build/default/debug/_ext/679848855/msub.o \
  build/default/debug/_ext/679848855/mtrp.o \
  build/default/debug/_ext/679848855/vadd.o \
  build/default/debug/_ext/679848855/vcon.o \
  build/default/debug/_ext/679848855/vcopy.o \
  build/default/debug/_ext/679848855/vcor.o \
  build/default/debug/_ext/679848855/vdot.o \
  build/default/debug/_ext/679848855/vmax.o \
  build/default/debug/_ext/679848855/vmin.o \
[...]
Memory Configuration

Name             Origin             Length             Attributes
data             0x000800           0x007800           a !xr
reset            0x000000           0x000004  
ivt              0x000004           0x0000fc  
_reserved        0x000100           0x000004  
aivt             0x000104           0x0000fc  
program          0x000200           0x02aa00           xr
FBS              0xf80000           0x000002  
FSS              0xf80002           0x000002  
FGS              0xf80004           0x000002  
FOSCSEL          0xf80006           0x000002  
FOSC             0xf80008           0x000002  
FWDT             0xf8000a           0x000002  
FPOR             0xf8000c           0x000002  
FICD             0xf8000e           0x000002  
FUID0            0xf80010           0x000002  
FUID1            0xf80012           0x000002  
FUID2            0xf80014           0x000002  
FUID3            0xf80016           0x000002  
*default*        0x000000           0xffffffff  

Linker script and memory map

LOAD build/default/debug/_ext/1077471063/deadReckoning.o
LOAD build/default/debug/_ext/1077471063/estAirspeed.o
LOAD build/default/debug/_ext/1077471063/estAltitude.o
LOAD build/default/debug/_ext/1077471063/estLocation.o
LOAD build/default/debug/_ext/1077471063/estWind.o
LOAD build/default/debug/_ext/1077471063/estYawDrift.o
LOAD build/default/debug/_ext/1077471063/gpsData.o
LOAD build/default/debug/_ext/1077471063/gpsParseCommon.o
LOAD build/default/debug/_ext/1077471063/gpsParseMTEK.o
LOAD build/default/debug/_ext/1077471063/gpsParseNMEA.o
LOAD build/default/debug/_ext/1077471063/gpsParseSTD.o
LOAD build/default/debug/_ext/1077471063/gpsParseUBX.o
LOAD build/default/debug/_ext/1077471063/hilsim.o
LOAD build/default/debug/_ext/1077471063/libDCM.o
LOAD build/default/debug/_ext/1077471063/mag_drift.o
LOAD build/default/debug/_ext/1077471063/mathlib.o
LOAD build/default/debug/_ext/1077471063/mathlibNAV.o
LOAD build/default/debug/_ext/1077471063/rmat.o
LOAD build/default/debug/_ext/1864667112/AT45D.o
LOAD build/default/debug/_ext/1864667112/AT45D_DMA.o
LOAD build/default/debug/_ext/1864667112/AT45D_FS.o
LOAD build/default/debug/_ext/1864667112/EEPROM.o
LOAD build/default/debug/_ext/1864667112/EEPROM_FS.o
LOAD build/default/debug/_ext/1864667112/filesys.o
LOAD build/default/debug/_ext/1864667112/MDD_AT45D.o
LOAD build/default/debug/_ext/1864667112/MDD_EEPROM.o
LOAD build/default/debug/_ext/1864667112/usb.o
LOAD build/default/debug/_ext/1864667112/usb_cdc.o
LOAD build/default/debug/_ext/1864667112/usb_descriptors.o
LOAD build/default/debug/_ext/1864667112/usb_msd.o
LOAD build/default/debug/_ext/1077454706/24LC256.o
LOAD build/default/debug/_ext/1077454706/ADchannel.o
LOAD build/default/debug/_ext/1077454706/analog2digital_auav3.o
LOAD build/default/debug/_ext/1077454706/analog2digital_udb4.o
LOAD build/default/debug/_ext/1077454706/analog2digital_udb5.o
LOAD build/default/debug/_ext/1077454706/analogs.o
LOAD build/default/debug/_ext/1077454706/background.o
LOAD build/default/debug/_ext/1077454706/barometer.o
LOAD build/default/debug/_ext/1077454706/cll_io.o
LOAD build/default/debug/_ext/1077454706/eeprom_udb4.o
LOAD build/default/debug/_ext/1077454706/events.o
LOAD build/default/debug/_ext/1077454706/fbcl.o
LOAD build/default/debug/_ext/1077454706/heartbeat.o
LOAD build/default/debug/_ext/1077454706/I2C1.o
LOAD build/default/debug/_ext/1077454706/I2C2.o
LOAD build/default/debug/_ext/1077454706/libUDB.o
LOAD build/default/debug/_ext/1077454706/magnetometer.o
LOAD build/default/debug/_ext/1077454706/mcu.o
LOAD build/default/debug/_ext/1077454706/mpu6000.o
LOAD build/default/debug/_ext/1077454706/mpu_spi.o
LOAD build/default/debug/_ext/1077454706/osd.o
LOAD build/default/debug/_ext/1077454706/osd_bit.o
LOAD build/default/debug/_ext/1077454706/osd_spi.o
LOAD build/default/debug/_ext/1077454706/radioIn.o
LOAD build/default/debug/_ext/1077454706/read.o
LOAD build/default/debug/_ext/1077454706/serialIO.o
LOAD build/default/debug/_ext/1077454706/servoOut.o
LOAD build/default/debug/_ext/1077454706/sonarIn.o
LOAD build/default/debug/_ext/1077454706/traps.o
LOAD build/default/debug/_ext/1077454706/traps_asm.o
LOAD build/default/debug/_ext/1077454706/uart.o
LOAD build/default/debug/_ext/1077454706/write.o
LOAD build/default/debug/_ext/1077454706/Lidar.o
LOAD build/default/debug/_ext/679848855/madd.o
LOAD build/default/debug/_ext/679848855/mmul.o
LOAD build/default/debug/_ext/679848855/mscl.o
LOAD build/default/debug/_ext/679848855/msub.o
LOAD build/default/debug/_ext/679848855/mtrp.o
LOAD build/default/debug/_ext/679848855/vadd.o
LOAD build/default/debug/_ext/679848855/vcon.o
LOAD build/default/debug/_ext/679848855/vcopy.o
LOAD build/default/debug/_ext/679848855/vcor.o
LOAD build/default/debug/_ext/679848855/vdot.o
LOAD build/default/debug/_ext/679848855/vmax.o
LOAD build/default/debug/_ext/679848855/vmin.o
LOAD build/default/debug/_ext/679848855/vmul.o
LOAD build/default/debug/_ext/679848855/vneg.o
LOAD build/default/debug/_ext/679848855/vpow.o
LOAD build/default/debug/_ext/679848855/vscl.o
LOAD build/default/debug/_ext/679848855/vsub.o
LOAD build/default/debug/_ext/679848855/vzpad.o
LOAD build/default/debug/_ext/1363575369/airspeedCntrl.o
LOAD build/default/debug/_ext/1363575369/altitudeCntrl.o
LOAD build/default/debug/_ext/1363575369/altitudeCntrlVariable.o
LOAD build/default/debug/_ext/1363575369/behavior.o
LOAD build/default/debug/_ext/1363575369/cameraCntrl.o
LOAD build/default/debug/_ext/1363575369/config.o
LOAD build/default/debug/_ext/1363575369/config_tests.o
LOAD build/default/debug/_ext/1363575369/console.o
LOAD build/default/debug/_ext/1363575369/data_services.o
LOAD build/default/debug/_ext/1363575369/data_storage.o
LOAD build/default/debug/_ext/1363575369/euler_angles.o
LOAD build/default/debug/_ext/1363575369/flight_state.o
LOAD build/default/debug/_ext/1363575369/flightplan-logo.o
LOAD build/default/debug/_ext/1363575369/flightplan-waypoints.o
LOAD build/default/debug/_ext/1363575369/flightplan.o
LOAD build/default/debug/_ext/1363575369/fly_by_datalink.o
LOAD build/default/debug/_ext/1363575369/helicalTurnCntrl.o
LOAD build/default/debug/_ext/1363575369/main.o
LOAD build/default/debug/_ext/1363575369/MAVFlexiFunctions.o
LOAD build/default/debug/_ext/1363575369/MAVLink.o
LOAD build/default/debug/_ext/1363575369/MAVMission.o
LOAD build/default/debug/_ext/1363575369/MAVParams.o
LOAD build/default/debug/_ext/1363575369/MAVUDBExtra.o
LOAD build/default/debug/_ext/1363575369/minim_osd.o
LOAD build/default/debug/_ext/1363575369/minIni.o
LOAD build/default/debug/_ext/1363575369/mode_switch.o
LOAD build/default/debug/_ext/1363575369/mp_osd.o
LOAD build/default/debug/_ext/1363575369/navigate.o
LOAD build/default/debug/_ext/1363575369/nv_memory_table.o
LOAD build/default/debug/_ext/1363575369/parameter_table.o
LOAD build/default/debug/_ext/1363575369/parameter_table2.o
LOAD build/default/debug/_ext/1363575369/parameter_table_init.o
LOAD build/default/debug/_ext/1363575369/pitchCntrl.o
LOAD build/default/debug/_ext/1363575369/preflight.o
LOAD build/default/debug/_ext/1363575369/redef.o
LOAD build/default/debug/_ext/1363575369/remzibi_osd.o
LOAD build/default/debug/_ext/1363575369/ring_buffer.o
LOAD build/default/debug/_ext/1363575369/rollCntrl.o
LOAD build/default/debug/_ext/1363575369/servoMix.o
LOAD build/default/debug/_ext/1363575369/servoPrepare.o
LOAD build/default/debug/_ext/1363575369/sonarCntrl.o
LOAD build/default/debug/_ext/1363575369/stack.o
LOAD build/default/debug/_ext/1363575369/states.o
LOAD build/default/debug/_ext/1363575369/telemetry.o
LOAD build/default/debug/_ext/1363575369/telemetry_log.o
LOAD build/default/debug/_ext/1363575369/yawCntrl.o
LOAD build/default/debug/_ext/1472/motorCntrl.o
LOAD build/default/debug/_ext/813967445/bittest.o
LOAD build/default/debug/_ext/1940647236/MAVFTP.o
LOAD build/default/debug/_ext/264835745/FSIO.o
LOAD build/default/debug/_ext/264835745/SD-SPI.o
LOAD build/default/debug/_ext/1836339082/usb_function_cdc.o
LOAD build/default/debug/_ext/629040614/usb_function_msd.o
LOAD build/default/debug/_ext/713068069/usb_device.o
LOAD build/default/debug/_ext/713068069/usb_hal_dspic33e.o
                    0x0001                  __MPLAB_BUILD = 0x1
                    0x0001                  __MPLAB_DEBUG = 0x1
                    0x0001                  __DEBUG = 0x1
LOAD p33FJ256GP710A
LOAD c:/program files/microchip/xc16/v2.10/bin/bin/../../lib\libfx-elf.a
                    0xf80000                  __FBS = 0xf80000
                    0xf80002                  __FSS = 0xf80002
                    0xf80004                  __FGS = 0xf80004
                    0xf80006                  __FOSCSEL = 0xf80006
                    0xf80008                  __FOSC = 0xf80008
                    0xf8000a                  __FWDT = 0xf8000a
                    0xf8000c                  __FPOR = 0xf8000c
                    0xf8000e                  __FICD = 0xf8000e
                    0xf80010                  __FUID0 = 0xf80010
                    0xf80012                  __FUID1 = 0xf80012
                    0xf80014                  __FUID2 = 0xf80014
                    0xf80016                  __FUID3 = 0xf80016
                    0x0200                  __CODE_BASE = 0x200
                    0x2aa00                  __CODE_LENGTH = 0x2aa00
                    0x0004                  __IVT_BASE = 0x4
                    0x0104                  __AIVT_BASE = 0x104
                    0x0800                  __DATA_BASE = 0x800
                    0x7800                  __DATA_LENGTH = 0x7800
                    0x4800                  __YDATA_BASE = 0x4800
                    0x8000                  __YDATA_END = 0x8000
                    0x7800                  __DMA_BASE = 0x7800
                    0x7fff                  __DMA_END = 0x7fff

.reset            0x000000          0x4
                  0x000000          0x2 SHORT 0x200 ABSOLUTE (__reset)
                  0x000001          0x2 SHORT 0x4
                  0x000002          0x2 SHORT 0x0 ((ABSOLUTE (__reset) >> 0x10) & 0x7f)
                  0x000003          0x2 SHORT 0x0

.text             0x000200       0x5ee2
 *(.init)
 .init            0x000200         0x4c c:/program files/microchip/xc16/v2.10/bin/bin/../../lib\libc99-pic30-elf.a(crt0_standard.o)
                  0x000200                  __resetPRI
                  0x000200                  __reset
                  0x00023c                  __psv_init
 .init            0x00024c         0x7c c:/program files/microchip/xc16/v2.10/bin/bin/../../lib\libc99-pic30-elf.a(data_init_standard.o)
                  0x000252                  __data_init_standard
                  0x000252                  __data_init
 *(.user_init)
 *(.handle)
 .handle          0x0002c8        0x188 jump_table
 *(.isr*)
 .isr.text        0x000450        0x10c build/default/debug/_ext/1077454706/analog2digital_udb5.o
                  0x000450                  __DMA0Interrupt
 .isr.text        0x00055c         0xa6 build/default/debug/_ext/1077454706/background.o
                  0x00055c                  __T1Interrupt
                  0x000586                  __T5Interrupt
                  0x0005a2                  __T6Interrupt
                  0x0005d2                  __T7Interrupt
 .isr.text        0x000602         0xd8 build/default/debug/_ext/1077454706/events.o
                  0x000602                  __C2Interrupt
                  0x00066e                  __C1Interrupt
 .isr.text        0x0006da         0x2a build/default/debug/_ext/1077454706/I2C1.o
                  0x0006da                  __MI2C1Interrupt
 .isr.text        0x000704         0x2a build/default/debug/_ext/1077454706/I2C2.o
                  0x000704                  __MI2C2Interrupt
 .isr.text        0x00072e         0x2a build/default/debug/_ext/1077454706/mpu6000.o
                  0x00072e                  __INT3Interrupt
 .isr.text        0x000758         0xb8 build/default/debug/_ext/1077454706/mpu_spi.o
                  0x000758                  __SPI2Interrupt
 .isr.text        0x000810        0x126 build/default/debug/_ext/1077454706/serialIO.o
                  0x000810                  __U1TXInterrupt
                  0x00085c                  __U1RXInterrupt
                  0x00089e                  __U2TXInterrupt
                  0x0008f4                  __U2RXInterrupt
 .isr.text        0x000936         0x2a build/default/debug/_ext/1077454706/servoOut.o
                  0x000936                  __T3Interrupt
 .isr.text        0x000960         0xce build/default/debug/_ext/1077454706/traps.o
                  0x000960                  __OscillatorFail
                  0x00098e                  __AddressError
                  0x0009b6                  __StackError
                  0x0009de                  __MathError
                  0x000a06                  __DMACError
 .isr             0x000a2e          0x4 default_isr
                  0x000a2e                  __DefaultInterrupt
 *(.libc)
 .libc            0x000a32         0xaa build/default/debug/_ext/1077454706/read.o
                  0x000a32                  _read
 .libc            0x000adc         0xb4 build/default/debug/_ext/1077454706/write.o
                  0x000adc                  _write
 .libc            0x000b90         0x10 c:/program files/microchip/xc16/v2.10/bin/bin/../../lib\libc99-pic30-elf.a(_exit.Meo)
                  0x000b90                  __exit
 .libc            0x000ba0         0x22 c:/program files/microchip/xc16/v2.10/bin/bin/../../lib\libc99-pic30-elf.a(open.Meo)
                  0x000ba0                  _open
 .libc            0x000bc2         0x12 c:/program files/microchip/xc16/v2.10/bin/bin/../../lib\libc99-pic30-elf.a(close.Meo)
                  0x000bc2                  _close
 .libc            0x000bd4         0x2a c:/program files/microchip/xc16/v2.10/bin/bin/../../lib\libc99-pic30-elf.a(sbrk.Meo)
                  0x000bd4                  _sbrk
 .libc            0x000bfe         0x1a c:/program files/microchip/xc16/v2.10/bin/bin/../../lib\libc99-pic30-elf.a(brk.Meo)
                  0x000bfe                  _brk
 *(.libm)
 *(.libdsp)
 .libdsp          0x000c18          0x8 build/default/debug/_ext/1077454706/fbcl.o
                  0x000c18                  _FindFirstBitChangeFromLeft
                  0x000c1c                  _FindFirstBitFromLeft
 .libdsp          0x000c20         0x40 build/default/debug/_ext/679848855/madd.o
                  0x000c20                  _MatrixAdd
 .libdsp          0x000c60         0x7a build/default/debug/_ext/679848855/mmul.o
                  0x000c60                  _MatrixMultiply
 .libdsp          0x000cda         0x3c build/default/debug/_ext/679848855/mscl.o
                  0x000cda                  _MatrixScale
 .libdsp          0x000d16         0x4e build/default/debug/_ext/679848855/msub.o
                  0x000d16                  _MatrixSubtract
 .libdsp          0x000d64         0x48 build/default/debug/_ext/679848855/mtrp.o
                  0x000d64                  _MatrixTranspose
 .libdsp          0x000dac         0x3e build/default/debug/_ext/679848855/vadd.o
                  0x000dac                  _VectorAdd
 .libdsp          0x000dea         0xf8 build/default/debug/_ext/679848855/vcon.o
                  0x000dea                  _VectorConvolve
 .libdsp          0x000ee2         0x10 build/default/debug/_ext/679848855/vcopy.o
                  0x000ee2                  _VectorCopy
 .libdsp          0x000ef2         0x30 build/default/debug/_ext/679848855/vcor.o
                  0x000ef2                  _VectorCorrelate
 .libdsp          0x000f22         0x3a build/default/debug/_ext/679848855/vdot.o
                  0x000f22                  _VectorDotProduct
 .libdsp          0x000f5c         0x1a build/default/debug/_ext/679848855/vmax.o
                  0x000f5c                  _VectorMax
 .libdsp          0x000f76         0x1a build/default/debug/_ext/679848855/vmin.o
                  0x000f76                  _VectorMin
 .libdsp          0x000f90         0x3c build/default/debug/_ext/679848855/vmul.o
                  0x000f90                  _VectorMultiply
 .libdsp          0x000fcc         0x40 build/default/debug/_ext/679848855/vneg.o
                  0x000fcc                  _VectorNegate
 .libdsp          0x00100c         0x38 build/default/debug/_ext/679848855/vpow.o
                  0x00100c                  _VectorPower
 .libdsp          0x001044         0x3c build/default/debug/_ext/679848855/vscl.o
                  0x001044                  _VectorScale
 .libdsp          0x001080         0x4c build/default/debug/_ext/679848855/vsub.o
                  0x001080                  _VectorSubtract
 .libdsp          0x0010cc         0x1e build/default/debug/_ext/679848855/vzpad.o
                  0x0010cc                  _VectorZeroPad
 *(.lib*)
 .libpic30_crt_start_mode
                  0x0010ea          0x2 c:/program files/microchip/xc16/v2.10/bin/bin/../../lib\libc99-pic30-elf.a(crt_start_mode_normal.Meo)
                  0x0010ea                  __crt_start_mode
                  0x0010ea                  __crt_start_mode_normal
 .libm.divsi3     0x0010ec         0x1e c:/program files/microchip/xc16/v2.10/bin/bin/../../lib\libc99-pic30-elf.a(divsi3.XX_o)
                  0x0010ec                  ___divsi3
 .libm.eqsf2      0x00110a          0x4 c:/program files/microchip/xc16/v2.10/bin/bin/../../lib\libc99-pic30-elf.a(feqltle.XX_o)
                  0x00110a                  ___eqsf2
                  0x00110a                  ___ltsf2
                  0x00110a                  ___lesf2
 .libm.gtsf2      0x00110e          0x4 c:/program files/microchip/xc16/v2.10/bin/bin/../../lib\libc99-pic30-elf.a(fgtge.XX_o)
                  0x00110e                  ___gesf2
                  0x00110e                  ___gtsf2
 .libm.fixsfsi    0x001112         0x42 c:/program files/microchip/xc16/v2.10/bin/bin/../../lib\libc99-pic30-elf.a(fixsfsi.XX_o)
                  0x001112                  _(float, int, long long, short, float, short, int)
 .libm.fixunssfsi
                  0x001154         0x36 c:/program files/microchip/xc16/v2.10/bin/bin/../../lib\libc99-pic30-elf.a(fixunssfsi.XX_o)
                  0x001154                  ___fixunssfsi
 .libm.floatsisf
                  0x00118a          0x6 c:/program files/microchip/xc16/v2.10/bin/bin/../../lib\libc99-pic30-elf.a(floatsisf.XX_o)
                  0x00118a                  ___floatsisf
 .libm.floatunsisf
                  0x001190          0x4 c:/program files/microchip/xc16/v2.10/bin/bin/../../lib\libc99-pic30-elf.a(floatunsisf.XX_o)
                  0x001190                  ___floatunsisf
 .libm.funpack    0x001194         0x2a c:/program files/microchip/xc16/v2.10/bin/bin/../../lib\libc99-pic30-elf.a(funpack.XX_o)
                  0x001194                  __funpack
 .libm.modsi3     0x0011be         0x1e c:/program files/microchip/xc16/v2.10/bin/bin/../../lib\libc99-pic30-elf.a(modsi3.XX_o)
                  0x0011be                  ___modsi3
 .libm.udivsi3    0x0011dc         0x20 c:/program files/microchip/xc16/v2.10/bin/bin/../../lib\libc99-pic30-elf.a(udivsi3.XX_o)
                  0x0011dc                  ___udivsi3
 .libm.umodsi3    0x0011fc          0x6 c:/program files/microchip/xc16/v2.10/bin/bin/../../lib\libc99-pic30-elf.a(umodsi3.XX_o)
                  0x0011fc                  ___umodsi3
 .libmx           0x001202        0x1dc c:/program files/microchip/xc16/v2.10/bin/bin/../../lib\libc99-pic30-elf.a(addsf3x.XX_o)
                  0x001202                  ___subsf3x
                  0x001202                  ___subsf3
                  0x001214                  ___addsf3x
                  0x001214                  ___addsf3
 .libmx           0x0013de        0x1be c:/program files/microchip/xc16/v2.10/bin/bin/../../lib\libc99-pic30-elf.a(divsf3x.XX_o)
                  0x0013de                  ___divsf3x
                  0x0013de                  ___divsf3
                  0x001570                  __sdivf
 .libmx           0x00159c        0x10c c:/program files/microchip/xc16/v2.10/bin/bin/../../lib\libc99-pic30-elf.a(mulsf3x.XX_o)
                  0x00159c                  ___mulsf3x
                  0x00159c                  ___mulsf3
 .libmx           0x0016a8         0x54 c:/program files/microchip/xc16/v2.10/bin/bin/../../lib\libc99-pic30-elf.a(dnrmpackfx.XX_o)
                  0x0016a8                  __dnrmpackf
 .libmx           0x0016fc         0x5e c:/program files/microchip/xc16/v2.10/bin/bin/../../lib\libc99-pic30-elf.a(unpackdnrmfx.XX_o)
                  0x0016fc                  __unpackdnrmf
 .libmx           0x00175a         0x34 c:/program files/microchip/xc16/v2.10/bin/bin/../../lib\libc99-pic30-elf.a(typefx.XX_o)
                  0x00175a                  __typef
 .libmx           0x00178e         0x12 c:/program files/microchip/xc16/v2.10/bin/bin/../../lib\libc99-pic30-elf.a(propnanfx.XX_o)
                  0x00178e                  __propnanf
 .libmx           0x0017a0         0xa6 c:/program files/microchip/xc16/v2.10/bin/bin/../../lib\libc99-pic30-elf.a(spackfx.XX_o)
                  0x0017a0                  __spackf
 .libmx           0x001846         0x66 c:/program files/microchip/xc16/v2.10/bin/bin/../../lib\libc99-pic30-elf.a(unpackfx.XX_o)
                  0x001846                  __unpackf
 .libm.__PplusBdi
                  0x0018ac         0x26 c:/program files/microchip/xc16/v2.10/bin/bin/../../lib\libc99-pic30-elf.a(divmoddi3.XX_o)
 .libm.__PminusBdi
                  0x0018d2         0x26 c:/program files/microchip/xc16/v2.10/bin/bin/../../lib\libc99-pic30-elf.a(divmoddi3.XX_o)
 .libm.__udivmoddi3
                  0x0018f8         0xe6 c:/program files/microchip/xc16/v2.10/bin/bin/../../lib\libc99-pic30-elf.a(divmoddi3.XX_o)
                  0x0018f8                  ___udivmoddi3
 .libm.__udivdi3
                  0x0019de          0xe c:/program files/microchip/xc16/v2.10/bin/bin/../../lib\libc99-pic30-elf.a(divmoddi3.XX_o)
                  0x0019de                  ___udivdi3
 .libm.__umoddi3
                  0x0019ec          0x8 c:/program files/microchip/xc16/v2.10/bin/bin/../../lib\libc99-pic30-elf.a(divmoddi3.XX_o)
                  0x0019ec                  ___umoddi3
 .libm.__divdi3
                  0x0019f4         0x60 c:/program files/microchip/xc16/v2.10/bin/bin/../../lib\libc99-pic30-elf.a(divmoddi3.XX_o)
                  0x0019f4                  ___divdi3
 .libm.__moddi3
                  0x001a54         0x5c c:/program files/microchip/xc16/v2.10/bin/bin/../../lib\libc99-pic30-elf.a(divmoddi3.XX_o)
                  0x001a54                  ___moddi3
 .libm.fcompare
                  0x001ab0         0x36 c:/program files/microchip/xc16/v2.10/bin/bin/../../lib\libc99-pic30-elf.a(fcompare.XX_o)
                  0x001ab0                  __fcompare
 .libm.floatdisf
                  0x001ae6         0x20 c:/program files/microchip/xc16/v2.10/bin/bin/../../lib\libc99-pic30-elf.a(floatdisf.XX_o)
                  0x001ae6                  ___floatdisf
 .libm.floatundisf
                  0x001b06         0x5e c:/program files/microchip/xc16/v2.10/bin/bin/../../lib\libc99-pic30-elf.a(floatundisf.XX_o)
                  0x001b06                  ___floatundisf
 .libm.fpack      0x001b64         0x4c c:/program files/microchip/xc16/v2.10/bin/bin/../../lib\libc99-pic30-elf.a(fpack.XX_o)
                  0x001b64                  __fpack
 .libm.funpack2
                  0x001bb0         0x10 c:/program files/microchip/xc16/v2.10/bin/bin/../../lib\libc99-pic30-elf.a(funpack2.XX_o)
                  0x001bb0                  __funpack2
 .libc.floorf     0x001bc0         0x7c c:/program files/microchip/xc16/v2.10/bin/bin/../../lib\libm-elf.a(floorf.XX_o)
                  0x001bc0                  _floorf
 .libc.sqrtf      0x001c3c        0x114 c:/program files/microchip/xc16/v2.10/bin/bin/../../lib\libm-elf.a(sqrtf.XX_o)
                  0x001c3c                  _sqrtf
 .libc.__wrap_printf
                  0x001d50         0x10 c:/program files/microchip/xc16/v2.10/bin/bin/../../lib\libc99-elf.a(__sio_printf_dosux.XX_o)
                  0x001d50                  __dprintf_cdnopsuxX
                  0x001d50                  __printf_cdnopsuxX
 .libc.__sio_printf_dosux
                  0x001d60          0xe c:/program files/microchip/xc16/v2.10/bin/bin/../../lib\libc99-elf.a(__sio_printf_dosux.XX_o)
                  0x001d60                  ___sio_printf_dosux
 .libc.__wrap_printf
                  0x001d6e         0x10 c:/program files/microchip/xc16/v2.10/bin/bin/../../lib\libc99-elf.a(__sio_printf_doux.XX_o)
                  0x001d6e                  __printf_cdnopuxX
                  0x001d6e                  __dprintf_cdnopuxX
 .libc.__sio_printf_doux
                  0x001d7e          0xe c:/program files/microchip/xc16/v2.10/bin/bin/../../lib\libc99-elf.a(__sio_printf_doux.XX_o)
                  0x001d7e                  ___sio_printf_doux
 .libc.__wrap_printf
                  0x001d8c         0x10 c:/program files/microchip/xc16/v2.10/bin/bin/../../lib\libc99-elf.a(__sio_printf_s.XX_o)
                  0x001d8c                  __printf_s
                  0x001d8c                  __dprintf_s
 .libc.__sio_printf_s
                  0x001d9c          0x2 c:/program files/microchip/xc16/v2.10/bin/bin/../../lib\libc99-elf.a(__sio_printf_s.XX_o)
                  0x001d9c                  ___sio_printf_s
 .libc.__wrap_sprintf
                  0x001d9e          0xc c:/program files/microchip/xc16/v2.10/bin/bin/../../lib\libc99-elf.a(__sio_sprintf_dfoux.XX_o)
                  0x001d9e                  __dsprintf_cdeEgGnopuxX
                  0x001d9e                  __sprintf_cdeEgGnopuxX
                  0x001d9e                  __sprintf_cdfFnopuxX
                  0x001d9e                  __dsprintf_cdgGnopuxX
                  0x001d9e                  __dsprintf_cdeEfFnopuxX
                  0x001d9e                  __dsprintf_cdeEfFgGnopuxX
                  0x001d9e                  __dsprintf_cdeEnopuxX
                  0x001d9e                  __sprintf_cdeEnopuxX
                  0x001d9e                  __dsprintf_cdfFgGnopuxX
                  0x001d9e                  __sprintf_cdfFgGnopuxX
                  0x001d9e                  __sprintf_cdeEfFgGnopuxX
                  0x001d9e                  __dsprintf_cdfFnopuxX
                  0x001d9e                  __sprintf_cdgGnopuxX
                  0x001d9e                  __sprintf_cdeEfFnopuxX
 .libc.__sio_sprintf_dfoux
                  0x001daa         0x12 c:/program files/microchip/xc16/v2.10/bin/bin/../../lib\libc99-elf.a(__sio_sprintf_dfoux.XX_o)
                  0x001daa                  ___sio_sprintf_dfoux
 .libc.__wrap_sprintf
                  0x001dbc          0xc c:/program files/microchip/xc16/v2.10/bin/bin/../../lib\libc99-elf.a(__sio_sprintf_doux.XX_o)
                  0x001dbc                  __sprintf_cdnopuxX
                  0x001dbc                  __dsprintf_cdnopuxX
 .libc.__sio_sprintf_doux
                  0x001dc8          0xe c:/program files/microchip/xc16/v2.10/bin/bin/../../lib\libc99-elf.a(__sio_sprintf_doux.XX_o)
                  0x001dc8                  ___sio_sprintf_doux
 .libc.__wrap_sprintf
                  0x001dd6          0xc c:/program files/microchip/xc16/v2.10/bin/bin/../../lib\libc99-elf.a(__sio_sprintf_f.XX_o)
                  0x001dd6                  __dsprintf_eEfF
                  0x001dd6                  __sprintf_eEfFgG
                  0x001dd6                  __dsprintf_eEfFgG
                  0x001dd6                  __sprintf_fF
                  0x001dd6                  __sprintf_eEfF
                  0x001dd6                  __dsprintf_gG
                  0x001dd6                  __dsprintf_eEgG
                  0x001dd6                  __sprintf_gG
                  0x001dd6                  __dsprintf_fF
                  0x001dd6                  __dsprintf_eE
                  0x001dd6                  __sprintf_fFgG
                  0x001dd6                  __sprintf_eEgG
                  0x001dd6                  __sprintf_eE
                  0x001dd6                  __dsprintf_fFgG
 .libc.__sio_sprintf_f
                  0x001de2          0x4 c:/program files/microchip/xc16/v2.10/bin/bin/../../lib\libc99-elf.a(__sio_sprintf_f.XX_o)
                  0x001de2                  ___sio_sprintf_f
 .libc.__assert_fail
                  0x001de6         0x18 c:/program files/microchip/xc16/v2.10/bin/bin/../../lib\libc99-elf.a(assert.XX_o)
                  0x001de6                  ___assert_fail
 .libc.__isspace
                  0x001dfe         0x14 c:/program files/microchip/xc16/v2.10/bin/bin/../../lib\libc99-elf.a(atol.XX_o)
 .libc.atol       0x001e12         0x54 c:/program files/microchip/xc16/v2.10/bin/bin/../../lib\libc99-elf.a(atol.XX_o)
                  0x001e12                  _atol
 .libc.__dummy    0x001e66          0x2 c:/program files/microchip/xc16/v2.10/bin/bin/../../lib\libc99-elf.a(fclose.XX_o)
                  0x001e66                  ___fclose
 .libc.__dummy1
                  0x001e68          0x2 c:/program files/microchip/xc16/v2.10/bin/bin/../../lib\libc99-elf.a(fclose.XX_o)
 .libc.fclose     0x001e6a         0x26 c:/program files/microchip/xc16/v2.10/bin/bin/../../lib\libc99-elf.a(fclose.XX_o)
                  0x001e6a                  _fclose
 .libc.__dummy1
                  0x001e90          0x2 c:/program files/microchip/xc16/v2.10/bin/bin/../../lib\libc99-elf.a(fflush.XX_o)
 .libc.__dummy2
                  0x001e92          0x2 c:/program files/microchip/xc16/v2.10/bin/bin/../../lib\libc99-elf.a(fflush.XX_o)
 .libc.fflush     0x001e94         0x22 c:/program files/microchip/xc16/v2.10/bin/bin/../../lib\libc99-elf.a(fflush.XX_o)
                  0x001e94                  _fflush_unlocked
                  0x001e94                  _fflush
 .libc.fopen      0x001eb6         0x46 c:/program files/microchip/xc16/v2.10/bin/bin/../../lib\libc99-elf.a(fopen.XX_o)
                  0x001eb6                  _fopen
 .libc.fprintf    0x001efc          0xc c:/program files/microchip/xc16/v2.10/bin/bin/../../lib\libc99-elf.a(fprintf.XX_o)
                  0x001efc                  _fprintf
 .libc.__fwrite_min
                  0x001f08          0x4 c:/program files/microchip/xc16/v2.10/bin/bin/../../lib\libc99-elf.a(fwrite.XX_o)
                  0x001f08                  ___fwrite
 .libc.fwrite     0x001f0c         0x2c c:/program files/microchip/xc16/v2.10/bin/bin/../../lib\libc99-elf.a(fwrite.XX_o)
                  0x001f0c                  _fwrite
                  0x001f0c                  _fwrite_unlocked
 .libc.__simple_search_fl
                  0x001f38         0x6e c:/program files/microchip/xc16/v2.10/bin/bin/../../lib\libc99-elf.a(lite_free.XX_o)
                  0x001f38                  ___simple_search_fl
 .libc.__simple_free
                  0x001fa6         0x36 c:/program files/microchip/xc16/v2.10/bin/bin/../../lib\libc99-elf.a(lite_free.XX_o)
                  0x001fa6                  ::_(float, long double,...)(...)(void)
                  0x001fa6                  ___simple_free
                  0x001fa6                  _free
 .libc.memcpy     0x001fdc          0xe c:/program files/microchip/xc16/v2.10/bin/bin/../../lib\libc99-elf.a(memcpy.XX_o)
                  0x001fdc                  _memcpy
 .libc.memset     0x001fea         0xc8 c:/program files/microchip/xc16/v2.10/bin/bin/../../lib\libc99-elf.a(memset.XX_o)
                  0x001fea                  _memset
 .libc.putchar    0x0020b2          0x6 c:/program files/microchip/xc16/v2.10/bin/bin/../../lib\libc99-elf.a(putchar.XX_o)
                  0x0020b2                  _putchar
 .libc.puts       0x0020b8         0x1a c:/program files/microchip/xc16/v2.10/bin/bin/../../lib\libc99-elf.a(puts.XX_o)
                  0x0020b8                  _puts
 .libc.__dummy0
                  0x0020d2          0x2 c:/program files/microchip/xc16/v2.10/bin/bin/../../lib\libc99-elf.a(stderr.XX_o)
                  0x0020d2                  ___stdio_seek
 .libc.__dummy    0x0020d4          0x4 c:/program files/microchip/xc16/v2.10/bin/bin/../../lib\libc99-elf.a(stderr.XX_o)
                  0x0020d4                  ___get_stderr
 .libc.__init_stderr
                  0x0020d8          0x8 c:/program files/microchip/xc16/v2.10/bin/bin/../../lib\libc99-elf.a(stderr.XX_o)
                  0x0020d8                  ___init_stderr
 .libc.__dummy0
                  0x0020e0          0x2 c:/program files/microchip/xc16/v2.10/bin/bin/../../lib\libc99-elf.a(stdout.XX_o)
 .libc.__dummy    0x0020e2          0x4 c:/program files/microchip/xc16/v2.10/bin/bin/../../lib\libc99-elf.a(stdout.XX_o)
                  0x0020e2                  ___get_stdout
 .libc.__init_stdout
                  0x0020e6          0x8 c:/program files/microchip/xc16/v2.10/bin/bin/../../lib\libc99-elf.a(stdout.XX_o)
                  0x0020e6                  ___init_stdout
 .libc.strchr     0x0020ee         0x12 c:/program files/microchip/xc16/v2.10/bin/bin/../../lib\libc99-elf.a(strchr.XX_o)
                  0x0020ee                  _strchr
 .libc.__strchrnul
                  0x002100         0x58 c:/program files/microchip/xc16/v2.10/bin/bin/../../lib\libc99-elf.a(strchrnul.XX_o)
                  0x002100                  ___strchrnul
                  0x002100                  _strchrnul
 .libc.strcmp     0x002158         0x16 c:/program files/microchip/xc16/v2.10/bin/bin/../../lib\libc99-elf.a(strcmp.XX_o)
                  0x002158                  _strcmp
 .libc.strlen     0x00216e         0x30 c:/program files/microchip/xc16/v2.10/bin/bin/../../lib\libc99-elf.a(strlen.XX_o)
                  0x00216e                  _strlen
 .libc.strncpy    0x00219e          0xe c:/program files/microchip/xc16/v2.10/bin/bin/../../lib\libc99-elf.a(strncpy.XX_o)
                  0x00219e                  _strncpy
 .libc.strtox     0x0021ac         0x58 c:/program files/microchip/xc16/v2.10/bin/bin/../../lib\libc99-elf.a(strtod.XX_o)
 .libc.strtof     0x002204          0x6 c:/program files/microchip/xc16/v2.10/bin/bin/../../lib\libc99-elf.a(strtod.XX_o)
                  0x002204                  ___strtof_l
                  0x002204                  _strtof
                  0x002204                  _strtof_l
 .libc.strtod     0x00220a          0x6 c:/program files/microchip/xc16/v2.10/bin/bin/../../lib\libc99-elf.a(strtod.XX_o)
                  0x00220a                  ___strtod_l
                  0x00220a                  _strtod
                  0x00220a                  _strtod_l
 .libc.strtold    0x002210          0x4 c:/program files/microchip/xc16/v2.10/bin/bin/../../lib\libc99-elf.a(strtod.XX_o)
                  0x002210                  _strtold_l
                  0x002210                  _strtold
                  0x002210                  ___strtold_l
 .libc.strtox     0x002214         0x52 c:/program files/microchip/xc16/v2.10/bin/bin/../../lib\libc99-elf.a(strtol.XX_o)
 .libc.strtoull
                  0x002266          0x8 c:/program files/microchip/xc16/v2.10/bin/bin/../../lib\libc99-elf.a(strtol.XX_o)
                  0x002266                  ___strtoull_internal
                  0x002266                  _strtoull
 .libc.strtoll    0x00226e          0x8 c:/program files/microchip/xc16/v2.10/bin/bin/../../lib\libc99-elf.a(strtol.XX_o)
                  0x00226e                  _strtoll
                  0x00226e                  ___strtoll_internal
 .libc.strtoul    0x002276          0x8 c:/program files/microchip/xc16/v2.10/bin/bin/../../lib\libc99-elf.a(strtol.XX_o)
                  0x002276                  _strtoul
                  0x002276                  ___strtoul_internal
 .libc.strtol     0x00227e          0x8 c:/program files/microchip/xc16/v2.10/bin/bin/../../lib\libc99-elf.a(strtol.XX_o)
                  0x00227e                  _strtol
                  0x00227e                  ___strtol_internal
 .libc.strtoimax
                  0x002286          0x2 c:/program files/microchip/xc16/v2.10/bin/bin/../../lib\libc99-elf.a(strtol.XX_o)
                  0x002286                  ___strtoimax_internal
                  0x002286                  _strtoimax
 .libc.strtoumax
                  0x002288          0x2 c:/program files/microchip/xc16/v2.10/bin/bin/../../lib\libc99-elf.a(strtol.XX_o)
                  0x002288                  _strtoumax
                  0x002288                  ___strtoumax_internal
 .libc.tolower    0x00228a          0xc c:/program files/microchip/xc16/v2.10/bin/bin/../../lib\libc99-elf.a(tolower.XX_o)
                  0x00228a                  _tolower
 .libc.__tolower_l
                  0x002296          0x2 c:/program files/microchip/xc16/v2.10/bin/bin/../../lib\libc99-elf.a(tolower.XX_o)
                  0x002296                  ___tolower_l
                  0x002296                  _tolower_l
 .libc.toupper    0x002298          0xc c:/program files/microchip/xc16/v2.10/bin/bin/../../lib\libc99-elf.a(toupper.XX_o)
                  0x002298                  _toupper
 .libc.__toupper_l
                  0x0022a4          0x2 c:/program files/microchip/xc16/v2.10/bin/bin/../../lib\libc99-elf.a(toupper.XX_o)
                  0x0022a4                  ___toupper_l
                  0x0022a4                  _toupper_l
 .libc.vfprintf
                  0x0022a6         0x1c c:/program files/microchip/xc16/v2.10/bin/bin/../../lib\libc99-elf.a(vfprintf.XX_o)
                  0x0022a6                  _vfprintf
 .libc.vsnprintf
                  0x0022c2         0x50 c:/program files/microchip/xc16/v2.10/bin/bin/../../lib\libc99-elf.a(vsnprintf.XX_o)
                  0x0022c2                  _vsnprintf
 .libc.__dummy    0x002312         0x1a c:/program files/microchip/xc16/v2.10/bin/bin/../../lib\libc99-elf.a(__fdopen.XX_o)
                  0x002312                  ___fopen
 .libc.__fdopen
                  0x00232c         0x5c c:/program files/microchip/xc16/v2.10/bin/bin/../../lib\libc99-elf.a(__fdopen.XX_o)
                  0x00232c                  ___fdopen
                  0x00232c                  _fdopen
 .libc.__fmodeflags
                  0x002388         0x5c c:/program files/microchip/xc16/v2.10/bin/bin/../../lib\libc99-elf.a(__fmodeflags.XX_o)
                  0x002388                  ___fmodeflags
 .libc.__fmt_d    0x0023e4         0xb2 c:/program files/microchip/xc16/v2.10/bin/bin/../../lib\libc99-elf.a(__fmt_d.XX_o)
                  0x0023e4                  ___fmt_d
                  0x0023e4                  ___fmt_d_needed
 .libc.__LONG_DOUBLE_BITS
                  0x002496          0x2 c:/program files/microchip/xc16/v2.10/bin/bin/../../lib\libc99-elf.a(__fmt_fp.XX_o)
 .libc.__fmt_fp
                  0x002498        0x5b6 c:/program files/microchip/xc16/v2.10/bin/bin/../../lib\libc99-elf.a(__fmt_fp.XX_o)
                  0x002498                  ___fmt_f_needed
                  0x002498                  ___fmt_fp
 .libc.__fmt_o    0x002a4e         0x6a c:/program files/microchip/xc16/v2.10/bin/bin/../../lib\libc99-elf.a(__fmt_o.XX_o)
                  0x002a4e                  ___fmt_o
                  0x002a4e                  ___fmt_o_needed
 .libc.__fmt_s    0x002ab8         0x54 c:/program files/microchip/xc16/v2.10/bin/bin/../../lib\libc99-elf.a(__fmt_s.XX_o)
                  0x002ab8                  ___fmt_0_needed
                  0x002ab8                  ___fmt_s_needed
                  0x002ab8                  ___fmt_s
 .libc.__cvt_u    0x002b0c         0xa6 c:/program files/microchip/xc16/v2.10/bin/bin/../../lib\libc99-elf.a(__fmt_u.XX_o)
                  0x002b0c                  ___cvt_u
 .libc.__fmt_u    0x002bb2         0x52 c:/program files/microchip/xc16/v2.10/bin/bin/../../lib\libc99-elf.a(__fmt_u.XX_o)
                  0x002bb2                  ___fmt_u
                  0x002bb2                  ___fmt_u_needed
 .libc.__fmt_x    0x002c04        0x14a c:/program files/microchip/xc16/v2.10/bin/bin/../../lib\libc99-elf.a(__fmt_x.XX_o)
                  0x002c04                  ___fmt_x_needed
                  0x002c04                  ___fmt_x
 .libc.__vfprintf
                  0x002d4e         0x1c c:/program files/microchip/xc16/v2.10/bin/bin/../../lib\libc99-elf.a(__int_vfprintf.XX_o)
                  0x002d4e                  ___vfprintf
 .libc.__vsprintf
                  0x002d6a          0x8 c:/program files/microchip/xc16/v2.10/bin/bin/../../lib\libc99-elf.a(__int_vsprintf.XX_o)
                  0x002d6a                  ___vsprintf
 .libc.__string_out
                  0x002d72         0x26 c:/program files/microchip/xc16/v2.10/bin/bin/../../lib\libc99-elf.a(__out.XX_o)
 .libc.__fwrite_min
                  0x002d98          0x4 c:/program files/microchip/xc16/v2.10/bin/bin/../../lib\libc99-elf.a(__out.XX_o)
                  0x002d98                  ___stdio_write
                  0x002d98                  ___stdio_write_unbuffered
 .libc.__out      0x002d9c         0x10 c:/program files/microchip/xc16/v2.10/bin/bin/../../lib\libc99-elf.a(__out.XX_o)
                  0x002d9c                  ___out_needed
                  0x002d9c                  ___out
 .libc.__pop_float
                  0x002dac         0x3e c:/program files/microchip/xc16/v2.10/bin/bin/../../lib\libc99-elf.a(__pop_float.XX_o)
                  0x002dac                  ___pop_float
                  0x002dac                  ___pop_float_needed
 .libc.__pop_int
                  0x002dea         0xa8 c:/program files/microchip/xc16/v2.10/bin/bin/../../lib\libc99-elf.a(__pop_int.XX_o)
                  0x002dea                  ___pop_int
                  0x002dea                  ___pop_int_needed
 .libc.__pop_ptr
                  0x002e92         0x70 c:/program files/microchip/xc16/v2.10/bin/bin/../../lib\libc99-elf.a(__pop_ptr.XX_o)
                  0x002e92                  ___pop_ptr_needed
                  0x002e92                  ___pop_ptr
 .libc.__string_out
                  0x002f02         0x26 c:/program files/microchip/xc16/v2.10/bin/bin/../../lib\libc99-elf.a(__printf_core.XX_o)
 .libc.__pad      0x002f28         0x74 c:/program files/microchip/xc16/v2.10/bin/bin/../../lib\libc99-elf.a(__printf_core.XX_o)
                  0x002f28                  ___pad
 .libc.__dummy_fmt3
                  0x002f9c          0x2 c:/program files/microchip/xc16/v2.10/bin/bin/../../lib\libc99-elf.a(__printf_core.XX_o)
 .libc.__dummy_fmt4
                  0x002f9e          0x2 c:/program files/microchip/xc16/v2.10/bin/bin/../../lib\libc99-elf.a(__printf_core.XX_o)
 .libc.__dummy_fmts
                  0x002fa0          0x2 c:/program files/microchip/xc16/v2.10/bin/bin/../../lib\libc99-elf.a(__printf_core.XX_o)
 .libc.__fmt_state
                  0x002fa2         0x2c c:/program files/microchip/xc16/v2.10/bin/bin/../../lib\libc99-elf.a(__printf_core.XX_o)
                  0x002fa2                  ___fmt_state
 .libc.vfpfcnvrt.clone.0
                  0x002fce        0x2d8 c:/program files/microchip/xc16/v2.10/bin/bin/../../lib\libc99-elf.a(__printf_core.XX_o)
 .libc.__printf_core
                  0x0032a6         0x40 c:/program files/microchip/xc16/v2.10/bin/bin/../../lib\libc99-elf.a(__printf_core.XX_o)
                  0x0032a6                  ___printf_core
 .libc.__stdio_close
                  0x0032e6         0x3e c:/program files/microchip/xc16/v2.10/bin/bin/../../lib\libc99-elf.a(__stdio_close.XX_o)
                  0x0032e6                  ___stdio_close
 .libc.__stdio_close_rw
                  0x003324         0x58 c:/program files/microchip/xc16/v2.10/bin/bin/../../lib\libc99-elf.a(__stdio_close.XX_o)
                  0x003324                  ___stdio_close_rw
 .libc.__stdio_exit_ofl
                  0x00337c         0x16 c:/program files/microchip/xc16/v2.10/bin/bin/../../lib\libc99-elf.a(__stdio_exit_ofl.XX_o)
                  0x00337c                  ___stdio_exit_ofl_needed
                  0x00337c                  ___stdio_exit_ofl
 .libc.__abort    0x003392          0x4 c:/program files/microchip/xc16/v2.10/bin/bin/../../lib\libc99-elf.a(abort.XX_o)
                  0x003392                  _abort
 .libc.__isspace
                  0x003396         0x14 c:/program files/microchip/xc16/v2.10/bin/bin/../../lib\libc99-elf.a(atoi.XX_o)
 .libc.atoi       0x0033aa         0x4c c:/program files/microchip/xc16/v2.10/bin/bin/../../lib\libc99-elf.a(atoi.XX_o)
                  0x0033aa                  _atoi
 .libc.__isspace
                  0x0033f6         0x14 c:/program files/microchip/xc16/v2.10/bin/bin/../../lib\libc99-elf.a(floatscan.XX_o)
 .libc.scanexp    0x00340a        0x174 c:/program files/microchip/xc16/v2.10/bin/bin/../../lib\libc99-elf.a(floatscan.XX_o)
 .libc.hexfloat
                  0x00357e        0x532 c:/program files/microchip/xc16/v2.10/bin/bin/../../lib\libc99-elf.a(floatscan.XX_o)
 .libc.decfloat
                  0x003ab0        0x900 c:/program files/microchip/xc16/v2.10/bin/bin/../../lib\libc99-elf.a(floatscan.XX_o)
 .libc.__floatscan
                  0x0043b0        0x22c c:/program files/microchip/xc16/v2.10/bin/bin/../../lib\libc99-elf.a(floatscan.XX_o)
                  0x0043b0                  ___floatscan
 .libc.fputs      0x0045dc         0x28 c:/program files/microchip/xc16/v2.10/bin/bin/../../lib\libc99-elf.a(fputs.XX_o)
                  0x0045dc                  _fputs_unlocked
                  0x0045dc                  _fputs
 .libc.__isspace
                  0x004604         0x14 c:/program files/microchip/xc16/v2.10/bin/bin/../../lib\libc99-elf.a(intscan.XX_o)
 .libc.__intscan
                  0x004618        0x432 c:/program files/microchip/xc16/v2.10/bin/bin/../../lib\libc99-elf.a(intscan.XX_o)
                  0x004618                  ___intscan
 .libc.__simple_malloc
                  0x004a4a         0x86 c:/program files/microchip/xc16/v2.10/bin/bin/../../lib\libc99-elf.a(lite_malloc.XX_o)
                  0x004a4a                  ___malloc0
                  0x004a4a                  _malloc
                  0x004a4a                  ___simple_malloc
 .libc.__lseek    0x004ad0          0xc c:/program files/microchip/xc16/v2.10/bin/bin/../../lib\libc99-elf.a(lseek.XX_o)
                  0x004ad0                  _lseek
                  0x004ad0                  ___lseek
 .libc.__ofl_add
                  0x004adc          0xe c:/program files/microchip/xc16/v2.10/bin/bin/../../lib\libc99-elf.a(ofl_add.XX_o)
                  0x004adc                  ___ofl_add
 .libc.__putc_unbuffered
                  0x004aea         0x2e c:/program files/microchip/xc16/v2.10/bin/bin/../../lib\libc99-elf.a(putc.XX_o)
                  0x004aea                  ___putc
                  0x004aea                  ___putc_unbuffered
 .libc.putc       0x004b18          0x2 c:/program files/microchip/xc16/v2.10/bin/bin/../../lib\libc99-elf.a(putc.XX_o)
                  0x004b18                  _putc
                  0x004b18                  _fputc
                  0x004b18                  _putc_unlocked
                  0x004b18                  __IO_putc
 .libc.__shlim    0x004b1a         0x4a c:/program files/microchip/xc16/v2.10/bin/bin/../../lib\libc99-elf.a(shgetc.XX_o)
                  0x004b1a                  ___shlim
 .libc.__shgetc
                  0x004b64        0x130 c:/program files/microchip/xc16/v2.10/bin/bin/../../lib\libc99-elf.a(shgetc.XX_o)
                  0x004b64                  ___shgetc
 .libc.__stpncpy
                  0x004c94         0x6a c:/program files/microchip/xc16/v2.10/bin/bin/../../lib\libc99-elf.a(stpncpy.XX_o)
                  0x004c94                  _stpncpy
                  0x004c94                  ___stpncpy
 .libc.strcpy     0x004cfe          0xe c:/program files/microchip/xc16/v2.10/bin/bin/../../lib\libc99-elf.a(strcpy.XX_o)
                  0x004cfe                  _strcpy
 .libc.__syscall_ret
                  0x004d0c         0x14 c:/program files/microchip/xc16/v2.10/bin/bin/../../lib\libc99-elf.a(syscall_ret.XX_o)
                  0x004d0c                  ___syscall_ret
 .libc._Exit      0x004d20          0x2 c:/program files/microchip/xc16/v2.10/bin/bin/../../lib\libc99-elf.a(_Exit.XX_o)
                  0x004d20                  __Exit
 .libc.__fclose_ofl
                  0x004d22         0x22 c:/program files/microchip/xc16/v2.10/bin/bin/../../lib\libc99-elf.a(__fclose_ofl.XX_o)
                  0x004d22                  ___fclose_ofl
                  0x004d22                  ___fclose_ofl_needed
 .libc.__fflush_ofl
                  0x004d44         0x22 c:/program files/microchip/xc16/v2.10/bin/bin/../../lib\libc99-elf.a(__fflush_ofl.XX_o)
                  0x004d44                  ___fflush_ofl_needed
                  0x004d44                  ___fflush_ofl
 .libc.__LONG_DOUBLE_BITS
                  0x004d66          0x2 c:/program files/microchip/xc16/v2.10/bin/bin/../../lib\libc99-elf.a(__fmt_a.XX_o)
 .libc.__fmt_a    0x004d68        0x544 c:/program files/microchip/xc16/v2.10/bin/bin/../../lib\libc99-elf.a(__fmt_a.XX_o)
                  0x004d68                  ___fmt_a_needed
                  0x004d68                  ___fmt_a
 .libc.__dummy    0x0052ac          0x2 c:/program files/microchip/xc16/v2.10/bin/bin/../../lib\libc99-elf.a(__init_stdio.XX_o)
                  0x0052ac                  ___init_stdin
 .libc.__init_stdio
                  0x0052ae          0x6 c:/program files/microchip/xc16/v2.10/bin/bin/../../lib\libc99-elf.a(__init_stdio.XX_o)
                  0x0052ae                  ___init_stdio
                  0x0052ae                  ___init_stdio_needed
 .libc.__vsnprintf
                  0x0052b4         0x4a c:/program files/microchip/xc16/v2.10/bin/bin/../../lib\libc99-elf.a(__int_vsnprintf.XX_o)
                  0x0052b4                  ___vsnprintf
 .libc.__uflow    0x0052fe         0x2a c:/program files/microchip/xc16/v2.10/bin/bin/../../lib\libc99-elf.a(__uflow.XX_o)
                  0x0052fe                  ___uflow
 .libc.__expand_heap
                  0x005328         0x14 c:/program files/microchip/xc16/v2.10/bin/bin/../../lib\libc99-elf.a(expand_heap.XX_o)
                  0x005328                  ___expand_heap
 .libc.__stpcpy
                  0x00533c         0x40 c:/program files/microchip/xc16/v2.10/bin/bin/../../lib\libc99-elf.a(stpcpy.XX_o)
                  0x00533c                  ___stpcpy
                  0x00533c                  _stpcpy
 .libc.__toread
                  0x00537c         0x48 c:/program files/microchip/xc16/v2.10/bin/bin/../../lib\libc99-elf.a(__toread.XX_o)
                  0x00537c                  ___toread
 .libc.__toread_needs_stdio_exit
                  0x0053c4          0x2 c:/program files/microchip/xc16/v2.10/bin/bin/../../lib\libc99-elf.a(__toread.XX_o)
                  0x0053c4                  ___toread_needs_stdio_exit
 .libc.__dummy    0x0053c6          0x2 c:/program files/microchip/xc16/v2.10/bin/bin/../../lib\libc99-elf.a(__stdio_exit.XX_o)
 .libc.__dummy1
                  0x0053c8          0x2 c:/program files/microchip/xc16/v2.10/bin/bin/../../lib\libc99-elf.a(__stdio_exit.XX_o)
 .libc.__stdio_exit
                  0x0053ca         0x14 c:/program files/microchip/xc16/v2.10/bin/bin/../../lib\libc99-elf.a(__stdio_exit.XX_o)
                  0x0053ca                  ___stdio_exit_needed
                  0x0053ca                  ___stdio_exit
 .libc.doopen     0x0053de          0x4 c:/program files/microchip/xc16/v2.10/bin/bin/../../lib\libc99-pic30-elf.a(open.Meo)
 .libc.doclose    0x0053e2          0x4 c:/program files/microchip/xc16/v2.10/bin/bin/../../lib\libc99-pic30-elf.a(close.Meo)
 .libm.eqdf2      0x0053e6          0xa c:/program files/microchip/xc16/v2.10/bin/bin/../../lib\libc99-pic30-elf.a(deqltle.XX_o)
                  0x0053e6                  ___eqdf2
                  0x0053e6                  ___ltdf2
                  0x0053e6                  ___ledf2
 .libm.gtdf2      0x0053f0          0xa c:/program files/microchip/xc16/v2.10/bin/bin/../../lib\libc99-pic30-elf.a(dgtge.XX_o)
                  0x0053f0                  ___gtdf2
                  0x0053f0                  ___gedf2
 .libm.nedf2      0x0053fa          0xa c:/program files/microchip/xc16/v2.10/bin/bin/../../lib\libc99-pic30-elf.a(dne.XX_o)
                  0x0053fa                  ___nedf2
 .libm.extendsfdf2
                  0x005404         0x3e c:/program files/microchip/xc16/v2.10/bin/bin/../../lib\libc99-pic30-elf.a(extendsfdf.XX_o)
                  0x005404                  ___extendsfdf2
 .libm.fixdfsi    0x005442         0x58 c:/program files/microchip/xc16/v2.10/bin/bin/../../lib\libc99-pic30-elf.a(fixdfsi.XX_o)
                  0x005442                  _(float, int, long long, double, float, short, int)
 .libm.floatsidf
                  0x00549a          0x6 c:/program files/microchip/xc16/v2.10/bin/bin/../../lib\libc99-pic30-elf.a(floatsidf.XX_o)
                  0x00549a                  ___floatsidf
 .libm.floatunsidf
                  0x0054a0          0x4 c:/program files/microchip/xc16/v2.10/bin/bin/../../lib\libc99-pic30-elf.a(floatunsidf.XX_o)
                  0x0054a0                  ___floatunsidf
 .libm.truncdfsf2
                  0x0054a4         0x56 c:/program files/microchip/xc16/v2.10/bin/bin/../../lib\libc99-pic30-elf.a(truncdfsf.XX_o)
                  0x0054a4                  ___truncdfsf2
 .libm.mulsi3     0x0054fa          0xc c:/program files/microchip/xc16/v2.10/bin/bin/../../lib\libc99-pic30-elf.a(mulsi3.XX_o)
                  0x0054fa                  ___mulp32peds3
                  0x0054fa                  ___mulsi3
                  0x0054fa                  ___mulp32eds3
 .lib_dpfops      0x005506         0xa2 c:/program files/microchip/xc16/v2.10/bin/bin/../../lib\libc99-pic30-elf.a(dpadd.XX_o)
                  0x005506                  ___subdf3
                  0x005512                  ___adddf3
 .lib_dpfops      0x0055a8        0x15e c:/program files/microchip/xc16/v2.10/bin/bin/../../lib\libc99-pic30-elf.a(dpdiv.XX_o)
                  0x0055a8                  ___divdf3
 .lib_dpfops      0x005706        0x11a c:/program files/microchip/xc16/v2.10/bin/bin/../../lib\libc99-pic30-elf.a(dpmul.XX_o)
                  0x005706                  ___muldf3
 .lib_dpfops      0x005820        0x128 c:/program files/microchip/xc16/v2.10/bin/bin/../../lib\libc99-pic30-elf.a(dpsubs.XX_o)
                  0x00583a                  __dxchg
                  0x005848                  __drshft
                  0x0058a2                  __dupchk
                  0x005904                  __drndex
                  0x00590e                  __dnsrnd
                  0x00593a                  __dpakex
 .libm.__muldi3
                  0x005948         0x52 c:/program files/microchip/xc16/v2.10/bin/bin/../../lib\libc99-pic30-elf.a(muldi3.XX_o)
                  0x005948                  ___muldi3
 .libm.dcompare
                  0x00599a         0x52 c:/program files/microchip/xc16/v2.10/bin/bin/../../lib\libc99-pic30-elf.a(dcompare.XX_o)
                  0x00599a                  __dcompare
 .libm.dtype      0x0059ec         0x24 c:/program files/microchip/xc16/v2.10/bin/bin/../../lib\libc99-pic30-elf.a(dtype.XX_o)
                  0x0059ec                  __dtype
 .libm.dunpack    0x005a10         0x4e c:/program files/microchip/xc16/v2.10/bin/bin/../../lib\libc99-pic30-elf.a(dunpack.XX_o)
                  0x005a10                  __dunpack
 .libm.dunpack2
                  0x005a5e         0x32 c:/program files/microchip/xc16/v2.10/bin/bin/../../lib\libc99-pic30-elf.a(dunpack2.XX_o)
                  0x005a5e                  __dunpack2
                  0x005a80                  __dreturnNaN
                  0x005a86                  __dunpack2exit
 .libm.floatdidf
                  0x005a90         0x20 c:/program files/microchip/xc16/v2.10/bin/bin/../../lib\libc99-pic30-elf.a(floatdidf.XX_o)
                  0x005a90                  ___floatdidf
 .libm.floatundidf
                  0x005ab0         0x56 c:/program files/microchip/xc16/v2.10/bin/bin/../../lib\libc99-pic30-elf.a(floatundidf.XX_o)
                  0x005ab0                  ___floatundidf
 .libm.umuldi3    0x005b06         0x44 c:/program files/microchip/xc16/v2.10/bin/bin/../../lib\libc99-pic30-elf.a(umuldi3.XX_o)
                  0x005b06                  ___umuldi3
 .libm.dpack      0x005b4a         0x58 c:/program files/microchip/xc16/v2.10/bin/bin/../../lib\libc99-pic30-elf.a(dpack.XX_o)
                  0x005b4a                  __dpack
 .libm.dPropagateNaN
                  0x005ba2         0x1c c:/program files/microchip/xc16/v2.10/bin/bin/../../lib\libc99-pic30-elf.a(dpropagateNaN.XX_o)
                  0x005ba2                  __dPropagateNaN
 .libc.copysignl
                  0x005bbe         0x34 c:/program files/microchip/xc16/v2.10/bin/bin/../../lib\libm-elf.a(copysignl.XX_o)
                  0x005bbe                  _copysignl
 .libc.fabsl      0x005bf2         0x16 c:/program files/microchip/xc16/v2.10/bin/bin/../../lib\libm-elf.a(fabsl.XX_o)
                  0x005bf2                  _fabsl
 .libc.floorl     0x005c08         0xf8 c:/program files/microchip/xc16/v2.10/bin/bin/../../lib\libm-elf.a(floorl.XX_o)
                  0x005c08                  _floorl
 .libc.__LONG_DOUBLE_BITS
                  0x005d00          0x2 c:/program files/microchip/xc16/v2.10/bin/bin/../../lib\libm-elf.a(fmodl.XX_o)
 .libc.fmodl      0x005d02        0x32c c:/program files/microchip/xc16/v2.10/bin/bin/../../lib\libm-elf.a(fmodl.XX_o)
                  0x005d02                  _fmodl
 .libc.scalbnf    0x00602e         0x54 c:/program files/microchip/xc16/v2.10/bin/bin/../../lib\libm-elf.a(scalbnf.XX_o)
                  0x00602e                  _scalbnf
 .libc.scalbnl    0x006082         0x60 c:/program files/microchip/xc16/v2.10/bin/bin/../../lib\libm-elf.a(scalbnl.XX_o)
                  0x006082                  _scalbnl

usercode
 *(usercode)

__FBS
 *(__FBS.sec*)

__FSS
 *(__FSS.sec*)

__FGS             0xf80004          0x2
 *(__FGS.sec*)
 __FGS.sec        0xf80004          0x2 /CW/_FGS°qÿ
                  0xf80004                  __FGS.sec

__FOSCSEL
 *(__FOSCSEL.sec*)

__FOSC
 *(__FOSC.sec*)

__FWDT
 *(__FWDT.sec*)

__FPOR
 *(__FPOR.sec*)

__FICD
 *(__FICD.sec*)

__FUID0
 *(__FUID0.sec*)

__FUID1
 *(__FUID1.sec*)

__FUID2
 *(__FUID2.sec*)

__FUID3
 *(__FUID3.sec*)

.comment
 *(.comment)

.debug_info       0x000000      0x3f0fc
 *(.debug_info)
 .debug_info      0x000000        0x742 build/default/debug/_ext/1077471063/deadReckoning.o
 .debug_info      0x000742        0x2eb build/default/debug/_ext/1077471063/estAirspeed.o
 .debug_info      0x000a2d        0x71e build/default/debug/_ext/1077471063/estAltitude.o
 .debug_info      0x00114b        0x972 build/default/debug/_ext/1077471063/estLocation.o
 .debug_info      0x001abd        0x6fb build/default/debug/_ext/1077471063/estWind.o
 .debug_info      0x0021b8        0x4c8 build/default/debug/_ext/1077471063/estYawDrift.o
 .debug_info      0x002680        0x5fb build/default/debug/_ext/1077471063/gpsData.o
 .debug_info      0x002c7b        0xa9e build/default/debug/_ext/1077471063/gpsParseCommon.o
 .debug_info      0x003719        0x17b build/default/debug/_ext/1077471063/gpsParseMTEK.o
 .debug_info      0x003894        0x17b build/default/debug/_ext/1077471063/gpsParseNMEA.o
 .debug_info      0x003a0f        0x17a build/default/debug/_ext/1077471063/gpsParseSTD.o
 .debug_info      0x003b89       0x19a2 build/default/debug/_ext/1077471063/gpsParseUBX.o
 .debug_info      0x00552b        0x1a9 build/default/debug/_ext/1077471063/hilsim.o
 .debug_info      0x0056d4        0xa15 build/default/debug/_ext/1077471063/libDCM.o
 .debug_info      0x0060e9        0xa90 build/default/debug/_ext/1077471063/mag_drift.o
 .debug_info      0x006b79        0x68d build/default/debug/_ext/1077471063/mathlib.o
 .debug_info      0x007206        0xa0f build/default/debug/_ext/1077471063/mathlibNAV.o
 .debug_info      0x007c15        0xc6a build/default/debug/_ext/1077471063/rmat.o
 .debug_info      0x00887f        0x17c build/default/debug/_ext/1864667112/AT45D.o
 .debug_info      0x0089fb        0x180 build/default/debug/_ext/1864667112/AT45D_DMA.o
 .debug_info      0x008b7b        0x17f build/default/debug/_ext/1864667112/AT45D_FS.o
 .debug_info      0x008cfa        0x584 build/default/debug/_ext/1864667112/EEPROM.o
 .debug_info      0x00927e        0x2a3 build/default/debug/_ext/1864667112/EEPROM_FS.o
 .debug_info      0x009521        0x60f build/default/debug/_ext/1864667112/filesys.o
 .debug_info      0x009b30        0x180 build/default/debug/_ext/1864667112/MDD_AT45D.o
 .debug_info      0x009cb0        0x4c0 build/default/debug/_ext/1864667112/MDD_EEPROM.o
 .debug_info      0x00a170        0x176 build/default/debug/_ext/1864667112/usb.o
 .debug_info      0x00a2e6        0x17a build/default/debug/_ext/1864667112/usb_cdc.o
 .debug_info      0x00a460        0x182 build/default/debug/_ext/1864667112/usb_descriptors.o
 .debug_info      0x00a5e2        0x17a build/default/debug/_ext/1864667112/usb_msd.o
 .debug_info      0x00a75c        0x176 build/default/debug/_ext/1077454706/24LC256.o
 .debug_info      0x00a8d2        0x2df build/default/debug/_ext/1077454706/ADchannel.o
 .debug_info      0x00abb1        0x183 build/default/debug/_ext/1077454706/analog2digital_auav3.o
 .debug_info      0x00ad34        0x182 build/default/debug/_ext/1077454706/analog2digital_udb4.o
 .debug_info      0x00aeb6       0x1aea build/default/debug/_ext/1077454706/analog2digital_udb5.o
 .debug_info      0x00c9a0        0x2bd build/default/debug/_ext/1077454706/analogs.o
 .debug_info      0x00cc5d       0x1aef build/default/debug/_ext/1077454706/background.o
 .debug_info      0x00e74c        0x178 build/default/debug/_ext/1077454706/barometer.o
 .debug_info      0x00e8c4        0x175 build/default/debug/_ext/1077454706/cll_io.o
 .debug_info      0x00ea39        0x6bf build/default/debug/_ext/1077454706/eeprom_udb4.o
 .debug_info      0x00f0f8        0xdd4 build/default/debug/_ext/1077454706/events.o
 .debug_info      0x00fecc         0xa3 build/default/debug/_ext/1077454706/fbcl.o
 .debug_info      0x00ff6f        0x3df build/default/debug/_ext/1077454706/heartbeat.o
 .debug_info      0x01034e       0x1089 build/default/debug/_ext/1077454706/I2C1.o
 .debug_info      0x0113d7       0x1152 build/default/debug/_ext/1077454706/I2C2.o
 .debug_info      0x012529        0x3f2 build/default/debug/_ext/1077454706/libUDB.o
 .debug_info      0x01291b        0x580 build/default/debug/_ext/1077454706/magnetometer.o
 .debug_info      0x012e9b        0xca6 build/default/debug/_ext/1077454706/mcu.o
 .debug_info      0x013b41        0xc85 build/default/debug/_ext/1077454706/mpu6000.o
 .debug_info      0x0147c6        0xeb4 build/default/debug/_ext/1077454706/mpu_spi.o
 .debug_info      0x01567a        0x18a build/default/debug/_ext/1077454706/osd.o
 .debug_info      0x015804        0x176 build/default/debug/_ext/1077454706/osd_bit.o
 .debug_info      0x01597a        0x176 build/default/debug/_ext/1077454706/osd_spi.o
 .debug_info      0x015af0        0x5f9 build/default/debug/_ext/1077454706/radioIn.o
 .debug_info      0x0160e9        0x9a0 build/default/debug/_ext/1077454706/read.o
 .debug_info      0x016a89       0x1a9c build/default/debug/_ext/1077454706/serialIO.o
 .debug_info      0x018525       0x10d4 build/default/debug/_ext/1077454706/servoOut.o
 .debug_info      0x0195f9        0x176 build/default/debug/_ext/1077454706/sonarIn.o
 .debug_info      0x01976f        0x470 build/default/debug/_ext/1077454706/traps.o
 .debug_info      0x019bdf         0xa8 build/default/debug/_ext/1077454706/traps_asm.o
 .debug_info      0x019c87        0x18d build/default/debug/_ext/1077454706/uart.o
 .debug_info      0x019e14        0x985 build/default/debug/_ext/1077454706/write.o
 .debug_info      0x01a799        0x174 build/default/debug/_ext/1077454706/Lidar.o
 .debug_info      0x01a90d         0xac build/default/debug/_ext/679848855/madd.o
 .debug_info      0x01a9b9         0xac build/default/debug/_ext/679848855/mmul.o
 .debug_info      0x01aa65         0xac build/default/debug/_ext/679848855/mscl.o
 .debug_info      0x01ab11         0xac build/default/debug/_ext/679848855/msub.o
 .debug_info      0x01abbd         0xac build/default/debug/_ext/679848855/mtrp.o
 .debug_info      0x01ac69         0xac build/default/debug/_ext/679848855/vadd.o
 .debug_info      0x01ad15         0xac build/default/debug/_ext/679848855/vcon.o
 .debug_info      0x01adc1         0xad build/default/debug/_ext/679848855/vcopy.o
 .debug_info      0x01ae6e         0xac build/default/debug/_ext/679848855/vcor.o
 .debug_info      0x01af1a         0xac build/default/debug/_ext/679848855/vdot.o
 .debug_info      0x01afc6         0xac build/default/debug/_ext/679848855/vmax.o
 .debug_info      0x01b072         0xac build/default/debug/_ext/679848855/vmin.o
 .debug_info      0x01b11e         0xac build/default/debug/_ext/679848855/vmul.o
 .debug_info      0x01b1ca         0xac build/default/debug/_ext/679848855/vneg.o
 .debug_info      0x01b276         0xac build/default/debug/_ext/679848855/vpow.o
 .debug_info      0x01b322         0xac build/default/debug/_ext/679848855/vscl.o
 .debug_info      0x01b3ce         0xac build/default/debug/_ext/679848855/vsub.o
 .debug_info      0x01b47a         0xad build/default/debug/_ext/679848855/vzpad.o
 .debug_info      0x01b527        0x6a3 build/default/debug/_ext/1363575369/airspeedCntrl.o
 .debug_info      0x01bbca       0x1092 build/default/debug/_ext/1363575369/altitudeCntrl.o
 .debug_info      0x01cc5c        0x1e8 build/default/debug/_ext/1363575369/altitudeCntrlVariable.o
 .debug_info      0x01ce44        0x6ff build/default/debug/_ext/1363575369/behavior.o
 .debug_info      0x01d543        0x519 build/default/debug/_ext/1363575369/cameraCntrl.o
 .debug_info      0x01da5c        0xb1e build/default/debug/_ext/1363575369/config.o
 .debug_info      0x01e57a        0x180 build/default/debug/_ext/1363575369/config_tests.o
 .debug_info      0x01e6fa        0x17b build/default/debug/_ext/1363575369/console.o
 .debug_info      0x01e875        0x181 build/default/debug/_ext/1363575369/data_services.o
 .debug_info      0x01e9f6        0x180 build/default/debug/_ext/1363575369/data_storage.o
 .debug_info      0x01eb76        0x269 build/default/debug/_ext/1363575369/euler_angles.o
 .debug_info      0x01eddf        0x43b build/default/debug/_ext/1363575369/flight_state.o
 .debug_info      0x01f21a       0x123d build/default/debug/_ext/1363575369/flightplan-logo.o
 .debug_info      0x020457        0xb12 build/default/debug/_ext/1363575369/flightplan-waypoints.o
 .debug_info      0x020f69        0x421 build/default/debug/_ext/1363575369/flightplan.o
 .debug_info      0x02138a        0x183 build/default/debug/_ext/1363575369/fly_by_datalink.o
 .debug_info      0x02150d        0x4b0 build/default/debug/_ext/1363575369/helicalTurnCntrl.o
 .debug_info      0x0219bd        0x756 build/default/debug/_ext/1363575369/main.o
 .debug_info      0x022113        0x637 build/default/debug/_ext/1363575369/MAVFlexiFunctions.o
 .debug_info      0x02274a       0x4907 build/default/debug/_ext/1363575369/MAVLink.o
 .debug_info      0x027051       0x27be build/default/debug/_ext/1363575369/MAVMission.o
 .debug_info      0x02980f       0x20ef build/default/debug/_ext/1363575369/MAVParams.o
 .debug_info      0x02b8fe       0x3901 build/default/debug/_ext/1363575369/MAVUDBExtra.o
 .debug_info      0x02f1ff        0x1b1 build/default/debug/_ext/1363575369/minim_osd.o
 .debug_info      0x02f3b0       0x1347 build/default/debug/_ext/1363575369/minIni.o
 .debug_info      0x0306f7        0x5cc build/default/debug/_ext/1363575369/mode_switch.o
 .debug_info      0x030cc3        0x1c3 build/default/debug/_ext/1363575369/mp_osd.o
 .debug_info      0x030e86       0x11b6 build/default/debug/_ext/1363575369/navigate.o
 .debug_info      0x03203c        0x183 build/default/debug/_ext/1363575369/nv_memory_table.o
 .debug_info      0x0321bf        0xa9d build/default/debug/_ext/1363575369/parameter_table.o
 .debug_info      0x032c5c        0x184 build/default/debug/_ext/1363575369/parameter_table2.o
 .debug_info      0x032de0       0x1057 build/default/debug/_ext/1363575369/pitchCntrl.o
 .debug_info      0x033e37        0x17d build/default/debug/_ext/1363575369/preflight.o
 .debug_info      0x033fb4        0x17f build/default/debug/_ext/1363575369/remzibi_osd.o
 .debug_info      0x034133        0x17f build/default/debug/_ext/1363575369/ring_buffer.o
 .debug_info      0x0342b2        0xeb6 build/default/debug/_ext/1363575369/rollCntrl.o
 .debug_info      0x035168        0x646 build/default/debug/_ext/1363575369/servoMix.o
 .debug_info      0x0357ae        0xabb build/default/debug/_ext/1363575369/servoPrepare.o
 .debug_info      0x036269        0x1b1 build/default/debug/_ext/1363575369/sonarCntrl.o
 .debug_info      0x03641a        0xc8c build/default/debug/_ext/1363575369/states.o
 .debug_info      0x0370a6        0x2a8 build/default/debug/_ext/1363575369/telemetry.o
 .debug_info      0x03734e        0x6fd build/default/debug/_ext/1363575369/telemetry_log.o
 .debug_info      0x037a4b        0xf19 build/default/debug/_ext/1363575369/yawCntrl.o
 .debug_info      0x038964        0xd86 build/default/debug/_ext/1472/motorCntrl.o
 .debug_info      0x0396ea        0x728 build/default/debug/_ext/1940647236/MAVFTP.o
 .debug_info      0x039e12       0x3021 build/default/debug/_ext/264835745/FSIO.o
 .debug_info      0x03ce33        0x18c build/default/debug/_ext/264835745/SD-SPI.o
 .debug_info      0x03cfbf        0x198 build/default/debug/_ext/1836339082/usb_function_cdc.o
 .debug_info      0x03d157        0x198 build/default/debug/_ext/629040614/usb_function_msd.o
 .debug_info      0x03d2ef        0x180 build/default/debug/_ext/713068069/usb_device.o
 .debug_info      0x03d46f        0x186 build/default/debug/_ext/713068069/usb_hal_dspic33e.o
 .debug_info      0x03d5f5         0x8c c:/program files/microchip/xc16/v2.10/bin/bin/../../lib\libc99-pic30-elf.a(divsi3.XX_o)
 .debug_info      0x03d681         0x8d c:/program files/microchip/xc16/v2.10/bin/bin/../../lib\libc99-pic30-elf.a(feqltle.XX_o)
 .debug_info      0x03d70e         0x8b c:/program files/microchip/xc16/v2.10/bin/bin/../../lib\libc99-pic30-elf.a(fgtge.XX_o)
 .debug_info      0x03d799         0x8d c:/program files/microchip/xc16/v2.10/bin/bin/../../lib\libc99-pic30-elf.a(fixsfsi.XX_o)
 .debug_info      0x03d826         0x90 c:/program files/microchip/xc16/v2.10/bin/bin/../../lib\libc99-pic30-elf.a(fixunssfsi.XX_o)
 .debug_info      0x03d8b6         0x8f c:/program files/microchip/xc16/v2.10/bin/bin/../../lib\libc99-pic30-elf.a(floatsisf.XX_o)
 .debug_info      0x03d945         0x91 c:/program files/microchip/xc16/v2.10/bin/bin/../../lib\libc99-pic30-elf.a(floatunsisf.XX_o)
 .debug_info      0x03d9d6         0x8d c:/program files/microchip/xc16/v2.10/bin/bin/../../lib\libc99-pic30-elf.a(funpack.XX_o)
 .debug_info      0x03da63         0x8c c:/program files/microchip/xc16/v2.10/bin/bin/../../lib\libc99-pic30-elf.a(modsi3.XX_o)
 .debug_info      0x03daef         0x8d c:/program files/microchip/xc16/v2.10/bin/bin/../../lib\libc99-pic30-elf.a(udivsi3.XX_o)
 .debug_info      0x03db7c         0x8d c:/program files/microchip/xc16/v2.10/bin/bin/../../lib\libc99-pic30-elf.a(umodsi3.XX_o)
 .debug_info      0x03dc09         0x9d c:/program files/microchip/xc16/v2.10/bin/bin/../../lib\libc99-pic30-elf.a(addsf3x.XX_o)
 .debug_info      0x03dca6         0x9d c:/program files/microchip/xc16/v2.10/bin/bin/../../lib\libc99-pic30-elf.a(divsf3x.XX_o)
 .debug_info      0x03dd43         0x9d c:/program files/microchip/xc16/v2.10/bin/bin/../../lib\libc99-pic30-elf.a(mulsf3x.XX_o)
 .debug_info      0x03dde0         0xa0 c:/program files/microchip/xc16/v2.10/bin/bin/../../lib\libc99-pic30-elf.a(dnrmpackfx.XX_o)
 .debug_info      0x03de80         0xa2 c:/program files/microchip/xc16/v2.10/bin/bin/../../lib\libc99-pic30-elf.a(unpackdnrmfx.XX_o)
 .debug_info      0x03df22         0x9c c:/program files/microchip/xc16/v2.10/bin/bin/../../lib\libc99-pic30-elf.a(typefx.XX_o)
 .debug_info      0x03dfbe         0x9f c:/program files/microchip/xc16/v2.10/bin/bin/../../lib\libc99-pic30-elf.a(propnanfx.XX_o)
 .debug_info      0x03e05d         0x9d c:/program files/microchip/xc16/v2.10/bin/bin/../../lib\libc99-pic30-elf.a(spackfx.XX_o)
 .debug_info      0x03e0fa         0x9e c:/program files/microchip/xc16/v2.10/bin/bin/../../lib\libc99-pic30-elf.a(unpackfx.XX_o)
 .debug_info      0x03e198         0x8e c:/program files/microchip/xc16/v2.10/bin/bin/../../lib\libc99-pic30-elf.a(fcompare.XX_o)
 .debug_info      0x03e226         0x8f c:/program files/microchip/xc16/v2.10/bin/bin/../../lib\libc99-pic30-elf.a(floatdisf.XX_o)
 .debug_info      0x03e2b5         0x91 c:/program files/microchip/xc16/v2.10/bin/bin/../../lib\libc99-pic30-elf.a(floatundisf.XX_o)
 .debug_info      0x03e346         0x8b c:/program files/microchip/xc16/v2.10/bin/bin/../../lib\libc99-pic30-elf.a(fpack.XX_o)
 .debug_info      0x03e3d1         0x8e c:/program files/microchip/xc16/v2.10/bin/bin/../../lib\libc99-pic30-elf.a(funpack2.XX_o)
 .debug_info      0x03e45f         0x8d c:/program files/microchip/xc16/v2.10/bin/bin/../../lib\libc99-pic30-elf.a(deqltle.XX_o)
 .debug_info      0x03e4ec         0x8b c:/program files/microchip/xc16/v2.10/bin/bin/../../lib\libc99-pic30-elf.a(dgtge.XX_o)
 .debug_info      0x03e577         0x89 c:/program files/microchip/xc16/v2.10/bin/bin/../../lib\libc99-pic30-elf.a(dne.XX_o)
 .debug_info      0x03e600         0x90 c:/program files/microchip/xc16/v2.10/bin/bin/../../lib\libc99-pic30-elf.a(extendsfdf.XX_o)
 .debug_info      0x03e690         0x8d c:/program files/microchip/xc16/v2.10/bin/bin/../../lib\libc99-pic30-elf.a(fixdfsi.XX_o)
 .debug_info      0x03e71d         0x8f c:/program files/microchip/xc16/v2.10/bin/bin/../../lib\libc99-pic30-elf.a(floatsidf.XX_o)
 .debug_info      0x03e7ac         0x91 c:/program files/microchip/xc16/v2.10/bin/bin/../../lib\libc99-pic30-elf.a(floatunsidf.XX_o)
 .debug_info      0x03e83d         0x8f c:/program files/microchip/xc16/v2.10/bin/bin/../../lib\libc99-pic30-elf.a(truncdfsf.XX_o)
 .debug_info      0x03e8cc         0x8c c:/program files/microchip/xc16/v2.10/bin/bin/../../lib\libc99-pic30-elf.a(mulsi3.XX_o)
 .debug_info      0x03e958         0xa9 c:/program files/microchip/xc16/v2.10/bin/bin/../../lib\libc99-pic30-elf.a(dpadd.XX_o)
 .debug_info      0x03ea01         0xa9 c:/program files/microchip/xc16/v2.10/bin/bin/../../lib\libc99-pic30-elf.a(dpdiv.XX_o)
 .debug_info      0x03eaaa         0xa9 c:/program files/microchip/xc16/v2.10/bin/bin/../../lib\libc99-pic30-elf.a(dpmul.XX_o)
 .debug_info      0x03eb53         0xaa c:/program files/microchip/xc16/v2.10/bin/bin/../../lib\libc99-pic30-elf.a(dpsubs.XX_o)
 .debug_info      0x03ebfd         0x8e c:/program files/microchip/xc16/v2.10/bin/bin/../../lib\libc99-pic30-elf.a(dcompare.XX_o)
 .debug_info      0x03ec8b         0x8b c:/program files/microchip/xc16/v2.10/bin/bin/../../lib\libc99-pic30-elf.a(dtype.XX_o)
 .debug_info      0x03ed16         0x8d c:/program files/microchip/xc16/v2.10/bin/bin/../../lib\libc99-pic30-elf.a(dunpack.XX_o)
 .debug_info      0x03eda3         0x8e c:/program files/microchip/xc16/v2.10/bin/bin/../../lib\libc99-pic30-elf.a(dunpack2.XX_o)
 .debug_info      0x03ee31         0x8f c:/program files/microchip/xc16/v2.10/bin/bin/../../lib\libc99-pic30-elf.a(floatdidf.XX_o)
 .debug_info      0x03eec0         0x91 c:/program files/microchip/xc16/v2.10/bin/bin/../../lib\libc99-pic30-elf.a(floatundidf.XX_o)
 .debug_info      0x03ef51         0x8d c:/program files/microchip/xc16/v2.10/bin/bin/../../lib\libc99-pic30-elf.a(umuldi3.XX_o)
 .debug_info      0x03efde         0x8b c:/program files/microchip/xc16/v2.10/bin/bin/../../lib\libc99-pic30-elf.a(dpack.XX_o)
 .debug_info      0x03f069         0x93 c:/program files/microchip/xc16/v2.10/bin/bin/../../lib\libc99-pic30-elf.a(dpropagateNaN.XX_o)
 *(.gnu.linkonce.wi.*)

.debug_abbrev     0x000000       0x6840
 *(.debug_abbrev)
 .debug_abbrev    0x000000         0xeb build/default/debug/_ext/1077471063/deadReckoning.o
 .debug_abbrev    0x0000eb         0x6d build/default/debug/_ext/1077471063/estAirspeed.o
 .debug_abbrev    0x000158        0x10b build/default/debug/_ext/1077471063/estAltitude.o
 .debug_abbrev    0x000263        0x118 build/default/debug/_ext/1077471063/estLocation.o
 .debug_abbrev    0x00037b         0xfa build/default/debug/_ext/1077471063/estWind.o
 .debug_abbrev    0x000475         0xcf build/default/debug/_ext/1077471063/estYawDrift.o
 .debug_abbrev    0x000544         0x7e build/default/debug/_ext/1077471063/gpsData.o
 .debug_abbrev    0x0005c2        0x1e1 build/default/debug/_ext/1077471063/gpsParseCommon.o
 .debug_abbrev    0x0007a3         0x1f build/default/debug/_ext/1077471063/gpsParseMTEK.o
 .debug_abbrev    0x0007c2         0x1f build/default/debug/_ext/1077471063/gpsParseNMEA.o
 .debug_abbrev    0x0007e1         0x1f build/default/debug/_ext/1077471063/gpsParseSTD.o
 .debug_abbrev    0x000800        0x1e5 build/default/debug/_ext/1077471063/gpsParseUBX.o
 .debug_abbrev    0x0009e5         0x4b build/default/debug/_ext/1077471063/hilsim.o
 .debug_abbrev    0x000a30        0x19b build/default/debug/_ext/1077471063/libDCM.o
 .debug_abbrev    0x000bcb        0x153 build/default/debug/_ext/1077471063/mag_drift.o
 .debug_abbrev    0x000d1e         0xef build/default/debug/_ext/1077471063/mathlib.o
 .debug_abbrev    0x000e0d        0x182 build/default/debug/_ext/1077471063/mathlibNAV.o
 .debug_abbrev    0x000f8f        0x1d5 build/default/debug/_ext/1077471063/rmat.o
 .debug_abbrev    0x001164         0x1f build/default/debug/_ext/1864667112/AT45D.o
 .debug_abbrev    0x001183         0x1f build/default/debug/_ext/1864667112/AT45D_DMA.o
 .debug_abbrev    0x0011a2         0x1f build/default/debug/_ext/1864667112/AT45D_FS.o
 .debug_abbrev    0x0011c1        0x151 build/default/debug/_ext/1864667112/EEPROM.o
 .debug_abbrev    0x001312         0xb8 build/default/debug/_ext/1864667112/EEPROM_FS.o
 .debug_abbrev    0x0013ca        0x120 build/default/debug/_ext/1864667112/filesys.o
 .debug_abbrev    0x0014ea         0x1f build/default/debug/_ext/1864667112/MDD_AT45D.o
 .debug_abbrev    0x001509        0x124 build/default/debug/_ext/1864667112/MDD_EEPROM.o
 .debug_abbrev    0x00162d         0x1f build/default/debug/_ext/1864667112/usb.o
 .debug_abbrev    0x00164c         0x1f build/default/debug/_ext/1864667112/usb_cdc.o
 .debug_abbrev    0x00166b         0x1f build/default/debug/_ext/1864667112/usb_descriptors.o
 .debug_abbrev    0x00168a         0x1f build/default/debug/_ext/1864667112/usb_msd.o
 .debug_abbrev    0x0016a9         0x1f build/default/debug/_ext/1077454706/24LC256.o
 .debug_abbrev    0x0016c8         0x92 build/default/debug/_ext/1077454706/ADchannel.o
 .debug_abbrev    0x00175a         0x1f build/default/debug/_ext/1077454706/analog2digital_auav3.o
 .debug_abbrev    0x001779         0x1f build/default/debug/_ext/1077454706/analog2digital_udb4.o
 .debug_abbrev    0x001798        0x199 build/default/debug/_ext/1077454706/analog2digital_udb5.o
 .debug_abbrev    0x001931         0xab build/default/debug/_ext/1077454706/analogs.o
 .debug_abbrev    0x0019dc        0x194 build/default/debug/_ext/1077454706/background.o
 .debug_abbrev    0x001b70         0x1f build/default/debug/_ext/1077454706/barometer.o
 .debug_abbrev    0x001b8f         0x1f build/default/debug/_ext/1077454706/cll_io.o
 .debug_abbrev    0x001bae        0x116 build/default/debug/_ext/1077454706/eeprom_udb4.o
 .debug_abbrev    0x001cc4        0x1b6 build/default/debug/_ext/1077454706/events.o
 .debug_abbrev    0x001e7a         0x14 build/default/debug/_ext/1077454706/fbcl.o
 .debug_abbrev    0x001e8e        0x103 build/default/debug/_ext/1077454706/heartbeat.o
 .debug_abbrev    0x001f91        0x1a4 build/default/debug/_ext/1077454706/I2C1.o
 .debug_abbrev    0x002135        0x1e9 build/default/debug/_ext/1077454706/I2C2.o
 .debug_abbrev    0x00231e        0x124 build/default/debug/_ext/1077454706/libUDB.o
 .debug_abbrev    0x002442        0x129 build/default/debug/_ext/1077454706/magnetometer.o
 .debug_abbrev    0x00256b        0x133 build/default/debug/_ext/1077454706/mcu.o
 .debug_abbrev    0x00269e        0x189 build/default/debug/_ext/1077454706/mpu6000.o
 .debug_abbrev    0x002827        0x18d build/default/debug/_ext/1077454706/mpu_spi.o
 .debug_abbrev    0x0029b4         0x34 build/default/debug/_ext/1077454706/osd.o
 .debug_abbrev    0x0029e8         0x1f build/default/debug/_ext/1077454706/osd_bit.o
 .debug_abbrev    0x002a07         0x1f build/default/debug/_ext/1077454706/osd_spi.o
 .debug_abbrev    0x002a26        0x15f build/default/debug/_ext/1077454706/radioIn.o
 .debug_abbrev    0x002b85        0x126 build/default/debug/_ext/1077454706/read.o
 .debug_abbrev    0x002cab        0x19b build/default/debug/_ext/1077454706/serialIO.o
 .debug_abbrev    0x002e46        0x1f7 build/default/debug/_ext/1077454706/servoOut.o
 .debug_abbrev    0x00303d         0x1f build/default/debug/_ext/1077454706/sonarIn.o
 .debug_abbrev    0x00305c         0xd2 build/default/debug/_ext/1077454706/traps.o
 .debug_abbrev    0x00312e         0x14 build/default/debug/_ext/1077454706/traps_asm.o
 .debug_abbrev    0x003142         0x34 build/default/debug/_ext/1077454706/uart.o
 .debug_abbrev    0x003176        0x11d build/default/debug/_ext/1077454706/write.o
 .debug_abbrev    0x003293         0x1f build/default/debug/_ext/1077454706/Lidar.o
 .debug_abbrev    0x0032b2         0x14 build/default/debug/_ext/679848855/madd.o
 .debug_abbrev    0x0032c6         0x14 build/default/debug/_ext/679848855/mmul.o
 .debug_abbrev    0x0032da         0x14 build/default/debug/_ext/679848855/mscl.o
 .debug_abbrev    0x0032ee         0x14 build/default/debug/_ext/679848855/msub.o
 .debug_abbrev    0x003302         0x14 build/default/debug/_ext/679848855/mtrp.o
 .debug_abbrev    0x003316         0x14 build/default/debug/_ext/679848855/vadd.o
 .debug_abbrev    0x00332a         0x14 build/default/debug/_ext/679848855/vcon.o
 .debug_abbrev    0x00333e         0x14 build/default/debug/_ext/679848855/vcopy.o
 .debug_abbrev    0x003352         0x14 build/default/debug/_ext/679848855/vcor.o
 .debug_abbrev    0x003366         0x14 build/default/debug/_ext/679848855/vdot.o
 .debug_abbrev    0x00337a         0x14 build/default/debug/_ext/679848855/vmax.o
 .debug_abbrev    0x00338e         0x14 build/default/debug/_ext/679848855/vmin.o
 .debug_abbrev    0x0033a2         0x14 build/default/debug/_ext/679848855/vmul.o
 .debug_abbrev    0x0033b6         0x14 build/default/debug/_ext/679848855/vneg.o
 .debug_abbrev    0x0033ca         0x14 build/default/debug/_ext/679848855/vpow.o
 .debug_abbrev    0x0033de         0x14 build/default/debug/_ext/679848855/vscl.o
 .debug_abbrev    0x0033f2         0x14 build/default/debug/_ext/679848855/vsub.o
 .debug_abbrev    0x003406         0x14 build/default/debug/_ext/679848855/vzpad.o
 .debug_abbrev    0x00341a        0x112 build/default/debug/_ext/1363575369/airspeedCntrl.o
 .debug_abbrev    0x00352c        0x1a6 build/default/debug/_ext/1363575369/altitudeCntrl.o
 .debug_abbrev    0x0036d2         0x60 build/default/debug/_ext/1363575369/altitudeCntrlVariable.o
 .debug_abbrev    0x003732        0x123 build/default/debug/_ext/1363575369/behavior.o
 .debug_abbrev    0x003855        0x112 build/default/debug/_ext/1363575369/cameraCntrl.o
 .debug_abbrev    0x003967        0x119 build/default/debug/_ext/1363575369/config.o
 .debug_abbrev    0x003a80         0x1f build/default/debug/_ext/1363575369/config_tests.o
 .debug_abbrev    0x003a9f         0x1f build/default/debug/_ext/1363575369/console.o
 .debug_abbrev    0x003abe         0x1f build/default/debug/_ext/1363575369/data_services.o
 .debug_abbrev    0x003add         0x1f build/default/debug/_ext/1363575369/data_storage.o
 .debug_abbrev    0x003afc         0x91 build/default/debug/_ext/1363575369/euler_angles.o
 .debug_abbrev    0x003b8d        0x110 build/default/debug/_ext/1363575369/flight_state.o
 .debug_abbrev    0x003c9d        0x203 build/default/debug/_ext/1363575369/flightplan-logo.o
 .debug_abbrev    0x003ea0        0x212 build/default/debug/_ext/1363575369/flightplan-waypoints.o
 .debug_abbrev    0x0040b2         0xe2 build/default/debug/_ext/1363575369/flightplan.o
 .debug_abbrev    0x004194         0x1f build/default/debug/_ext/1363575369/fly_by_datalink.o
 .debug_abbrev    0x0041b3         0xfc build/default/debug/_ext/1363575369/helicalTurnCntrl.o
 .debug_abbrev    0x0042af         0xda build/default/debug/_ext/1363575369/main.o
 .debug_abbrev    0x004389         0xd8 build/default/debug/_ext/1363575369/MAVFlexiFunctions.o
 .debug_abbrev    0x004461        0x30e build/default/debug/_ext/1363575369/MAVLink.o
 .debug_abbrev    0x00476f        0x21c build/default/debug/_ext/1363575369/MAVMission.o
 .debug_abbrev    0x00498b        0x284 build/default/debug/_ext/1363575369/MAVParams.o
 .debug_abbrev    0x004c0f        0x208 build/default/debug/_ext/1363575369/MAVUDBExtra.o
 .debug_abbrev    0x004e17         0x4b build/default/debug/_ext/1363575369/minim_osd.o
 .debug_abbrev    0x004e62        0x1f7 build/default/debug/_ext/1363575369/minIni.o
 .debug_abbrev    0x005059         0xc6 build/default/debug/_ext/1363575369/mode_switch.o
 .debug_abbrev    0x00511f         0x50 build/default/debug/_ext/1363575369/mp_osd.o
 .debug_abbrev    0x00516f        0x229 build/default/debug/_ext/1363575369/navigate.o
 .debug_abbrev    0x005398         0x1f build/default/debug/_ext/1363575369/nv_memory_table.o
 .debug_abbrev    0x0053b7        0x11c build/default/debug/_ext/1363575369/parameter_table.o
 .debug_abbrev    0x0054d3         0x1f build/default/debug/_ext/1363575369/parameter_table2.o
 .debug_abbrev    0x0054f2          0x1 build/default/debug/_ext/1363575369/parameter_table_init.o
 .debug_abbrev    0x0054f3        0x14a build/default/debug/_ext/1363575369/pitchCntrl.o
 .debug_abbrev    0x00563d         0x1f build/default/debug/_ext/1363575369/preflight.o
 .debug_abbrev    0x00565c          0x1 build/default/debug/_ext/1363575369/redef.o
 .debug_abbrev    0x00565d         0x1f build/default/debug/_ext/1363575369/remzibi_osd.o
 .debug_abbrev    0x00567c         0x1f build/default/debug/_ext/1363575369/ring_buffer.o
 .debug_abbrev    0x00569b        0x135 build/default/debug/_ext/1363575369/rollCntrl.o
 .debug_abbrev    0x0057d0        0x133 build/default/debug/_ext/1363575369/servoMix.o
 .debug_abbrev    0x005903        0x129 build/default/debug/_ext/1363575369/servoPrepare.o
 .debug_abbrev    0x005a2c         0x34 build/default/debug/_ext/1363575369/sonarCntrl.o
 .debug_abbrev    0x005a60        0x177 build/default/debug/_ext/1363575369/states.o
 .debug_abbrev    0x005bd7         0x9d build/default/debug/_ext/1363575369/telemetry.o
 .debug_abbrev    0x005c74        0x11f build/default/debug/_ext/1363575369/telemetry_log.o
 .debug_abbrev    0x005d93        0x12d build/default/debug/_ext/1363575369/yawCntrl.o
 .debug_abbrev    0x005ec0        0x1ef build/default/debug/_ext/1472/motorCntrl.o
 .debug_abbrev    0x0060af          0x1 build/default/debug/_ext/813967445/bittest.o
 .debug_abbrev    0x0060b0        0x10c build/default/debug/_ext/1940647236/MAVFTP.o
 .debug_abbrev    0x0061bc        0x23d build/default/debug/_ext/264835745/FSIO.o
 .debug_abbrev    0x0063f9         0x1f build/default/debug/_ext/264835745/SD-SPI.o
 .debug_abbrev    0x006418         0x1f build/default/debug/_ext/1836339082/usb_function_cdc.o
 .debug_abbrev    0x006437         0x1f build/default/debug/_ext/629040614/usb_function_msd.o
 .debug_abbrev    0x006456         0x1f build/default/debug/_ext/713068069/usb_device.o
 .debug_abbrev    0x006475         0x1f build/default/debug/_ext/713068069/usb_hal_dspic33e.o
 .debug_abbrev    0x006494         0x14 c:/program files/microchip/xc16/v2.10/bin/bin/../../lib\libc99-pic30-elf.a(divsi3.XX_o)
 .debug_abbrev    0x0064a8         0x14 c:/program files/microchip/xc16/v2.10/bin/bin/../../lib\libc99-pic30-elf.a(feqltle.XX_o)
 .debug_abbrev    0x0064bc         0x14 c:/program files/microchip/xc16/v2.10/bin/bin/../../lib\libc99-pic30-elf.a(fgtge.XX_o)
 .debug_abbrev    0x0064d0         0x14 c:/program files/microchip/xc16/v2.10/bin/bin/../../lib\libc99-pic30-elf.a(fixsfsi.XX_o)
 .debug_abbrev    0x0064e4         0x14 c:/program files/microchip/xc16/v2.10/bin/bin/../../lib\libc99-pic30-elf.a(fixunssfsi.XX_o)
 .debug_abbrev    0x0064f8         0x14 c:/program files/microchip/xc16/v2.10/bin/bin/../../lib\libc99-pic30-elf.a(floatsisf.XX_o)
 .debug_abbrev    0x00650c         0x14 c:/program files/microchip/xc16/v2.10/bin/bin/../../lib\libc99-pic30-elf.a(floatunsisf.XX_o)
 .debug_abbrev    0x006520         0x14 c:/program files/microchip/xc16/v2.10/bin/bin/../../lib\libc99-pic30-elf.a(funpack.XX_o)
 .debug_abbrev    0x006534         0x14 c:/program files/microchip/xc16/v2.10/bin/bin/../../lib\libc99-pic30-elf.a(modsi3.XX_o)
 .debug_abbrev    0x006548         0x14 c:/program files/microchip/xc16/v2.10/bin/bin/../../lib\libc99-pic30-elf.a(udivsi3.XX_o)
 .debug_abbrev    0x00655c         0x14 c:/program files/microchip/xc16/v2.10/bin/bin/../../lib\libc99-pic30-elf.a(umodsi3.XX_o)
 .debug_abbrev    0x006570         0x14 c:/program files/microchip/xc16/v2.10/bin/bin/../../lib\libc99-pic30-elf.a(addsf3x.XX_o)
 .debug_abbrev    0x006584         0x14 c:/program files/microchip/xc16/v2.10/bin/bin/../../lib\libc99-pic30-elf.a(divsf3x.XX_o)
 .debug_abbrev    0x006598         0x14 c:/program files/microchip/xc16/v2.10/bin/bin/../../lib\libc99-pic30-elf.a(mulsf3x.XX_o)
 .debug_abbrev    0x0065ac         0x14 c:/program files/microchip/xc16/v2.10/bin/bin/../../lib\libc99-pic30-elf.a(dnrmpackfx.XX_o)
 .debug_abbrev    0x0065c0         0x14 c:/program files/microchip/xc16/v2.10/bin/bin/../../lib\libc99-pic30-elf.a(unpackdnrmfx.XX_o)
 .debug_abbrev    0x0065d4         0x14 c:/program files/microchip/xc16/v2.10/bin/bin/../../lib\libc99-pic30-elf.a(typefx.XX_o)
 .debug_abbrev    0x0065e8         0x14 c:/program files/microchip/xc16/v2.10/bin/bin/../../lib\libc99-pic30-elf.a(propnanfx.XX_o)
 .debug_abbrev    0x0065fc         0x14 c:/program files/microchip/xc16/v2.10/bin/bin/../../lib\libc99-pic30-elf.a(spackfx.XX_o)
 .debug_abbrev    0x006610         0x14 c:/program files/microchip/xc16/v2.10/bin/bin/../../lib\libc99-pic30-elf.a(unpackfx.XX_o)
 .debug_abbrev    0x006624         0x14 c:/program files/microchip/xc16/v2.10/bin/bin/../../lib\libc99-pic30-elf.a(fcompare.XX_o)
 .debug_abbrev    0x006638         0x14 c:/program files/microchip/xc16/v2.10/bin/bin/../../lib\libc99-pic30-elf.a(floatdisf.XX_o)
 .debug_abbrev    0x00664c         0x14 c:/program files/microchip/xc16/v2.10/bin/bin/../../lib\libc99-pic30-elf.a(floatundisf.XX_o)
 .debug_abbrev    0x006660         0x14 c:/program files/microchip/xc16/v2.10/bin/bin/../../lib\libc99-pic30-elf.a(fpack.XX_o)
 .debug_abbrev    0x006674         0x14 c:/program files/microchip/xc16/v2.10/bin/bin/../../lib\libc99-pic30-elf.a(funpack2.XX_o)
 .debug_abbrev    0x006688         0x14 c:/program files/microchip/xc16/v2.10/bin/bin/../../lib\libc99-pic30-elf.a(deqltle.XX_o)
 .debug_abbrev    0x00669c         0x14 c:/program files/microchip/xc16/v2.10/bin/bin/../../lib\libc99-pic30-elf.a(dgtge.XX_o)
 .debug_abbrev    0x0066b0         0x14 c:/program files/microchip/xc16/v2.10/bin/bin/../../lib\libc99-pic30-elf.a(dne.XX_o)
 .debug_abbrev    0x0066c4         0x14 c:/program files/microchip/xc16/v2.10/bin/bin/../../lib\libc99-pic30-elf.a(extendsfdf.XX_o)
 .debug_abbrev    0x0066d8         0x14 c:/program files/microchip/xc16/v2.10/bin/bin/../../lib\libc99-pic30-elf.a(fixdfsi.XX_o)
 .debug_abbrev    0x0066ec         0x14 c:/program files/microchip/xc16/v2.10/bin/bin/../../lib\libc99-pic30-elf.a(floatsidf.XX_o)
 .debug_abbrev    0x006700         0x14 c:/program files/microchip/xc16/v2.10/bin/bin/../../lib\libc99-pic30-elf.a(floatunsidf.XX_o)
 .debug_abbrev    0x006714         0x14 c:/program files/microchip/xc16/v2.10/bin/bin/../../lib\libc99-pic30-elf.a(truncdfsf.XX_o)
 .debug_abbrev    0x006728         0x14 c:/program files/microchip/xc16/v2.10/bin/bin/../../lib\libc99-pic30-elf.a(mulsi3.XX_o)
 .debug_abbrev    0x00673c         0x14 c:/program files/microchip/xc16/v2.10/bin/bin/../../lib\libc99-pic30-elf.a(dpadd.XX_o)
 .debug_abbrev    0x006750         0x14 c:/program files/microchip/xc16/v2.10/bin/bin/../../lib\libc99-pic30-elf.a(dpdiv.XX_o)
 .debug_abbrev    0x006764         0x14 c:/program files/microchip/xc16/v2.10/bin/bin/../../lib\libc99-pic30-elf.a(dpmul.XX_o)
 .debug_abbrev    0x006778         0x14 c:/program files/microchip/xc16/v2.10/bin/bin/../../lib\libc99-pic30-elf.a(dpsubs.XX_o)
 .debug_abbrev    0x00678c         0x14 c:/program files/microchip/xc16/v2.10/bin/bin/../../lib\libc99-pic30-elf.a(dcompare.XX_o)
 .debug_abbrev    0x0067a0         0x14 c:/program files/microchip/xc16/v2.10/bin/bin/../../lib\libc99-pic30-elf.a(dtype.XX_o)
 .debug_abbrev    0x0067b4         0x14 c:/program files/microchip/xc16/v2.10/bin/bin/../../lib\libc99-pic30-elf.a(dunpack.XX_o)
 .debug_abbrev    0x0067c8         0x14 c:/program files/microchip/xc16/v2.10/bin/bin/../../lib\libc99-pic30-elf.a(dunpack2.XX_o)
 .debug_abbrev    0x0067dc         0x14 c:/program files/microchip/xc16/v2.10/bin/bin/../../lib\libc99-pic30-elf.a(floatdidf.XX_o)
 .debug_abbrev    0x0067f0         0x14 c:/program files/microchip/xc16/v2.10/bin/bin/../../lib\libc99-pic30-elf.a(floatundidf.XX_o)
 .debug_abbrev    0x006804         0x14 c:/program files/microchip/xc16/v2.10/bin/bin/../../lib\libc99-pic30-elf.a(umuldi3.XX_o)
 .debug_abbrev    0x006818         0x14 c:/program files/microchip/xc16/v2.10/bin/bin/../../lib\libc99-pic30-elf.a(dpack.XX_o)
 .debug_abbrev    0x00682c         0x14 c:/program files/microchip/xc16/v2.10/bin/bin/../../lib\libc99-pic30-elf.a(dpropagateNaN.XX_o)

.debug_line       0x000000       0xb5fb
 *(.debug_line)
 .debug_line      0x000000        0x1bc build/default/debug/_ext/1077471063/deadReckoning.o